
Allocating common symbols
Common symbol       size              file

_func_smObjObjShow  0x4               partialImage.o
taskSwitchTable     0x44              partialImage.o
_func_evtLogT1_noTS
                    0x4               partialImage.o
sysCplusEnable      0x4               partialImage.o
__func_type_info type_info node
                    0xc               partialImage.o
_func_spyStop       0x4               partialImage.o
workQWriteIx        0x1               partialImage.o
bad_alloc type_info node
                    0xc               partialImage.o
_func_excInfoShow   0x4               partialImage.o
sysVpd              0x200             partialImage.o
_func_evtLogReserveTaskName
                    0x4               partialImage.o
drvTable            0x4               partialImage.o
__attr_type_info type_info node
                    0xc               partialImage.o
_func_trgCheck      0x4               partialImage.o
workQReadIx         0x1               partialImage.o
fppDisplayHookRtn   0x4               partialImage.o
ioDefPath           0x100             partialImage.o
_func_taskCreateHookAdd
                    0x4               partialImage.o
_func_dspRegsListHook
                    0x4               partialImage.o
_func_tmrConnect    0x4               partialImage.o
_func_evtLogTSched  0x4               partialImage.o
vxIntStackBase      0x4               partialImage.o
_func_dspTaskRegsShow
                    0x4               partialImage.o
workQIsEmpty        0x4               partialImage.o
trgEvtClass         0x4               partialImage.o
mmuLibFuncs         0x28              partialImage.o
taskSwapTable       0x44              partialImage.o
_func_evtLogO       0x4               partialImage.o
_func_selWakeupListInit
                    0x4               partialImage.o
semMGiveKernWork    0x4               partialImage.o
trgCnt              0x4               partialImage.o
errno               0x4               partialImage.o
mmuStateTransArraySize
                    0x4               partialImage.o
_func_ioTaskStdSet  0x4               partialImage.o
_func_excIntHook    0x4               partialImage.o
kernelState         0x4               partialImage.o
_func_evtLogM1      0x4               partialImage.o
sysAdaEnable        0x4               partialImage.o
a_test_sequence_branch_cond
                    0x500             partialImage.o
_func_sigExcKill    0x4               partialImage.o
bad_typeid type_info node
                    0xc               partialImage.o
_func_bdall         0x4               partialImage.o
tickQHead           0x10              partialImage.o
_func_logMsg        0x4               partialImage.o
_func_tmrFreq       0x4               partialImage.o
S_CSD_LCAP_AT_CPU_ROTATE_RESULT
                    0x18000           partialImage.o
excMsgQId           0x4               partialImage.o
_clockRealtime      0x14              partialImage.o
_func_tmrEnable     0x4               partialImage.o
msgQDistNumMsgsRtn  0x4               partialImage.o
sysFlags            0x4               partialImage.o
_func_excPanicHook  0x4               partialImage.o
_func_spy           0x4               partialImage.o
bad_cast type_info node
                    0xc               partialImage.o
_func_remCurIdGet   0x4               partialImage.o
init_cr             0x4               partialImage.o
S_CSD_LCAP_AT_CPU_ADD_RESULT
                    0x13200           partialImage.o
a_test_sequence_load
                    0x340             partialImage.o
smObjTcbFreeFailRtn
                    0x4               partialImage.o
a_test_sequence     0x280             partialImage.o
taskBpHook          0x4               partialImage.o
sigEvtRtn           0x4               partialImage.o
_func_selTyDelete   0x4               partialImage.o
S_CSD_LCAP_AT_CPU_REG_RESULT
                    0x198             partialImage.o
_func_evtLogT0      0x4               partialImage.o
_func_tmrStampLock  0x4               partialImage.o
taskDeleteTable     0x44              partialImage.o
_func_valloc        0x4               partialImage.o
_func_evtLogM3      0x4               partialImage.o
fppCreateHookRtn    0x4               partialImage.o
_func_evtLogPoint   0x4               partialImage.o
_func_spyClkStart   0x4               partialImage.o
_func_excBaseHook   0x4               partialImage.o
S_CSD_LCAP_AT_CPU_DIV_RESULT
                    0x3000            partialImage.o
_func_tmrPeriod     0x4               partialImage.o
D_TEST              0x4               partialImage.o
__ptmf_type_info type_info node
                    0xc               partialImage.o
sysParams           0x44              partialImage.o
__array_type_info type_info node
[...]
Memory Configuration

Name             Origin             Length             Attributes
*default*        0x00000000         0xffffffff

Linker script and memory map

                0x00100000                base_rom=0x100000
                0x01000000                base_ram=0x1000000
                0x00000100                CSD_DIVERSIFICATION=0x100
                0x01000000                _size_at_ram=0x1000000

.text           0x00100000   0x236b30
 *(.applicks)
 .applicks      0x00100000       0x14 cks.o
                0x00100000                _CHECKSUM
 *(.csd_ppc_signature)
 csd_ppc_signature.o(.rodata)
 .rodata        0x00100014       0xa8 csd_ppc_signature.o
                0x00100014                csd_ppc_signature
 *fill*         0x001000bc        0x4
                0x001000c0                .=ALIGN(0x10)
 *fill*         0x001000c0      0x100
                0x001002c0                .=(.+CSD_DIVERSIFICATION)
 *(.text)
 .text          0x001001c0   0x236960 partialImage.o
                0x00148830                cst_types_duration__to_duration_cvo
                0x002e392c                interfaces__c__to_c__4
                0x0011ec4c                cbtc_fonctions_systeme__comb_calculer_etat_defaut_apres_localisation__evaluer
                0x0032347c                sigPendInit
                0x00300578                CSD_LCAP_AT_PROM
                0x00327d80                dllEach
                0x002e6050                system__arith_64__hi
                0x0014fa74                csd_lcap_signature_vle_snv__svl_csd_snvx_0_1
                0x001118dc                sysHwInit2
                0x002de80c                ada__text_io__line_length
                0x001968a4                cbtc_cap_if_app_arc__s_adresse_pas_pas_cbtc_ts_recu
                0x00119210                bsp_chien_de_garde__arreter_processeur
                0x00267d94                cbtc_lcap_cfg_pas_frontam_sc__somme_controle_pas_ats_tcs_fq_acq
                0x00336198                longjmp
                0x001ab020                cbtc_app_data_train__s_lire_offset_avant_gauche
                0x001a617c                cbtc_app_par_cf_types__t_elm_mes_sortieIP
                0x002d4864                ada__calendar__arithmetic_operations__difference
                0x001a6b2c                cbtc_app_data_cv__s_lire_tab_pae_id
                0x0030cbb0                unsigned int type_info function
                0x003356c8                _sigCtxRtnValSet
                0x003122e8                putchar
                0x001a6158                cbtc_app_par_cf_types__Tt_elm_sortie_securitaireBIP
                0x00148528                csd_vl_niveau_2__lire__2
                0x002c6724                system__tasking__rendezvous__accept_call
                0x0032a474                msgQInit
                0x001c5d4c                cbtc_app_msg_ats_tcs_acq__s_preparer_evac
                0x003026e0                _savefpr_30_l
                0x00316da4                fpTypeGet
                0x0011cc60                cbtc_fonctions_systeme__comb_g_choisir_entree_aiguille_cible_concealment_type__evaluer
                0x0010dd70                sysSerialHwInit
                0x00317adc                clock_gettime
                0x002f5d2c                system__val_util__scan_plus_sign
                0x002f0310                system__parameters__minimum_stack_size
                0x002d0a2c                system__os_interface__to_clock_ticks
                0x0026b6cc                cbtc_lcap_cfg_pas_ats_tcs_dpi_acq__gestion_messages_a_ecrire__t_pt_message_niveau_3IPX
                0x001bded8                cbtc_app_par_cf__s_lire_inv_ats_block_id
                0x002ff748                CSD_LCAP_AT_CPU_COMPARE
                0x001173a8                CSD_LCAP_Adresse_Defauts_Memorises_Etats_CSD
                0x002a5744                cbtc_lcap_pre_msg_pas_pas__presenter_messages_zc_zc_ba_en_emission
                0x002d8c1c                ada__exceptions__wide_wide_exception_name
                0x0028244c                cbtc_lcap_cfg_vl_csd_pae__lire_identifiant_utilisateur_vl_csd_snvx_cc_eqpt_psd_command
                0x0017b32c                trait_ouragan_fam55__s_executer
                0x0032c088                semCCoreInit
                0x001a79cc                cbtc_app_data_cv__s_ecrire_no_cv_cible_fct
                0x0028cbf0                cbtc_lcap_cfg_pal_ats_tcs_ltv_conf__gestion_messages_lus__nouveau_message_niveau_3X
                0x0028b3c8                cbtc_lcap_cfg_pal_ats_tcs_ltv_acq__gestion_messages_a_ecrire__pt_message_niveau_3X
                0x0015b274                cbtc_cap_aut_data__Tt_tableau_vm_entiers_o1BIP
                0x00317678                classInstConnect
                0x001ce9f4                cbtc_app_gestion_msg__s_recevoir
                0x003027b0                _restgpr_21_l
                0x00331478                windSuspend
                0x002e605c                system__arith_64__le3
                0x002e03a4                ada__text_io__look_ahead
                0x00174478                trait_ouragan_fam61__s_executer
                0x001197a8                bsp_vme__masquer_its_vme
                0x002da364                ada__tags__length
                0x00289930                cbtc_lcap_com_types_pal_frontam__t_rbinds_pal_ats_supervision_ltvIP
                0x00123e24                cbtc_fonctions_systeme__comb_g_effectuer_le_verrouillage_decroissant__evaluer
                0x00302688                _restfpr_31_l
                0x002edea4                system__finalization_root___alignment__2
                0x00289948                cbtc_lcap_com_types_pal_frontam__Tt_tab_donnees_ats_pal_tcs_ltv_confirmBIP
                0x002655d4                cbtc_lcap_cfg_pas_ats_ctx_alim_vs__t_vlr_redondee_non_de_securiteIP
                0x002ff888                CSD_LCAP_AT_CPU_CR_LOGICAL
                0x001cd180                cbtc_app_msg_mes__s_recevoir
                0x00306200                __throw_type_match
                0x0032d1d0                semMLibInit
                0x0031243c                putw
                0x00315104                strcpy
                0x00328ff8                qPriListCreate
                0x003158bc                asctime
                0x002e7410                system__exception_table__get_key
                0x0012d058                cbtc_fonctions_systeme__seq_envoyer_l_information_cdv_v__activer
                0x001a8ddc                cbtc_app_gestion_maint_types__s_adresse_donnees_maintenance
                0x001a39b0                cbtc_app_data_ze__s_lire_tab_autorisation_recuperation_electrique
                0x00327c78                dllInsert
                0x002f41c4                system__soft_links__set_jmpbuf_address_soft
                0x00116e60                setProtectionAllocation
                0x002da2e4                ada__tags__get_tagged_kind
                0x0030d524                __ashldi3
                0x002774b8                cbtc_lcap_com_types_pas_pae__t_donnees_tri_messagesIP
                0x00319a38                fioFormatV
                0x00147694                csd_lcap_vl__offset_lecture_tampon_vlr_diffusee
                0x002ead84                system__file_io__file_io_clean_up_typeIP
                0x0019b44c                cbtc_app_data_tc__s_lire_type_alarme
                0x00301eb0                intVecBaseSet
                0x002c4f7c                system__tasking__queuing__dequeue_head
                0x002714c8                cbtc_lcap_cfg_pas_ats_tcs_fq_acq__gestion_messages_a_ecrire__pt_message_niveau_3X
                0x001ca9a8                cbtc_lcap_com_types_vl_init_cier__Tt_alignement_message_init_vl_cier_frontamBIP
                0x00336360                qJobTerminate
                0x002f721c                __gnat_os_exit
                0x00261b74                cbtc_lcap_com_types_pas_frontam__t_rbids_ats_pas_tcs_evac_confirmIP
                0x0019b060                cbtc_app_data_tc__s_ecrire_offset_pk_debut_tc_en_cours
                0x002f704c                __gnat_to_canonical_file_list_next
                0x002dc6dc                ada__text_io__read__2
                0x001f5638                cbtc_app_maintenance_mes__s_get_valeur_restrictive
                0x001244a0                cbtc_fonctions_systeme__comb_s_calculer_les_entrees_allouer_le_cv__evaluer
                0x0028f458                cbtc_lcap_cfg_pas_sam_maint_ess__nouvelle_vle_non_de_securite
                0x00191714                cbtc_cap_if_app_arc__s_adresse_pas_ats_supervision
                0x003355d4                sigsetjmp
                0x002745d8                cbtc_lcap_cfg_pas_ats_tcs_sqv_acq__t_vle_csqIP
                0x0012bdc0                cbtc_fonctions_systeme__seq_g_assister_du_decroissant__activer
                0x002e0304                ada__text_io__set_input
                0x001a1fd8                cbtc_app_data_secteur_types__Tt_tab_zone_sens_marcheBIP
                0x002e3738                interfaces__c__char16_arrayIP
                0x00335ed4                expm1
                0x002d9e88                ada__tags__select_specific_dataIP
                0x001aafbc                cbtc_app_data_train__s_lire_surveillance_evacuation_en_cours
                0x001a6404                cbtc_app_data_cv_types__Tt_tab_occupation_cvBIP
                0x002bf364                system__task_primitives__operations__finalize_lock__2
                0x001a620c                cbtc_app_par_cf_types__t_desc_bit_aide_operation_eqpt_solIP
                0x00277398                cbtc_lcap_com_types_pas_pae__t_donnees_pae_eqpt_suiviIP
                0x00182884                trait_ouragan_fam49__s_executer
                0x0032a2d4                msgQCreate
                0x0028f2cc                cbtc_lcap_cfg_pas_sam_maint_ess__gestion_messages_a_ecrire__t_pt_message_niveau_3IPX
                0x002be4dc                system__interrupt_management__signal_listIP
                0x0030c188                long long type_info function
                0x001d647c                cbtc_lcap_cfg_types_maint_mes__s_adresse_donnees_maintenance
                0x002d86a4                __gnat_transfer_occurrence
                0x001169cc                BSP_CSD_PPC_Wdog_Arreter_Processeur
                0x00246364                cbtc_lcap_cfg_types_maint_pas__s_adresse_donnees_maintenance
                0x001b6e08                cbtc_app_calc_elab_aig__Tt_pos_sur_aig_coteBIP
                0x0031025c                fabs
                0x002cde54                system__tasking__protected_objects__entries___size__2
                0x0025c998                cbtc_lcap_com_types_pas_mes__Tt_tab_identifiant_ul_utilisateurBIP
                0x0032e680                taskDeleteForce
                0x002e4f60                interfaces__c__to_ada__12
                0x002c4d7c                system__task_primitives__rts_lockIP
                0x00290b2c                cbtc_lcap_cfg_pas_sam_maint_pae__gestion_messages_a_ecrire__nouveau_message_niveau_3X
                0x0012647c                cbtc_fonctions_systeme__comb_calculer_cible_mobile_cv_plus_restrictive__evaluer
                0x00245988                cbtc_app_maintenance_pae__Tt_tab_bitsBIP
                0x00317370                cacheDrvFlush
                0x00261ce8                cbtc_lcap_com_types_pas_frontam__t_donnees_pas_ats_tcs_sqv_acqIP
                0x0019b8b0                cbtc_app_data_tc__s_lire_msg_rejet_conf_ltv
                0x00304f1c                log
                0x001165f8                BSP_CSD_PPC_Spi_Write_Si_Low
                0x002f3770                system__storage_elements__dummy_communication_blockIP
                0x002ba54c                system__interrupts__is_reserved
                0x0026f344                cbtc_lcap_cfg_pas_ats_tcs_evac_cmd(long, int, long double,...)
                0x0019efa8                cbtc_app_data_ligne__s_ecrire_tab_autorisation_destruction_iti_par_stop_assure
                0x0011e0e0                cbtc_fonctions_systeme__comb_propager_l_etat_materiel__evaluer
                0x002ead58                system__file_io__file_io_clean_up_typeSR__2
                0x00108450                sysMv64360Cpu0SyncBarrier
                0x00199d30                cbtc_app_data_ltv__s_initialiser_cycle
                0x0010e494                sysTimestampFreq
                0x00110a00                sysAuxClkDisable
                0x001aae5c                cbtc_app_data_train__s_lire_date_integrite
                0x0027f13c                cbtc_lcap_cfg_pas_pae_stop_assure__t_vlr_csq_redondeeIP
                0x002743b8                cbtc_lcap_cfg_pas_ats_tcs_sqv_acq__gestion_messages_a_ecrire__pt_message_niveau_3X
                0x00326128                bcmp
                0x00305280                sqrt
                0x00117138                Dump_Memoire_En_Cours
                0x002baaec                system__interrupts__block_interrupt
                0x001116a4                sysDramSize
                0x0011517c                sysL3itcr1Get
                0x002fa0c8                ada__text_io__generic_aux__load__2
                0x002a9d38                cbtc_lcap_cfg_pas_pas__Tt_tab_vlr_pas_pas_cbtc_tsBIP
                0x002e7f28                system__file_io__temp_file_recordIP
                0x0028e498                cbtc_lcap_com_types_pas_sam__Tt_maint_pas_atsBIP
                0x001a785c                cbtc_app_data_cv__s_ecrire_pae_operationnel
                0x001a3aac                cbtc_app_data_ze___elabs
                0x002bef24                system__task_primitives__operations__unlock_rts
                0x0017ebb8                trait_ouragan_fam52__s_executer
                0x0014efcc                csd_lcap_lcvo_vl__nom_ul_csd_nsvrx
                0x00130030                cbtc_fonctions_systeme__seq_calculer_tempo_entree__activer
                0x002ba564                system__interrupts___elabs
                0x002e71dc                system__exception_table__exception_htable__TtableBIPXn
                0x001cd234                cbtc_app_msg_ats__Tt_nb_msg_telecommandeBIP
                0x002d42cc                ada__calendar__arithmetic_operations__subtract
                0x00335604                setjmp
                0x002bec0c                system__task_primitives__operations__get_priority
                0x002ba468                system__interrupts__P18bIP
                0x00191000                cbtc_cap_if_app_arc__t_pas_ats_tcs_block_acqIP
                0x00138de4                cbtc_fonctions_systeme__comb_allouer_le_cv__evaluer
                0x0015d514                trait_ouragan_fam89__s_executer
                0x001d0304                csd_lcap_vl_sam__csd_lcap_adresse_defauts_memorises_exception
                0x002998a4                cbtc_lcap_pre_msg_pas_pae__Tt_tab_pas_pae_synchroBIP
                0x002870a4                cbtc_lcap_cfg_pal_pas_ctx_ltv_emi__nouvelle_vle_csq
                0x002f0944                system__string_ops_concat_3__str_concat_3
                0x00148ecc                csd_messagerie_niveau_3__Tt_noms_ul_csd_cplxBIP
                0x0030f43c                cosh
                0x002e6790                system__arith_64__scaled_divide
                0x002bf188                system__task_primitives__operations__unlock__2
                0x0013f43c                csd_lcap_bsp__bsp_cme_csd_voie_2__initialiser_rxX
                0x002e3bb4                interfaces__c__to_c__9
                0x002cdd88                system__tasking__protected_objects__entries__protected_entry_body_arrayIP
                0x0029e178                cbtc_lcap_pre_itf_architecture__gerer_indice_msg_pas_pal_ctx_ltv_in
                0x00282518                cbtc_lcap_cfg_vl_csd_pae__lire_identifiant_utilisateur_vl_csd_snvx_pae_pas_stop_assure
                0x0019a038                cbtc_app_data_ltv__s_ecrire_etat_automate_parametre_ltv
                0x0018eadc                cbtc_cap_aut__Tt_tab_cdv_es4BIP
                0x0032d444                semMCoreInit
                0x002d9434                ada__finalization___size__4
                0x0019f52c                cbtc_app_data_ligne__s_ecrire_train_hold
                0x002f747c                __gnat_locate_regular_file
                0x0014bef0                csd_lcap_allocation_vmc__gst_mapping_vmc__vers_element__2
                0x0011f09c                cbtc_fonctions_systeme__comb_propager_discrimination_assistee__evaluer
                0x002f0848                system__secondary_stack___elabb
                0x0012f258                cbtc_fonctions_systeme__seq_gerer_la_temporisation_de_maintien_du_verrouillage__activer
                0x0010606c                pciAutoAddrAlign
                0x002da4a0                ada__tags__external_tag_htable__removeXn
                0x001532cc                csd_vl_niveau_3__nouvelle_vlr_redondee
                0x0014661c                csd_vl_niveau_1__nouvelle_vl_triple__2
                0x00145ff0                csd_vl_niveau_1__nouvelle_vle
                0x00261d24                cbtc_lcap_com_types_pas_frontam__Tt_tab_donnees_ats_pas_tcs_dpiBIP
                0x00310a78                __sflags
                0x00335634                _sigCtxSave
                0x00313150                tmpfile
                0x001195c4                bsp_nvram__read
                0x00148b2c                csd_lcap_lcvo_types_de_base__t_rbids_atIP
                0x00302704                _restgpr_18
                0x00147ff4                csd_vl_niveau_2__nouvelle_vlr__2
                0x00190f04                cbtc_cap_if_app_arc__t_zc_zc_ba_emisIP
                0x0028d22c                cbtc_lcap_cfg_pal_frontam__generer_message_pal_ats_tcs_ltv_acq
                0x00329794                rngNBytes
                0x002f03d4                system__restrictions__rident__restrictions_infoIP
                0x0025ca58                cbtc_lcap_com_types_pas_mes__Tt_tab_etats_liaisons_pas_mesBIP
                0x0011904c                cst_types_de_base__t_octets_non_signesIP
                0x002ed9c0                system__finalization_implementation__limited_record_controllerSW
                0x0029e590                cbtc_lcap_pre_itf_application___elabb
                0x0030d624                __divdi3
                0x002968a0                cbtc_lcap_com_gestion_vmc_pas__s_mnv_data_address
                0x001a6784                cbtc_app_data_cv__s_lire_no_cv_cible_fct
                0x0030a3ec                __class_type_info::dcast(type_info const &, int, void *, type_info const *, void *) const
                0x0031e300                ioctl
                0x003220a0                pause
                0x00190fd0                cbtc_cap_if_app_arc__t_ats_pas_tcs_evac_confirmIP
                0x00119504                bsp_chien_de_garde__initialiser_chien_de_garde
                0x0031e508                writev
                0x0019e08c                cbtc_app_data_ligne__s_lire_aig_cible_est_a_droite
                0x0011e2a0                cbtc_fonctions_systeme__comb_pre_propager_l_etat_materiel__evaluer
                0x001a67e8                cbtc_app_data_cv__s_lire_pae_sens_marche
                0x0025b364                cbtc_lcap_com_types_frontam___elabs
                0x002d6048                __gnat_tailored_exception_information
                0x002ce908                system__tasking__protected_objects__operations__complete_entry_body
                0x00262b64                cbtc_lcap_com_types_pas_frontam__s_adresse_donnees_ats_pas_tcs_sqv_confirm_par_defaut
                0x0010e3d8                sysClkRateGet
                0x002eec44                system__img_biu__set_image_based_integer
                0x001bdd54                cbtc_app_par_cf__s_lire_tab_troncon_voie
                0x0026cc34                cbtc_lcap_cfg_pas_ats_tcs_dpi_conf__gestion_messages_lus__pt_message_niveau_3X
                0x003027ec                _restgpr_28_l
                0x0014a8e4                csd_lcap_allocation_cte__offset_cte_io__put__2X
                0x001734ec                trait_ouragan_fam62__s_executer
                0x0013ec58                csd_lcap_bsp__installer_it_vme_depuis_cvoa
                0x002d85f0                ada__exceptions__save_occurrence_no_private
                0x002ba514                system__interrupts__registered_handlerIP
                0x001a6224                cbtc_app_par_cf_types__Tt_liste_pas_non_palBIP
                0x001a4058                cbtc_app_data_ze__s_memoriser_alarme_dpi
                0x00110430                sysMv64360AuxClkStart
                0x002de8dc                ada__text_io__set_page_length
                0x00190fc4                cbtc_cap_if_app_arc__t_ats_pas_tcs_evac_cmdIP
                0x001a63bc                cbtc_app_data_train_types__t_donnees_cibleIP
                0x001965ec                cbtc_cap_if_app_arc__s_adresse_pas_pas_cbtc_ts_emis
                0x0019106c                cbtc_cap_if_app_arc__t_ats_pas_tcs_ltv_confirmIP
                0x00190f7c                cbtc_cap_if_app_arc__Tt_tab_ligne_offset_pkBIP
                0x0029ffd4                cbtc_lcap_pre_itf_application__s_lire_info_msg_ats_pas_tcs_dpi_confirm
                0x0013d678                cbtc_fonctions_systeme__comb_division_entiere__evaluer
                0x002f041c                system__restrictions__tasking_allowed
                0x00152f98                csd_vl_niveau_3__nouvelle_vlr__2
                0x002ffee8                CSD_LCAP_AT_CPU_REG
                0x0014494c                csd_vl_niveau_1__t_indicateur_presence_messageRP
                0x00328b4c                qPriBMapDelete
                0x0011208c                sysOutByte
                0x0027dc3c                cbtc_lcap_cfg_pas_pae_psd_supervision__gestion_messages_a_ecrire__t_pt_message_niveau_3IPX
                0x001a40b4                cbtc_app_data_ze__s_train_possede_alarme_evac_acquittable
                0x002ede2c                system__finalization_root__empty_root_controlledSR
                0x002bec3c                system__task_primitives__operations__check_no_locks
                0x001a5f48                cbtc_app_par_cf_types__Tt_tab_inv_segmentBIP
                0x002d7f98                __gnat_rcheck_07
                0x002d7f08                __gnat_rcheck_03
                0x002916d4                cbtc_lcap_cfg_pas_sam_maint_pas__gestion_messages_a_ecrire__nouveau_message_niveau_3X
                0x0028a4a8                cbtc_lcap_cfg_pal_ats_sup_ltv(...)(char, long double, int, long double,...)
                0x0019eddc                cbtc_app_data_ligne__s_lire_tab_acquittement_alarme_fq
                0x0011d4cc                cbtc_fonctions_systeme__comb_g_calculer_cdv_amont_terrain__evaluer
                0x002c4eec                system__tasking__queuing__dequeue_call
                0x0025e060                cbtc_lcap_cfg_pas_mes_entree_sig_long__t_vl_interneIP
                0x00176bbc                trait_ouragan_fam60__s_executer
                0x00148f08                csd_messagerie_niveau_3__identifiant_ul_csd_cplx
                0x00315588                strtok_r
                0x00333188                sys_free
                0x00119548                bsp_io__installer_it_externe
                0x00330798                tickAnnounce
                0x00261b14                cbtc_lcap_com_types_pas_frontam__Tt_tab_etat_zone_equipeeBIP
                0x0032826c                qFifoDelete
                0x001bdb74                cbtc_app_par_cf__s_lire_pas_cbtc_ts_recu
                0x00261c10                cbtc_lcap_com_types_pas_frontam__t_donnees_ats_pas_tcs_sqv_confirmIP
                0x002fc1c0                CSD_LCAP_AT_CPU_TEST_RRRSH
                0x0010d518                sysTempeRegInit
                0x00111988                sysProcNumSet
                0x0026b744                cbtc_lcap_cfg_pas_ats_tcs_dpi_acq(...)(char, long double, int, long double,...)
                0x00328120                lstFind
                0x002dfe80                ada__text_io__skip_page__2
                0x001294ec                cbtc_fonctions_systeme__comb_detecter_la_panne_de_dp__evaluer
                0x00320320                objFree
                0x0019f3cc                cbtc_app_data_ligne__s_ecrire_block_reverse_direction_lk
                0x00277440                cbtc_lcap_com_types_pas_pae__t_donnees_pas_pae_variants_bfIP
                0x0019a550                cbtc_app_data_ltv__s_lire_identificateur_pas
                0x0018cff4                trait_ouragan_fam25__s_executer
                0x0029618c                cbtc_lcap_cfg_pal_pas__acquerir_message_pal_pas_ctx_applicable_ltv
                0x0025b818                cbtc_lcap_com_ats_eqpt_hlf_sol(long, int, long double,...)
                0x001120c0                sysBusTas
                0x0019e424                cbtc_app_data_ligne__s_lire_alarme_fq_acquittable
                0x001a6374                cbtc_app_data_train_types__Tt_tab_defaut_suiviBIP
                0x00130fa4                cbtc_fonctions_systeme__seq_verifier_fraicheur__activer
                0x002da2d0                ada__tags__get_rc_offset
                0x0018eb30                cbtc_cap_aut__Tt_tab_dp_es4BIP
                0x002d0c70                system__os_interface__task_stop
                0x002806f0                cbtc_lcap_cfg_pas_pae_variants_bf__gestion_messages_a_ecrire__pt_message_niveau_3X
                0x001a5f24                cbtc_app_par_cf_types__t_elm_cvIP
                0x001a29e4                cbtc_app_data_secteur__s_ecrire_date
                0x00147a88                csd_sam_vl__creer_table_configuration_sam
                0x001a3104                cbtc_app_data_ze_types__Tt_tab_temoin_tensionBIP
                0x00119064                cst_types_de_base__t_mots_non_signesIP
                0x00261bf8                cbtc_lcap_com_types_pas_frontam__t_donnees_ats_pas_tcs_sqvIP
                0x0019e440                cbtc_app_data_ligne__s_lire_alarme_sqv_1_acquittable
                0x002e15e8                ada__text_io__get_line__2
                0x002d4c08                ada__exceptions__Ttracebacks_arrayBIP
                0x0033538c                fppTaskRegsSet
                0x0029e238                cbtc_lcap_pre_itf_architecture__gerer_indice_msg_pas_pas_cbtc_ts_in
                0x0012dcfc                cbtc_fonctions_systeme__seq_g_proteger_des_destructions__activer
                0x003192ac                printf
                0x00142158                cst_messagerie__t_messageIP
                0x001af798                cbtc_app_msg_pae_fq_emis__s_preparer_msg
                0x002915c4                cbtc_lcap_cfg_pas_sam_maint_pas__gestion_messages_a_ecrire__t_pt_message_niveau_3IPX
                0x002de098                ada__text_io__afcb_allocate__2
                0x002cde44                system__tasking__protected_objects__entries___alignment__2
                0x002703b0                cbtc_lcap_cfg_pas_ats_tcs_evac__generer_message_pas_ats_tcs_evac_acq
                0x0028d9a4                cbtc_lcap_cfg_pal_frontam__acquerir_message_ats_pal_tcs_ltv
                0x00283a84                cbtc_lcap_cfg_pas_pas_ba_emi__gestion_messages_a_ecrire__nouveau_message_niveau_3X
                0x0014c17c                csd_lcap_allocation_vmc__gst_mapping_vmc__precedent
                0x003199e4                vsprintf
                0x002df240                ada__text_io__put_line
                0x002c4618                system__tasking__activation_chainIP
                0x001acd24                cbtc_app_data_train__s_ecrire_localisation
                0x0011e598                cbtc_fonctions_systeme__comb_gerer_oti_cdv__evaluer
                0x0025bd48                cbtc_lcap_com_sam_maint_ats(...)(char, long double, int, long double,...)
                0x00302724                _restgpr_26
                0x002ed224                system__finalization_implementation__deep_tag_attach
                0x0029647c                cbtc_lcap_com_gestion_vmc_pas__t_mnv_data_storageIP
                0x0019d650                cbtc_app_data_ligne_types__Tt_tab_modes_inhibitionBIP
                0x0013e950                csd_lcap_bsp__bsp_cme_csd_voie_1__t_vmeconfIPX
                0x00101d88                pciInt
                0x002bb968                system__interrupts__dynamic_interrupt_protectionDF
                0x0011f02c                cbtc_fonctions_systeme__comb_calculer_discrimination_assistee_selon_type__evaluer
                0x003185d4                utime
                0x00302778                _savegpr_27
                0x0019f0d4                cbtc_app_data_ligne__s_ecrire_tab_tm_enc_dep_non_lib
                0x0019d548                cbtc_app_data_ligne_types__Tt_tab_occupation_zone_approcheBIP
                0x00148888                cst_types_duration__to_duration_csd
                0x00119070                cst_types_de_base__t_long_mots_signesIP
                0x00302644                _restfpr_21_l
                0x0028e8b0                cbtc_lcap_cfg_pas_sam_maint_ats__nouvelle_vle_non_de_securite
                0x00277428                cbtc_lcap_com_types_pas_pae__t_donnees_pas_pae_ltvIP
                0x002ce018                system__tasking__protected_objects__entries__lock_entries__2
                0x00261c88                cbtc_lcap_com_types_pas_frontam__t_donnees_pas_ats_tcs_dpi_acqIP
                0x00191078                cbtc_cap_if_app_arc__t_pas_ats_tcs_ltv_acqIP
                0x00143b04                csd_vl_niveau_1__t_descripteur_vl_tripleIP
                0x00298848                cbtc_lcap_pre_msg_pas_frontam__presenter_message_ats_pas_ctx_zones_equip_en_reception
                0x001b3db8                cbtc_app_msg_pae_variants__s_preparer_bf
                0x002f168c                system__stack_usage__pop_index_step_for
                0x00142624                bsp_bouchon(long, int, long double,...)
                0x0013be6c                cbtc_fonctions_systeme__comb_calculer_distances_et_localisations__evaluer
                0x0027747c                cbtc_lcap_com_types_pas_pae__t_donnees_pas_pae_synchroIP
                0x0026f2b0                cbtc_lcap_cfg_pas_ats_tcs_evac_cmd__t_vl_interneIP
                0x001d6ca8                cbtc_lcap_cfg_types_maint_mes__s_adresse_nombre_donnees_autorisees
                0x0031dbdc                hashTblEach
                0x00116df8                checkProtectionAllocation
                0x00267128                cbtc_lcap_cfg_pas_ats_supervision__t_vl_interneIP
                0x002f4190                system__soft_links__get_stack_info_nt
                0x0029f868                cbtc_lcap_pre_itf_application__s_lire_info_msg_ats_ctx_annulation_cra
                0x002f8964                __gnat_fileno
                0x002863f4                cbtc_lcap_com_types_pal_pas__t_rbids_pas_pal_ctx_applique_ltv_brutIP
                0x00104034                pciAutoRegConfig
                0x002d9ee4                ada__tags__dispatch_table_wrapperIP
                0x001d5b90                cbtc_lcap_com_types_cbtc__t_presence_messageRP
                0x00324874                tyDevRemove
                0x0010feec                m48t37FailsafeCancel
                0x002ce67c                system__tasking__protected_objects__operations__enqueued
                0x0030271c                _restgpr_24
                0x00318ff0                excInit
                0x001cef84                csd_lcap_vl_sam__memoriser__7
                0x003026d4                _savefpr_27_l
                0x00107eb0                sysMotProdConfigGet
                0x001099ac                sysIsPciX
                0x001cc908                cbtc_app_msg_pas__s_recevoir
                0x00312c2c                __sseek
                0x001c0ea0                cbtc_app_msg_services__s_convertir_id_train_aligne_en_premier_id_cc
                0x001a2110                cbtc_app_data_secteur__s_lire_date_zc_zc_ba
                0x001a62d8                cbtc_app_data_train_types__Tt_tab_immobileBIP
                0x0032a1fc                kernelVersion
                0x0026b908                cbtc_lcap_cfg_pas_ats_tcs_dpi_acq__t_vle_csqIP
                0x001b2004                cbtc_app_aut_conversion__s_convertir_lmns_vers_sens
                0x001a3d94                cbtc_app_data_ze__s_ecrire_controle_sqv_actif
                0x0018d0a8                trait_ouragan_fam24__s_executer
                0x002a67b4                cbtc_lcap_cfg_pas_frontam__Tt_conv_crBIP
                0x002c43cc                system__tasking__E7sIP
                0x001539a0                csd_vl_niveau_3__t_descripteur_vleIP
                0x001a28ac                cbtc_app_data_secteur__s_ecrire_date_zc_zc_ba
                0x002fa5d8                ada__text_io__generic_aux__load_skip
                0x002da1f8                ada__tags__is_primary_dt
                0x0014c1a4                csd_lcap_allocation_vmc__gst_mapping_vmc__suivant
                0x001a6494                cbtc_app_data_cv_types__Tt_tab_immobileBIP
                0x002e60fc                system__arith_64__raise_error
                0x00191150                cbtc_cap_if_app_arc__Tt_tab_ligne_id_voie_pccBIP
                0x0031706c                cacheInvalidate
                0x00261cf4                cbtc_lcap_com_types_pas_frontam__Tt_tab_donnees_ats_pas_ctx_interdiction_modeBIP
                0x001a3a14                cbtc_app_data_ze__s_ecrire_tab_localisation_perte_integrite
                0x00129fcc                cbtc_fonctions_systeme__seq_g_autoriser_l_entree_en_station__activer
                0x00327a8c                bootScanNum
                0x00112084                sysInByte
                0x002ebd08                system__finalization_implementation___alignment
                0x0014ca54                csd_lcap_allocation_vmc__offset_vmc_io__get__2X
                0x00320cac                rebootHookAdd
                0x003079b8                exception::what(void) const
                0x0028270c                cbtc_lcap_cfg_vl_csd_pae__lire_identifiant_utilisateur_vl_csd_snvx_pae_pas_synchro
                0x00120e24                cbtc_fonctions_systeme__comb_determiner_double_discrimination__evaluer
                0x002e8248                system__file_io__check_file_open
                0x001a6dcc                cbtc_app_data_cv__s_lire_tab_pae_stop_assurance
                0x0010e594                sysAlarmCancel
                0x002e2a30                ada__text_io__integer_aux__gets_lli
                0x002a57c0                cbtc_lcap_pre_msg_pas_mes__Tt_tab_pas_mes_sortie_sigBIP
                0x00288390                cbtc_lcap_cfg_pal_pas_sup_ltv_emi__gestion_messages_a_ecrire__t_pt_message_niveau_3IPX
                0x00287b70                cbtc_lcap_cfg_pal_pas_ctx_ltv_rec__gestion_messages_lus__pt_message_niveau_3X
                0x001f5fa4                cbtc_lcap_cfg_types_maint_pae__Tt_tab_contenu_donnee_maintenanceBIP
                0x0013f290                csd_lcap_bsp__bsp_cme_csd_voie_2__initialiser_txX
                0x00329188                qPriListRemove
                0x002650fc                cbtc_lcap_cfg_pas_ats_ctx_alim_vs(long, int, long double,...)
                0x001a3378                cbtc_app_data_ze__s_lire_id_train
                0x0030fbb0                logb
                0x002f8b88                __gnat_get_task_options
                0x001a5f84                cbtc_app_par_cf_types__t_elm_quaiIP
                0x00319384                printErr
                0x00269d0c                cbtc_lcap_cfg_pas_ats_tcs_block_conf__t_vl_interneIP
                0x002beeac                system__task_primitives__operations__write_lock
                0x001a6038                cbtc_app_par_cf_types__Tt_tab_cv_zeBIP
                0x00313244                ungetc
                0x002f992c                ada__text_io__generic_aux__nextc
                0x00294c5c                cbtc_lcap_cfg_sam__Tt_presence_messageBIP
                0x00119588                bsp_io__reset_b
                0x002f8b74                __gnat_ttyname
                0x0019dfac                cbtc_app_data_ligne__s_lire_kag_g
                0x00199ea8                cbtc_app_data_ltv__s_ecrire_date_confirmation_ack_all_psd_alarms
                0x00329fac                smUtilIntRoutine
                0x0030b3d4                type_info::before(type_info const &) const
                0x00159004                csd_lcap_nvram__adresse_de_sdv
                0x00190fdc                cbtc_cap_if_app_arc__t_pas_ats_tcs_evac_acqIP
                0x002eb988                system__file_io__make_unbuffered
                0x00295ebc                cbtc_lcap_cfg_pal_pas__Tt_g_tab_vlr_pal_pas_ctx_applicable_ltvBIP
                0x00274094                cbtc_lcap_cfg_pas_ats_tcs_fq__s_initialiser
                0x003190c0                excHookAdd
                0x002c36cc                system__tasking__initialization__final_task_unlock
                0x002702f8                cbtc_lcap_cfg_pas_ats_tcs_evac_conf__t_vlr_csq_redondeeIP
                0x0013e980                csd_lcap_bsp__bsp_cme_csd_voie_2__t_txcomIPX
                0x002bba00                system__interrupts__install_handlers
                0x002df878                ada__text_io__page_length
                0x0032b928                semBCoreInit
                0x002c12ac                system__tasking__debug__get_user_state
                0x00142f58                csd_bouchon__t_informations_bouchonIP
                0x0010c0bc                sysTempeIntEnable
                0x0033210c                windUndelay
                0x002c11f8                system__tasking__debug__Ttrace_flag_setBIP
                0x0030bdd0                __rtti_ptmd
                0x002f70d8                get_gcc_version
                0x002a700c                cbtc_lcap_cfg_pas_frontam__acquerir_message_ats_pas_ctx_zones_equip
                0x0026cbc8                cbtc_lcap_cfg_pas_ats_tcs_dpi_cmd__t_vlr_csq_redondeeIP
                0x002ebd2c                system__finalization_implementation___alignment__2
                0x002d816c                __gnat_rcheck_20
                0x001b2364                cbtc_app_aut_conversion__s_adresse_conversion_booleen_vers_etat_bouton
                0x0011cac4                cbtc_fonctions_systeme__comb_choisir_entree_cdv_int__evaluer
                0x002f0144                system__os_primitives__timed_delay
                0x0029dec8                cbtc_lcap_pre_itf_architecture__gerer_indice_msg_zc_zc_ba_out
                0x00277494                cbtc_lcap_com_types_pas_pae__t_donnees_eqpt_cc_psd_supervisionIP
                0x001cc8c4                cbtc_app_msg_pas__s_emettre
                0x002f163c                system__stack_usage__task_resultIP
                0x00142240                cst_messagerie__nouveau_message
                0x002ddf4c                ada__text_io__create
                0x0019ee80                cbtc_app_data_ligne__s_lire_tab_block_reverse_direction_lk
                0x002b8cfc                csd_lcap_it_cvob__t_tache_it_cvobB
                0x00116544                BSP_CSD_PPC_Spi_Write_Sck_Low
                0x001b8834                cbtc_app_par_cf_gen__s_adresse_inv_etat_alim_vs
                0x0010d5b4                sysTempeBaseAdrsGet
                0x002f70f8                __gnat_binder_supports_auto_init
                0x0019115c                cbtc_cap_if_app_arc__t_pas_ats_supervision_ltvIP
                0x00126d20                cbtc_fonctions_systeme__comb_s_calculer_la_zc_nv_mal__evaluer
                0x0011cb84                cbtc_fonctions_systeme__comb_g_calculer_etat_intermediaire_aiguille_cible__evaluer
                0x00119714                bsp_vme__adresse_base_vme_a24d16
                0x001c9188                cbtc_app_calc_delocalisation__t_elm_cvs_a_traiterIP
                0x0032b33c                reschedule
                0x002e5fe8                system__arith_64__Odivide
                0x00321978                sigemptyset
                0x0028e468                cbtc_lcap_com_types_pas_sam__t_donnees_messagesIP
                0x0019ef90                cbtc_app_data_ligne__s_ecrire_tab_autorisation_destruction_iti_par_passage
                0x0019d494                cbtc_app_data_ligne_types__Tt_tab_emergency_stop_requestBIP
                0x002f4040                system__soft_links__adafinal_nt
                0x001195b8                bsp_io__inverser_b
                0x001bda3c                cbtc_app_par_cf__s_lire_seg_cv
                0x00303be0                mathHardInit
                0x002e804c                system__file_io__file_io_clean_up_typeDA__2
                0x00285b24                cbtc_lcap_cfg_pas_pas_rec__gestion_messages_lus__pt_message_niveau_3X
                0x0014d370                csd_lcap_allocation_vmc__gst_mapping_vmc__inserer_fin
                0x0012cacc                cbtc_fonctions_systeme__seq_s_fiabiliser_les_destructions_par_passage__activer
                0x00307a90                bad_exception type_info function
                0x00318f6c                errnoSet
                0x00191024                cbtc_cap_if_app_arc__t_pas_ats_tcs_fq_acqIP
                0x0011cb5c                cbtc_fonctions_systeme__comb_choisir_entree_aiguille_cible_sens__evaluer
                0x0030b0a4                __class_type_info::~__class_type_info(void)
                0x002f3764                system__storage_elements__storage_arrayIP
                0x0011ed8c                cbtc_fonctions_systeme__comb_calculer_conditions_liberation__evaluer
                0x001191f0                cst_types_de_base__Oor__6
                0x002d9424                ada__finalization___alignment__4
                0x001a6350                cbtc_app_data_train_types__Tt_tab_directionBIP
                0x00143ae0                csd_vl_niveau_1__t_descripteur_vlrIP
                0x002f1128                system__string_ops_concat_5__str_concat_5
                0x001c3418                cbtc_app_msg_pal_ligne_ltv_in__s_gerer_automate_synchronisation_ltv
                0x0014f04c                csd_lcap_lcvo_vl__nom_ul_csd_snvx__2
                0x00116978                BSP_CSD_PPC_Wdog_Rearmer
                0x0018ce70                trait_ouragan_fam32__s_executer
                0x003151b8                strerror
                0x00296180                cbtc_lcap_cfg_pal_pas__generer_message_pas_pal_ctx_applique_ltv
                0x0015353c                csd_vl_niveau_3__nouvelle_vlr
                0x0032da8c                semMGiveKern
                0x002716e8                cbtc_lcap_cfg_pas_ats_tcs_fq_acq__t_vle_csqIP
                0x0026d4c0                cbtc_lcap_cfg_pas_ats_tcs_dpi__generer_message_pas_ats_tcs_dpi_acq
                0x001618b0                trait_ouragan_fam82__s_executer
                0x00118efc                csd_lcap_main
                0x0032de3c                taskSpawn
                0x00295f7c                cbtc_lcap_cfg_pal_pas__Tt_g_tab_vlr_pas_pal_ctx_applique_ltvBIP
                0x001a3410                cbtc_app_data_ze__s_lire_tab_localisation_perte_integrite
                0x002f8564                put_int_stderr
                0x00154b48                csd_lcap_sdv__gestion_messages_lus__pt_message_niveau_3X
                0x0030262c                _restfpr_15_l
                0x0019a258                cbtc_app_data_ltv__s_ecrire_date_reception_contexte_pas
                0x00100a9c                pciConfigBdfPack
                0x0029ee94                cbtc_lcap_pre_itf_application__s_lire_info_msg_pas_pas_cbtc_ts
                0x003292d8                qPriListInfo
                0x002bed5c                system__task_primitives__operations__resume_task
                0x0019f47c                cbtc_app_data_ligne__s_ecrire_alarme_fq
                0x00277374                cbtc_lcap_com_types_pas_pae__t_rbinds_pae_eqpt_suiviIP
                0x002dc4fc                ada__text_io__col
                0x00328cd8                qPriBMapResort
                0x002d4c14                ada__exceptions__exception_occurrenceIP
                0x002af2c0                cbtc_lcap_cfg_pas_pae__s_initialiser
                0x00323874                taskSwitchHookAdd
                0x002ebbe0                system__file_io__flush
                0x00297cc0                cbtc_lcap_pre_msg_pal_pas__presenter_message_pas_pal_ctx_applique_ltv_en_reception
                0x001a13e0                cbtc_app_data_ligne___elabb
                0x00327fd0                lstInsert
                0x0029dd70                cbtc_lcap_pre_itf_architecture__gerer_indice_msg_eqpt_cc_psd_supervision
                0x002721bc                cbtc_lcap_cfg_pas_ats_tcs_fq_cmd__gestion_messages_lus__t_pt_message_niveau_3IPX
                0x0011c444                cbtc_fonctions_systeme__comb_g_choisir_entree_aiguille_terrain_bool__evaluer
                0x00261c28                cbtc_lcap_com_types_pas_frontam__t_donnees_pas_ats_supervisionIP
                0x0028e48c                cbtc_lcap_com_types_pas_sam__Tt_infos_liaisons_pas_atsBIP
                0x0019c434                cbtc_app_data_tc___elabb
                0x00290000                cbtc_lcap_cfg_pas_sam_maint_mes__nouvelle_vle_non_de_securite
                0x00275124                cbtc_lcap_cfg_pas_ats_tcs_sqv_cmd(long, int, long double,...)
                0x001ceca8                csd_lcap_vl_sam__t_compte_rendu_traitement_msg_sdvIP
                0x0010dcb8                sysL2CacheLock
                0x001a3690                cbtc_app_data_ze__s_lire_tab_alarme_evacuation_voyageur
                0x0019d3d4                cbtc_app_data_ligne_types__Tt_tab_enc_dep_realiseBIP
                0x0013cb0c                cbtc_fonctions_systeme__comb_g_calculer_localisation_amont_joint_cdv_synthese__evaluer
                0x0011acd4                cbtc_lcap_tim_archi__Olt
                0x003026f8                _restgpr_15
                0x002e80bc                system__file_io__mode
                0x0011cf0c                cbtc_fonctions_systeme__comb_g_calculer_etat_premier_cv_cdv_amont__evaluer
                0x002d5360                ada__exceptions__exception_data__basic_exception_info_maxlengthXn
                0x00274414                cbtc_lcap_cfg_pas_ats_tcs_sqv_acq(...)(char, long double, int, long double,...)
                0x003026c8                _savefpr_24_l
                0x002dd93c                ada__text_io__delete
                0x002ac750                cbtc_lcap_cfg_pas_pae__Tt_tab_vlr_cc_eqpt_psd_commandBIP
                0x00199d54                cbtc_app_data_ltv__s_lire_contexte_etabli_ltv
                0x002eb9c8                system__file_io__make_line_buffered
                0x00110590                sysMv64360TmrCntrStart
                0x002459b0                cbtc_app_maintenance_pae__s_get_valeur_restrictive
                0x001ab130                cbtc_app_data_train__s_lire_defaut_suivi_avant_train
                0x001f62a8                cbtc_lcap_cfg_types_maint_pae__s_adresse_taille_donnees
                0x0010e014                sysSerialChanGet
                0x0012b980                cbtc_fonctions_systeme__seq_s_assister_la_du__activer
                0x001ac060                cbtc_app_data_train__s_lever_alarme_delocalisation
                0x001ac004                cbtc_app_data_train__s_lever_alarme_evacuation_voyageur
                0x001a6110                cbtc_app_par_cf_types__Tt_entree_securitaireBIP
                0x0018aaa0                trait_ouragan_fam40__s_executer
                0x0014746c                csd_vl_niveau_1__t_celluleIP
                0x001d4278                cbtc_lcap_com_types_cbtc__Tt_conv_presence_msgBIP
                0x00282c78                cbtc_lcap_com_types_pas_pas__Tt_tab_donnees_maintenance_pas_pasBIP
                0x00199f7c                cbtc_app_data_ltv__s_lire_id_voie_pcc
                0x00316fec                cacheUnlock
                0x002d9f1c                ada__tags__htable_subprograms__equalXn
                0x0011c7d8                cbtc_fonctions_systeme__comb_g_calculer_connexion_cible_entree__evaluer
                0x002714ac                cbtc_lcap_cfg_pas_ats_tcs_fq_acq__gestion_messages_a_ecrire__t_pt_message_niveau_3IPX
                0x001a01f8                cbtc_app_data_ligne__s_ecrire_kag_vi_g
                0x002f36ac                system__standard_library__exception_dataIP
                0x00120be0                cbtc_fonctions_systeme__comb_discriminer_assiste_arriere_entre_trains__evaluer
                0x00329488                rngBufGet
                0x0028e45c                cbtc_lcap_com_types_pas_sam__t_infos_vl_cap_cier_maint_essentiellesIP
                0x0010bfa8                sysMailboxConnect
                0x002e73ac                system__exception_table__exception_htable__get_nextXn
                0x0029b5c4                cbtc_lcap_pre_msg_pas_pae__presenter_message_pae_pas_stop_assure_en_reception
                0x001bdf14                cbtc_app_msg_pae_ltv__t_donnees_ltvIP
                0x001d00f4                csd_lcap_vl_sam__t_etat_cap_memoriseRP
                0x0019a8b4                cbtc_app_data_ltv__s_adresse_contexte_8_bits
                0x0014fa90                csd_lcap_traceur__reinitialiser_traceur
                0x00334d1c                excShowInit
                0x002f428c                system__soft_links__task_name_nt
                0x0028c0d8                cbtc_lcap_cfg_pal_ats_tcs_ltv_cmd__gestion_messages_lus__pt_message_niveau_3X
                0x002773a4                cbtc_lcap_com_types_pas_pae__t_rbids_pae_pas_stop_assureIP
                0x00290ad4                cbtc_lcap_cfg_pas_sam_maint_pae__gestion_messages_a_ecrire__pt_message_niveau_3X
                0x00314e18                memmove
                0x002d9768                ada__finalization__limited_controlledSO__2
                0x0019faa8                cbtc_app_data_ligne__s_ecrire_appui_bouton_demande_cra
                0x00312cc0                stdioInit
                0x00194294                cbtc_cap_if_app_arc__s_adresse_ats_pas_tcs_block_cmd
                0x00320544                pathCondense
                0x002ba30c                ada__interrupts__attach_handler
                0x00282bdc                cbtc_lcap_com_types_pas_pas__Tt_tab_info_train_compositionBIP
                0x001d3d28                csd_lcap_auto_tests__callable
                0x00112330                sysNvRead
                0x0019e608                cbtc_app_data_ligne__s_lire_etat_detecteur_passage_detaille
                0x001d4344                cbtc_lcap_com_types_cbtc__lire_id_message_cbtc
                0x00277650                cbtc_lcap_com_types_pas_pae__Tt_tab_hlsBIP
                0x00336318                qJobDelete
                0x002d9e7c                ada__tags__select_specific_data_arrayIP
                0x00262e1c                cbtc_lcap_com_types_pas_frontam__s_adresse_donnees_ats_pas_tcs_sqv_par_defaut
                0x002da858                ada__tags__register_tag
                0x00199c68                cbtc_app_data_ltv_types__Tt_tab_etat_automate_synchronisation_ltvBIP
                0x00155e68                csd_lcap_vl_vmc__Tt_tab_ctx_rxBIP
                0x0032fd50                taskUnsafe
                0x00266580                cbtc_lcap_cfg_pas_ats_sup_train__t_vl_interneIP
                0x00125f24                cbtc_fonctions_systeme__comb_calculer_la_cible_du_cv__evaluer
                0x002baf7c                system__interrupts__current_handler
                0x001cee10                csd_lcap_vl_sam__t_infos_temporellesIP
                0x001ca984                cbtc_lcap_com_types_vl_init_cier__t_message_init_vl_cier_silamIP
                0x002d8004                __gnat_rcheck_10
                0x002f7788                __gnat_locate_exec
                0x001a64dc                cbtc_app_gestion_calc__s_executer_fin_cycle
                0x00122b04                cbtc_fonctions_systeme__comb_s_calculer_les_sorties_propager_te_retournement_legitime__evaluer
                0x00119570                bsp_io__inverser_led
                0x001d42a8                cbtc_lcap_com_types_cbtc__Tt_tab_donnees_maintenance_messagesBIP
                0x001a3758                cbtc_app_data_ze__s_lire_tab_temoin_tension
                0x0019a5a0                cbtc_app_data_ltv__s_lire_nb_max_ltv_atteint_pas
                0x002d9498                ada__finalization__initialize
                0x001d39b4                csd_lcap_auto_tests__recuperer_nouveaux_at_periodiques
                0x0019b8fc                cbtc_app_data_tc__s_lire_block_override_command_id
                0x0026fdfc                cbtc_lcap_cfg_pas_ats_tcs_evac_conf__gestion_messages_lus__nouveau_message_niveau_3X
                0x00156588                csd_lcap_vle_snv__nouvelle_vle_snv
                0x00333190                sys_calloc
                0x0025d83c                cbtc_lcap_cfg_pas_mes_entree_sig__gestion_messages_lus__t_pt_message_niveau_3IPX
                0x0025ca34                cbtc_lcap_com_types_pas_mes__Tt_tab_bd_sec_vrbcBIP
                0x001b7580                cbtc_app_calc_elab_aig__s_calculer_position_aiguille_extra_cv
                0x001ab2a4                cbtc_app_data_train__s_lire_compo_train_cbtc
                0x002994ac                cbtc_lcap_pre_msg_pas_frontam__presenter_message_ats_pas_tcs_dpi_confirm_en_reception
                0x0019f324                cbtc_app_data_ligne__s_ecrire_ges
                0x00329bdc                smUtilProcNumGet
                0x0025c9bc                cbtc_lcap_com_types_pas_mes__Tt_tab_booleens_secBIP
                0x001b6c58                cbtc_app_msg_ats_contexte__s_traiter_msg_interdiction_mode
                0x0019d428                cbtc_app_data_ligne_types__Tt_tab_autorisation_recuperation_electriqueBIP
                0x0013e878                csd_ut_vl__offset_tampon_vlr_non_diffusee
                0x002e571c                interfaces__c__to_ada__6
                0x002be7d0                system__tasking__protected_objects__set_ceiling
                0x00159844                cbtc_lcap_com_calcul_sc_psc__somme_de_controle_psc
                0x001c3320                cbtc_app_msg_pal_ligne_ltv_in__Tt_ltv_existe_vers_etat_ltvBIP
                0x003079fc                exception type_info function
                0x0028e7dc                cbtc_lcap_cfg_pas_sam_maint_ats__gestion_messages_a_ecrire__pt_message_niveau_3X
                0x0031d8a4                hashTblDelete
                0x001aace4                cbtc_app_data_train__s_lire_vitesse
                0x002ba2c8                ada__interrupts__current_handler
                0x001c276c                cbtc_app_msg_services_arrondi___elabs
                0x002ac54c                cbtc_lcap_cfg_pas_pae__Tt_tab_vlr_pae_pas_synchroBIP
                0x0028ffe8                cbtc_lcap_cfg_pas_sam_maint_mes__t_vle_non_de_securiteIP
                0x002d96a8                ada__finalization__Oeq__2
                0x002da8c0                ada__tags___elabs
                0x002e015c                ada__text_io__set_line
                0x001153dc                usrBootLineInit
                0x001a7b98                cbtc_app_data_cv__s_ecrire_occupation_cv
                0x0018cf0c                trait_ouragan_fam31__s_executer
                0x001a6428                cbtc_app_data_cv_types__Tt_tab_no_canton_virtuel_etenduBIP
                0x00197bac                cbtc_cap_if_app_arc__s_adresse_pae_pas_stop_assure
                0x0010dd28                sysL2CacheUnlock
                0x0019aefc                cbtc_app_data_tc__s_initialiser_cycle
                0x00199c20                cbtc_app_data_ltv_types__Tt_tab_etat_automate_parametre_ltvBIP
                0x00335ebc                mmuPpcSdr1Set
                0x0011dbe8                cbtc_fonctions_systeme__comb_propager_fraicheur_controle_es__evaluer
                0x001b784c                cbtc_app_calc_elab_zf__s_executer
                0x001a3140                cbtc_app_data_ze_types__Tt_tab_acquittement_alarme_evacuation_voyageurBIP
                0x003026bc                _savefpr_21_l
                0x0018d2e0                trait_ouragan_fam15__s_executer
                0x002ba190                ada__interrupts__reference
                0x00119024                csd_lcap_identification__identifiant_pap
                0x0010eba8                sysFailsafeCancel
                0x002f8b68                __gnat_set_text_mode
                0x0032d244                semMCreate
                0x0011c790                cbtc_fonctions_systeme__comb_g_calculer_connexion_cible_sortie__evaluer
                0x00106a94                sysPciMaxBus
                0x002ef334                system__img_llb__set_image_based_long_long_integer
                0x0019ed48                cbtc_app_data_ligne__s_lire_tab_tm_enc_dep_non_lib
                0x0027d400                cbtc_lcap_cfg_pas_pae_psd_command__gestion_messages_lus__t_pt_message_niveau_3IPX
                0x00261bb0                cbtc_lcap_com_types_pas_frontam__t_donnees_ats_pas_tcs_block_confirmIP
                0x001a6254                cbtc_app_data_train_types__Tt_tab_longueur_trainBIP
                0x001a61dc                cbtc_app_par_cf_types__Tt_tab_msg_ats_ctx_modes_inhibitionBIP
                0x001a3128                cbtc_app_data_ze_types__Tt_tab_acquittement_alarme_sqv_2BIP
                0x00125574                cbtc_fonctions_systeme__comb_determiner_les_obstacles_fixes_sur_le_cv__evaluer
                0x00101de4                pciIntConnect
                0x0025e86c                cbtc_lcap_cfg_pas_mes_entree_sig_long__t_vlr_csq_redondeeIP
                0x002dbb3c                ada__text_io__text_afcbIP
                0x002898e8                cbtc_lcap_com_types_pal_frontam__t_rbids_ats_pal_tcs_ltv_confirmIP
                0x002c3c18                system__tasking__initialization__do_pending_action
                0x002862f8                cbtc_lcap_cfg_pas_pas_rec__t_vlr_csq_redondeeIP
                0x0013c3dc                cbtc_fonctions_systeme__comb_propager_infos_train__evaluer
                0x00132788                cbtc_fonctions_systeme__seq_g_detecter_la_panne_de_cdv__activer
                0x00128e74                cbtc_fonctions_systeme__comb_autoriser_le_depassement_de_la_cible__evaluer
                0x00302840                _savegpr_26_l
                0x00306a98                __cp_push_exception
                0x002b370c                csd_lcap_faire_un_cycle__csd_lcap_faire_un_cycle
                0x0014ae04                csd_lcap_allocation_cte__adresse_cte
                0x0031f5c0                iosOpen
                0x002a9200                cbtc_lcap_com_gestion_cbtc_eqt_pas_mes__gerer_liaisons_cbtc_mes
                0x002f629c                system__wch_jis__shift_jis_to_jis
                0x001b3384                cbtc_app_aut_conversion___elabs
                0x001a3884                cbtc_app_data_ze__s_lire_tab_acquittement_alarme_sqv_2
                0x00296f58                cbtc_lcap_par_cf_zone_id_gen___elabs
                0x002f6fbc                __gnat_set_executable
                0x001bb930                cbtc_app_par_cf_gen__s_adresse_inv_voie
                0x0032b258                msgQNumMsgs
                0x001bdacc                cbtc_app_par_cf__s_lire_zone_correction_loc
                0x0011a5b4                cbtc_lcap_tim__Ogt
                0x00302680                _restfpr_29_l
                0x0019100c                cbtc_cap_if_app_arc__t_ats_pas_tcs_fq_cmdIP
                0x0030bec8                __rtti_array
                0x0032c000                semCInit
                0x002eac24                system__file_io__file_io_clean_up_typeDF__2
                0x0019e5ec                cbtc_app_data_ligne__s_lire_acquittement_alarme_sqv_2
                0x0013ba68                cbtc_fonctions_systeme__comb_g_calculer_presence_te_sure_dp_frontiere__evaluer
                0x002e37c4                interfaces__c__is_nul_terminated__2
                0x001167ac                BSP_CSD_PPC_Vme_Masquer_Its
                0x002ce6c8                system__tasking__protected_objects__operations__update_for_queue_to_po
                0x00264124                cbtc_lcap_com_types_pas_frontam__s_adresse_donnees_ats_pas_tcs_dpi_confirm_par_defaut
                0x0019eb84                cbtc_app_data_ligne__s_lire_tab_enc_dep_realise
                0x002732a0                cbtc_lcap_cfg_pas_ats_tcs_fq__generer_message_pas_ats_tcs_fq_acq
                0x0018eaac                cbtc_cap_aut__Tt_tab_sse_booleenBIP
                0x0012905c                cbtc_fonctions_systeme__comb_definir_parametres_train_initiateur__evaluer
                0x00167264                trait_ouragan_fam7__s_executer
                0x0029e080                cbtc_lcap_pre_itf_architecture__gerer_indice_msg_pae_pas_stop_assure
                0x00292e48                cbtc_app_maintenance_frontam__s_get_valeur_restrictive
                0x00301fdc                intLockLevelSet
                0x00302720                _restgpr_25
                0x001a3d3c                cbtc_app_data_ze__s_ecrire_autorisation_marche_electrique
                0x00313964                atol
                0x002f7a40                __gnat_file_length
                0x002f5dfc                system__val_util__normalize_string
                0x00119088                cst_types_de_base__Onot
                0x001ab758                cbtc_app_data_train__s_lire_tab_direction_cible_stop_assure
                0x00318ef4                __errno
                0x0032c870                semFlush
                0x001bda84                cbtc_app_par_cf__s_lire_chemin_cv
                0x0030ab28                __user_type_info::~__user_type_info(void)
                0x00133d6c                cbtc_fonctions_systeme__comb_g_calculer_stop_assurance_ok__evaluer
                0x001970cc                cbtc_cap_if_app_arc__s_adresse_pas_pae_variants_hf
                0x00301ffc                intRegsUnlock
                0x0014eeec                csd_lcap_lcvo_vl__nom_ul_csd_nsvrx__2
                0x00131c38                cbtc_fonctions_systeme__comb_g_propager_infos_train_localise__evaluer
                0x002d325c                ada__calendar__Oadd__2
                0x0029a39c                cbtc_lcap_pre_msg_pas_pae__presenter_messages_en_emission_pas_pae_variants_hf
                0x001a3264                cbtc_app_data_ze__s_alarme_dpi_est_memorisee
                0x002a9fac                cbtc_lcap_cfg_pas_pas___elabb
                0x0027b37c                cbtc_lcap_cfg_pas_pae_cible__gestion_messages_a_ecrire__nouveau_message_niveau_3X
                0x00302410                intUnlock
                0x0025c8b4                cbtc_lcap_com_types_pas_mes__t_rbinds_simpleIP
                0x001a7d08                cbtc_app_data_cv__s_ecrire_defaut_suivi_avant_train
                0x0019f088                cbtc_app_data_ligne__s_ecrire_tab_cbtc_olz
                0x002ac6a4                cbtc_lcap_cfg_pas_pae__Tt_tab_vlr_pae_pas_stop_assureBIP
                0x00143b34                csd_vl_niveau_1__t_vlD2
                0x0032e0e8                taskInit
                0x001d4290                cbtc_lcap_com_types_cbtc__t_donnees_maintenance_voieIP
                0x00158cd0                csd_lcap_nvram__adresse_nvram_de_sdv
                0x00143b1c                csd_vl_niveau_1__t_vl_table_configurationIP
                0x00153a00                csd_lcap_at__t_at_periodiquesIP
                0x00191060                cbtc_cap_if_app_arc__t_ats_pas_tcs_ltv_cmdIP
                0x002bebb0                system__task_primitives__operations__specific__selfXnn
                0x00199d3c                cbtc_app_data_ltv__s_lire_nb_max_ltv_atteint
                0x0015b238                cbtc_cap_aut_data__Tt_tableau_sn_enumeresBIP
                0x001a0e9c                cbtc_app_data_ligne__s_adresse_contexte
                0x0018cfb0                trait_ouragan_fam27__s_executer
                0x0031f56c                iosDelete
                0x002b9448                csd_lcap_it_cvob__t_tache_it_cvobVIP
                0x00261c64                cbtc_lcap_com_types_pas_frontam__Tt_tab_alarmes_evacuation_acquittablesBIP
                0x001a6f70                cbtc_app_data_cv__s_lire_tab_pae_alarme_delocalisation
                0x00155c3c                csd_lcap_vl_vmc__memoriser_les_contextes
                0x001369b0                cbtc_fonctions_systeme__comb_determiner_le_franchissement_du_signal__evaluer
                0x00326fc8                bootBpAnchorExtract
                0x001beaf8                cbtc_app_par_fc_gen__s_adresse_tempo_confirmation_tcs
                0x001d1dec                csd_lcap_synthese_it_cvo__callable
                0x0015299c                csd_vl_niveau_3__calculer_indicateur_presence_message_lu_et_compte_rendu_lecture_niveau_3
                0x0019d5c0                cbtc_app_data_ligne_types__Tt_tab_psd_close_order_rightBIP
                0x00166088                trait_ouragan_fam8__s_executer
                0x00130e70                cbtc_fonctions_systeme__seq_g_calculer_controle_es_synthese__activer
                0x00153ad4                csd_lcap_at__fabriquer_et_ecrire_msg_at
                0x001159f0                usrMmuInit
                0x002f5c14                system__val_util__scan_sign
                0x00292170                cbtc_lcap_cfg_types_maint_frontam__Tt_tab_contenu_donnee_maintenanceBIP
                0x00301f5c                intEnable
                0x002f9034                __gnat_get_interrupt_state
                0x0012d46c                cbtc_fonctions_systeme__seq_g_allouer_la_lp__activer
                0x001a6290                cbtc_app_data_train_types__Tt_tab_vitesse_mmpsBIP
                0x00302744                _savegpr_14
                0x00327f00                lstExtract
                0x00190e68                cbtc_cap_if_app_arc__Tt_variants_bfBIP
                0x00146c3c                csd_vl_niveau_1__nouvelle_vlr_redondee__2
                0x001a66a4                cbtc_app_data_cv__s_lire_defaut_suivi_avant_calcule
                0x0019e21c                cbtc_app_data_ligne__s_lire_autorisation_recuperation_electrique_pas
                0x00144338                csd_vl_niveau_1(...)(char, long double, int, long double,...)
                0x002e38f0                interfaces__c__to_ada
                0x0030d0c4                signed char type_info function
                0x002dd86c                ada__text_io__is_open
                0x00148afc                csd_lcap_lcvo_types_de_base__Tt_traitements_capBIP
                0x002dbbdc                ada__text_io___size__2
                0x00265240                cbtc_lcap_cfg_pas_ats_ctx_alim_vs__nouvelle_vlr_redondee_non_de_securite
                0x001a584c                cbtc_app_msg_ats_tcs_conf__s_traiter_block
                0x0013e6fc                csd_ut_vl__numero_cme_csd
                0x00307d6c                bad_alloc type_info function
                0x002d8708                ada__exceptions__string_to_eid
                0x0025e930                cbtc_lcap_cfg_pas_mes_sortie_sig(...)(char, long double, int, long double,...)
                0x002f05c8                system__secondary_stack__ss_allocate
                0x0029929c                cbtc_lcap_pre_msg_pas_frontam__presenter_message_ats_pas_tcs_fq_confirm_en_reception
                0x0019e478                cbtc_app_data_ligne__s_lire_date_etat_alim
                0x002961a4                cbtc_lcap_cfg_pal_pas__s_initialiser
                0x001a68e0                cbtc_app_data_cv__s_lire_tab_train_alloue_base
                0x001a2958                cbtc_app_data_secteur__s_ecrire_zone_sens_marche
                0x002da6f0                ada__tags__base_address
                0x00302500                vxHid0Set
                0x00129c60                cbtc_fonctions_systeme__seq_autoriser_l_entree_en_station__activer
                0x001a2008                cbtc_app_data_secteur_types__Tt_tab_date_baBIP
                0x00127880                cbtc_fonctions_systeme__comb_g_propager_mt_pre_calculs__evaluer
                0x003291ac                qPriListResort
                0x002d76c0                __gnat_raise_nodefer_with_msg
                0x00156728                csd_lcap_nvram__demarrage_avec_ctx_mnv
                0x002ead00                system__file_io__file_io_clean_up_typeSW__2
                0x002d0830                system__os_interface__timespecIP
                0x0025ca10                cbtc_lcap_com_types_pas_mes__Tt_tab_booleens_ess_sortieBIP
                0x002dfeb4                ada__text_io__skip_line
                0x001a6194                cbtc_app_par_cf_types__t_desc_bit_variant_hf_securitaireIP
                0x002e1438                ada__text_io__get_line__3
                0x0026b6b4                cbtc_lcap_cfg_pas_ats_tcs_dpi_acq__t_vl_interneIP
                0x001cf7b0                csd_lcap_vl_sam__fournir
                0x0012a02c                cbtc_fonctions_systeme__seq_detecter_une_suspicion_panne_de_dp__activer
                0x0019a488                cbtc_app_data_ltv__s_lire_tab_id_voie_pas
                0x00190f88                cbtc_cap_if_app_arc__t_pas_pal_ctx_applique_ltvIP
                0x002775b4                cbtc_lcap_com_types_pas_pae__Tt_tab_messages_pas_pae_synchroBIP
                0x00120ccc                cbtc_fonctions_systeme__comb_calculer_premier_train_zf__evaluer
                0x00110a90                sysAuxClkRateGet
                0x0018d148                trait_ouragan_fam20__s_executer
                0x00143be8                csd_vl_niveau_1___elabb
                0x001d4254                cbtc_lcap_com_types_cbtc__Tt_tab_date_msg_avarieBIP
                0x001a3350                cbtc_app_data_ze__s_alarme_evac_est_acquittee
                0x00123898                cbtc_fonctions_systeme__comb_g_propager_te_retournement_legitime_croissant__evaluer
                0x00318c8c                getenv
                0x0014ebdc                csd_lcap_lcvo_vl__identifiant_ul_csd_snvx
                0x0010ae58                getOutWinVals
                0x002be794                system__tasking__protected_objects__entry_bodyIP
                0x00193a6c                cbtc_cap_if_app_arc__s_adresse_ats_pas_tcs_fq_cmd
                0x0013ec90                csd_lcap_bsp__inverser_led_defaut
                0x0032dc84                semMPendQPut
                0x0030f398                ceil
                0x00257b44                cbtc_app_maintenance_pas__s_get_nombre_donnees_autorisees
                0x0032ca28                semDestroy
                0x001a9f28                cbtc_app_maintenance_appli__Tt_tab_bitsBIP
                0x00329240                qPriListAdvance
                0x0019fc58                cbtc_app_data_ligne__s_ecrire_commande_service_provisoire
                0x00193d24                cbtc_cap_if_app_arc__s_adresse_pas_ats_tcs_block_acq
                0x0025e8b8                cbtc_lcap_cfg_pas_mes_sortie_sig__gestion_messages_a_ecrire__t_pt_message_niveau_3IPX
                0x00100690                pciFindClass
                0x0031afd4                fioRead
                0x002eba08                system__file_io__read_buf__2
                0x00289118                cbtc_lcap_cfg_pal_pas_sup_ltv_rec(long, int, long double,...)
                0x001b11e4                cbtc_app_calc_elab_cv__s_placer_informations_train_sur_cv
                0x0029758c                cbtc_lcap_pre_msg_pal_frontam__presenter_message_ats_pal_tcs_ltv_confirm_en_reception
                0x002bef58                system__task_primitives__operations__set_true
                0x001a66e4                cbtc_app_data_cv__s_lire_occupation_cv_te
                0x00101a70                pciConfigModifyByte
                0x001566a8                csd_lcap_services__t_neantIP
                0x0019e3d0                cbtc_app_data_ligne__s_lire_depart_cra_annule
                0x0014eb74                csd_lcap_lcvo_vl__t_echanges_directs_cvo_vers_capIP
                0x001a62cc                cbtc_app_data_train_types__Tt_tab_visibilite_okBIP
                0x0014faa8                csd_lcap_traceur__valeur_courante_traceur
                0x002d9e28                ada__tags__interfaces_arrayIP
                0x002c4138                system__tasking__initialization__task_unlock__2
                0x001b28d4                cbtc_app_aut_conversion__s_adresse_conversion_direction_vers_lmns
                0x002d1c9c                system__tasking__entry_calls__wait_until_abortable
                0x002c462c                system__tasking__accept_alternativeIP
                0x00319284                fioLibInit
                0x002dca30                ada__text_io__new_line
                0x0026c454                cbtc_lcap_cfg_pas_ats_tcs_dpi_cmd(long, int, long double,...)
                0x0025ea90                cbtc_lcap_cfg_pas_mes_sortie_sig__gestion_messages_a_ecrire__nouveau_message_niveau_3X
                0x0025e8a0                cbtc_lcap_cfg_pas_mes_sortie_sig__t_vl_interneIP
                0x0015b2a4                cbtc_cap_aut_data__Tt_tableau_vm_entiers_s4BIP
                0x00199c80                cbtc_app_data_ltv_types__Tt_tab_numero_contexte_pasBIP
                0x00127190                cbtc_fonctions_systeme__comb_s_calculer_les_entrees_elaborer_la_cible__evaluer
                0x00302794                _restgpr_14_l
                0x0032a074                kernelInit
                0x0019afc4                cbtc_app_data_tc__s_ecrire_action_ltv
                0x0015b59c                cbtc_cap_aut_data___elabs
                0x002e457c                interfaces__c__to_c__8
                0x00119fa4                bsp_cme_services_de_base__offset_registres_tx
                0x0019b6e8                cbtc_app_data_tc__s_lire_msg_rejet_cmd_fq
                0x0025c968                cbtc_lcap_com_types_pas_mes__Tt_tab_donnees_pas_longBIP
                0x0010683c                pciAutoConfig
                0x0019e69c                cbtc_app_data_ligne__s_lire_quai_accessible
                0x00302738                _restgpr_31
                0x0031276c                __srget
                0x0013f8f0                csd_lcap_bsp__bsp_cme_csd_voie_1__etat_tx_okX
                0x0030f69c                floor
                0x001bb108                cbtc_app_par_cf_gen__s_adresse_inv_ats_block_id
                0x00316f0c                cacheLibInit
                0x002edd30                system__finalization_implementation__record_controllerIP
                0x00261b68                cbtc_lcap_com_types_pas_frontam__t_donnees_ats_pas_tcs_evacIP
                0x002f43d0                system__soft_links___elabb
                0x001d4758                cbtc_lcap_com_types_cbtc__s_adresse_tab_id_message_cbtc
                0x001a0d54                cbtc_app_data_ligne__s_ecrire_alarme_fq_et_determiner_son_acquitabilite
                0x0027a274                cbtc_lcap_cfg_pas_pae_sc__somme_controle_cc_eqpt_psd_command
                0x0013b040                cbtc_fonctions_systeme__comb_g_determiner_franchissement_cdv_decroissant__evaluer
                0x002d5560                ada__exceptions__exception_data__basic_exception_tback_maxlengthXn
                0x002a760c                cbtc_lcap_cfg_pas_frontam__acquerir_message_ats_pas_ctx_alim_vs
                0x00277434                cbtc_lcap_com_types_pas_pae__t_rbids_pas_pae_variants_bfIP
                0x001c2370                cbtc_app_msg_services__s_adresse_loc_seg
                0x002d77dc                ada__exceptions__raise_from_controlled_operation
                0x003327d4                windPendQFlush
                0x0027de14                cbtc_lcap_cfg_pas_pae_psd_supervision__gestion_messages_a_ecrire__nouveau_message_niveau_3X
                0x0019f238                cbtc_app_data_ligne__s_ecrire_tab_quai_accessible
                0x00333ddc                memPartInit
                0x00293c84                cbtc_lcap_cfg_sam_commande__nouvelle_vlr_redondee_non_de_securite
                0x001d5c10                cbtc_lcap_cfg_bouchon__t_config_lpae_bch_capIP
                0x0014dd30                csd_lcap_at_vmc__at_vmc
                0x00312990                setlinebuf
                0x0031f3fc                iosFdNew
                0x001566dc                csd_lcap_services___elabs
                0x002584d8                cbtc_lcap_com_gestion_liaisons_cbtc__Tt_est_verrouilleBIP
                0x0019bac4                cbtc_app_data_tc__s_lire_tcs_cmd_recue_pendant_traitement
                0x003026a4                _savefpr_15_l
                0x002e3908                interfaces__c__to_ada__7
                0x002d80b8                __gnat_rcheck_15
                0x002f1654                system__stack_usage__top_slot_index_in
                0x002d6904                ada__exceptions__stream_attributes__eo_to_stringXn
                0x0013f334                csd_lcap_bsp__bsp_cme_csd_voie_2__installer_itX
                0x0013e9ec                csd_lcap_bsp__masquer_its_vme
                0x0011c4e0                cbtc_fonctions_systeme__comb_g_choisir_entree_aiguille_cible_bool__evaluer
                0x00313ad8                labs
                0x0019e624                cbtc_app_data_ligne__s_lire_etat_zone_equipee
                0x002d7c9c                ada__exceptions__raise_from_signal_handler
                0x002d6260                ada__exceptions__exception_propagation__setup_exceptionXn
                0x00166200                trait_ouragan_fam74__s_executer
                0x001b55d0                cbtc_app_msg_ats_tcs_cmd__s_traiter_block
                0x001a7520                cbtc_app_data_cv__s_ecrire_pae_train_a_quai
                0x002d5e60                ada__exceptions__exception_data__set_exception_msgXn
                0x0019145c                cbtc_cap_if_app_arc__s_adresse_pas_ats_supervision_train
                0x001a9fb0                cbtc_app_maintenance_appli___elabs
                0x00311eb0                gets
                0x002bee78                system__task_primitives__operations__write_lock__2
                0x001b227c                cbtc_app_aut_conversion__s_convertir_lmns_vers_type_cible
                0x0011e78c                cbtc_fonctions_systeme__comb_ecraser_oti_cdv__evaluer
                0x00115024                sysOutWord
                0x002e5fcc                system__arith_64__Oadd__2
                0x0025c944                cbtc_lcap_com_types_pas_mes__t_rbids_mes_pas_brutIP
                0x0025beac                cbtc_lcap_com_sam_maint_ats__nouvelle_vle_non_de_securite
                0x0011c860                cbtc_fonctions_systeme__comb_choisir_sorties_aiguille_terrain_etat_cv__evaluer
                0x001a7a28                cbtc_app_data_cv__s_ecrire_sens_cible_vital
                0x001352b8                cbtc_fonctions_systeme__comb_detecter_le_train_sur_la_za__evaluer
                0x002838ac                cbtc_lcap_cfg_pas_pas_ba_emi__gestion_messages_a_ecrire__t_pt_message_niveau_3IPX
                0x0025ca94                cbtc_lcap_com_types_pas_mes__Tt_tab_messages_mes_pasBIP
                0x00190f40                cbtc_cap_if_app_arc__Tt_sortie_fonctionnelleBIP
                0x0016619c                trait_ouragan_fam77__s_executer
                0x0015e08c                trait_ouragan_fam86__s_executer
                0x0011a820                cbtc_lcap_tim_archi___elabs
                0x0019add8                cbtc_app_data_tc_types__Tt_tab_no_confirmationBIP
                0x00268a18                cbtc_lcap_cfg_pas_ats_tcs_block_acq__t_vle_csqIP
                0x001478d4                csd_sam_vl__numero_recepteur
                0x002dad10                ada__tags__expanded_name
                0x00199f5c                cbtc_app_data_ltv__s_lire_id_voie
                0x00133eb4                cbtc_fonctions_systeme__comb_memoriser_train_mal_etendue_graph_conditions__evaluer
                0x0028e710                cbtc_lcap_cfg_pas_sam_maint_ats__t_vl_interneIP
                0x00190e50                cbtc_cap_if_app_arc__Tt_variants_hfBIP
                0x002f9ae8                ada__text_io__generic_aux__load_extended_digits
                0x002f0458                system__secondary_stack__memoryIP
                0x0029fd6c                cbtc_lcap_pre_itf_application__s_lire_info_msg_ats_pas_tcs_block_cmd
                0x0019d674                cbtc_app_data_ligne_types__Tt_tab_alarme_sqv_1_acquittableBIP
                0x0014eb8c                csd_lcap_lcvo_vl__t_echanges_directs_cap_vers_cvoIP
                0x00143abc                csd_vl_niveau_1__t_descripteur_table_configuration_a_creerIP
                0x002f619c                system__wch_con__get_wc_encoding_method
                0x001ab240                cbtc_app_data_train__s_lire_alarme_evacuation_voyageur
                0x00186cf4                trait_ouragan_fam46__s_executer
                0x002f7b70                __gnat_opendir
                0x002c1368                system__tasking__debug__print_current_task
                0x0019a370                cbtc_app_data_ltv__s_ecrire_tab_ltv_existe_pas
                0x001d6f30                cbtc_lcap_cfg_types_maint_mes___elabs
                0x003282c8                qFifoGet
                0x003170ac                cacheClear
                0x0031398c                bsearch
                0x002f7084                __gnat_to_canonical_path_spec
                0x002d8dbc                ada__exceptions__wide_wide_exception_name__2
                0x001a3164                cbtc_app_data_ze_types__Tt_tab_localisation_evacuation_voyageurBIP
                0x003288fc                qCalibrate
                0x002774dc                cbtc_lcap_com_types_pas_pae__Tt_tab_tri_messagesBIP
                0x001d6154                cbtc_lcap_cfg_bouchon___elabb
                0x002f52a0                system__val_llu__value_long_long_unsigned
                0x00277614                cbtc_lcap_com_types_pas_pae__Tt_tab_messages_pae_eqpt_suiviBIP
                0x001539cc                csd_vl_niveau_3__t_descripteur_vlr_redondeeIP
                0x002ede18                system__finalization_root___size
                0x0013e848                csd_ut_vl__offset_tampon_vle_non_diffusee
                0x0010d880                sysTempeVeatClear
                0x001c1484                cbtc_app_msg_services__s_trouver_no_quai_fq
                0x001a3b50                cbtc_app_data_ze__s_ecrire_acquittement_alarme_perte_d_integrite
                0x0018cd88                trait_ouragan_fam37__s_executer
                0x00118fc4                bsp_hook_post_mortem__address_exception_context
                0x001ab6c0                cbtc_app_data_train__s_lire_tab_offset_cv_cible_droit_stop_assure
                0x002f5194                system__val_llu__scan_long_long_unsigned
                0x001d63ac                cbtc_lcap_cfg_bouchon__s_lire_version_pae_rev
                0x0012d8e4                cbtc_fonctions_systeme__seq_proteger_des_destructions_transit_souple__activer
                0x002f742c                __gnat_is_regular_file
                0x001c0e24                cbtc_app_msg_services__Tt_tab_etat_vers_positionBIP
                0x00140130                csd_lcap_bsp__bsp_cme_csd_voie_1__masquer_itX
                0x00114ffc                sysPciInByte
                0x002e1890                ada__text_io__get_immediate__4
                0x00297c48                cbtc_lcap_pre_msg_pal_pas__Tt_tab_pal_pas_ctx_applicable_ltv_emisBIP
                0x00142f88                csd_bouchon__lire_informations_bouchon
                0x00116654                BSP_CSD_PPC_Spi_Write_Cs_High
                0x00265ca0                cbtc_lcap_cfg_pas_ats_ctx_interd_mode__nouvelle_vlr_redondee_non_de_securite
                0x0029e414                cbtc_lcap_pre_itf_application__s_ecrire_info_msg_pas_ats_tcs_sqv_acq
                0x001bbea0                cbtc_app_par_cf_gen__s_adresse_inv_troncon_voie
                0x002fa540                ada__text_io__generic_aux__string_skip
                0x002deb6c                ada__text_io__set_error
                0x00266720                cbtc_lcap_cfg_pas_ats_sup_train__nouvelle_vle_non_de_securite
                0x0014fb14                csd_lcap_traceur__tracer
                0x0025bd20                cbtc_lcap_com_sam_maint_ats__gestion_messages_a_ecrire__t_pt_message_niveau_3IPX
                0x00324a94                tyAbortFuncSet
                0x001d3ee4                csd_types_vl__Tt_tab_infos_vl_csdBIP
                0x002ba49c                system__interrupts__handler_assocIP
                0x0019e5d0                cbtc_app_data_ligne__s_lire_acquittement_alarme_sqv_1
                0x00136200                cbtc_fonctions_systeme__comb_propager_mt_fonc_croissant__evaluer
                0x00116da8                dbg_free
                0x002cb85c                system__tasking__stages__terminate_task
                0x0011b134                cbtc_app_aut_coupleur__Tt_tab_quai_lmnsBIP
                0x003019f8                excVecBaseGet
                0x00119d5c                bsp_cme_services_de_base_sam__offset_zone_cme
                0x00115e30                usrKernelCoreInit
                0x002e5c5c                interfaces__c__to_ada__2
                0x0011c418                cbtc_fonctions_systeme__comb_g_choisir_entree_aiguille_terrain_int__evaluer
                0x00107bc4                sysMotVpdPktGet
                0x002e61bc                system__arith_64__subtract_with_ovflo_check
                0x002f8108                __gnat_current_time
                0x002c8414                system__tasking__rendezvous__timed_task_entry_call
                0x0031f800                iosWrite
                0x0010da70                sysL2CacheFlush
                0x0028e480                cbtc_lcap_com_types_pas_sam__Tt_tab_infos_liaisons_pas_paeBIP
                0x00302494                vxDsisrSet
                0x00334a68                memAddToPool
                0x002ce66c                system__tasking__protected_objects__operations__cancelled
                0x00292474                cbtc_lcap_cfg_types_maint_frontam__s_adresse_taille_donnees
                0x00143f38                csd_vl_niveau_1__longueur_max_message__4
                0x002d8550                ada__exceptions__save_occurrence
                0x0031f32c                iosFdSet
                0x002d948c                ada__finalization__finalize__2
                0x00145958                csd_vl_niveau_1__ajouter_a_liste_vl
                0x0030bac8                __rtti_attr
                0x002f9330                getpid
                0x002e733c                system__exception_table__equal
                0x002dec0c                ada__text_io__put__2
                0x00292f48                cbtc_app_maintenance_frontam__s_get_bits
                0x003305c0                taskNameToId
                0x001125b4                sysProbeErrClr
                0x002ffb08                CSD_LCAP_AT_CPU_LOAD_STORE
                0x001cb270                cbtc_lcap_com_types_vl_init_cier___elabs
                0x001c36dc                cbtc_app_msg_pae_fq_recu__s_traiter_msg
                0x0019b71c                cbtc_app_data_tc__s_lire_msg_rejet_cmd_sqv
                0x001484cc                csd_vl_niveau_2(...)(char, long double, int, long double,...)
                0x002b7df4                csd_lcap_sequenceur__P4bIP
                0x0025b088                cbtc_lcap_com_types_frontam__Tt_tab_donnees_liaison_frontamBIP
                0x001b8aec                cbtc_app_par_cf_gen__s_adresse_inv_etat_zone_equipee
                0x001a6cd0                cbtc_app_data_cv__s_lire_tab_pae_vitesse
                0x00328894                qGetExpired
                0x0032895c                qEach
                0x001a3f4c                cbtc_app_data_ze__s_ecrire_acquittement_alarme_sqv_2
                0x0014eb64                csd_lcap_lcvo_vl__t_caracteristiques_vlIP
                0x002f03ec                system__restrictions__abort_allowed
                0x00129390                cbtc_fonctions_systeme__comb_g_synthetiser_etat_panne_cdv__evaluer
                0x0010e3e4                sysClkRateSet
                0x001a75d8                cbtc_app_data_cv__s_ecrire_pae_stop_assurance_localisation
                0x00313d44                qsort
                0x0027c1a8                cbtc_lcap_cfg_pas_pae_eqpt_suivi__gestion_messages_lus__nouveau_message_niveau_3X
                0x001a6218                cbtc_app_par_cf_types__Tt_tab_msg_ats_aide_operation_eqpt_solBIP
                0x0019d56c                cbtc_app_data_ligne_types__Tt_tab_cbtc_olzBIP
                0x002960d4                cbtc_lcap_cfg_pal_pas__Tt_g_tab_vle_pas_pal_ctx_applique_ltvBIP
                0x001a8da0                cbtc_app_gestion_maint_types__Tt_tab_donnees_maintenanceBIP
                0x0031f110                iosNextDevGet
                0x002a9eb0                cbtc_lcap_cfg_pas_pas__generer_message_zc_zc_ba
                0x003347a4                memPartBlockIsValid
                0x0019e158                cbtc_app_data_ligne__s_lire_autorisation_franchissement_sig
                0x00199d84                cbtc_app_data_ltv__s_lire_pal_contextes_connus_tous_les_pas
                0x0011ac1c                cbtc_lcap_tim_archi__Oge
                0x002a0a50                cbtc_lcap_cfg_pas_sam___elabb
                0x002e5f84                system__arith_64__Omultiply
                0x0027f200                cbtc_lcap_cfg_pas_pae_synchro_emi(...)(char, long double, int, long double,...)
                0x0013e9c8                csd_lcap_bsp__bsp_cme_csd_voie_2__t_vmeconfIPX
                0x001a77a4                cbtc_app_data_cv__s_ecrire_pae_vitesse
                0x0011a4c0                cbtc_lcap_tim__s_from_time_modulo_32
                0x002fcc6c                CSD_LCAP_AT_CPU_TEST_CRR__
                0x00115450                usrBootLineCrack
                0x00293b40                cbtc_lcap_cfg_sam_commande(long, int, long double,...)