
Allocating common symbols
Common symbol       size              file

_func_smObjObjShow  0x4               partialImage.o
taskSwitchTable     0x44              partialImage.o
_func_evtLogT1_noTS
                    0x4               partialImage.o
sysCplusEnable      0x4               partialImage.o
__func_type_info type_info node
                    0xc               partialImage.o
_func_spyStop       0x4               partialImage.o
workQWriteIx        0x1               partialImage.o
bad_alloc type_info node
                    0xc               partialImage.o
_func_excInfoShow   0x4               partialImage.o
sysVpd              0x200             partialImage.o
_func_evtLogReserveTaskName
                    0x4               partialImage.o
drvTable            0x4               partialImage.o
__attr_type_info type_info node
                    0xc               partialImage.o
_func_trgCheck      0x4               partialImage.o
workQReadIx         0x1               partialImage.o
fppDisplayHookRtn   0x4               partialImage.o
ioDefPath           0x100             partialImage.o
_func_taskCreateHookAdd
                    0x4               partialImage.o
_func_dspRegsListHook
                    0x4               partialImage.o
_func_tmrConnect    0x4               partialImage.o
_func_evtLogTSched  0x4               partialImage.o
vxIntStackBase      0x4               partialImage.o
_func_dspTaskRegsShow
                    0x4               partialImage.o
workQIsEmpty        0x4               partialImage.o
trgEvtClass         0x4               partialImage.o
mmuLibFuncs         0x28              partialImage.o
taskSwapTable       0x44              partialImage.o
_func_evtLogO       0x4               partialImage.o
_func_selWakeupListInit
                    0x4               partialImage.o
semMGiveKernWork    0x4               partialImage.o
trgCnt              0x4               partialImage.o
errno               0x4               partialImage.o
mmuStateTransArraySize
                    0x4               partialImage.o
_func_ioTaskStdSet  0x4               partialImage.o
_func_excIntHook    0x4               partialImage.o
kernelState         0x4               partialImage.o
_func_evtLogM1      0x4               partialImage.o
sysAdaEnable        0x4               partialImage.o
a_test_sequence_branch_cond
                    0x500             partialImage.o
_func_sigExcKill    0x4               partialImage.o
bad_typeid type_info node
                    0xc               partialImage.o
_func_bdall         0x4               partialImage.o
tickQHead           0x10              partialImage.o
_func_logMsg        0x4               partialImage.o
_func_tmrFreq       0x4               partialImage.o
S_CSD_LCAP_AT_CPU_ROTATE_RESULT
                    0x18000           partialImage.o
excMsgQId           0x4               partialImage.o
_clockRealtime      0x14              partialImage.o
_func_tmrEnable     0x4               partialImage.o
msgQDistNumMsgsRtn  0x4               partialImage.o
sysFlags            0x4               partialImage.o
_func_excPanicHook  0x4               partialImage.o
_func_spy           0x4               partialImage.o
bad_cast type_info node
                    0xc               partialImage.o
_func_remCurIdGet   0x4               partialImage.o
init_cr             0x4               partialImage.o
S_CSD_LCAP_AT_CPU_ADD_RESULT
                    0x13200           partialImage.o
a_test_sequence_load
                    0x340             partialImage.o
smObjTcbFreeFailRtn
                    0x4               partialImage.o
a_test_sequence     0x280             partialImage.o
taskBpHook          0x4               partialImage.o
sigEvtRtn           0x4               partialImage.o
_func_selTyDelete   0x4               partialImage.o
S_CSD_LCAP_AT_CPU_REG_RESULT
                    0x198             partialImage.o
_func_evtLogT0      0x4               partialImage.o
_func_tmrStampLock  0x4               partialImage.o
taskDeleteTable     0x44              partialImage.o
_func_valloc        0x4               partialImage.o
_func_evtLogM3      0x4               partialImage.o
fppCreateHookRtn    0x4               partialImage.o
_func_evtLogPoint   0x4               partialImage.o
_func_spyClkStart   0x4               partialImage.o
_func_excBaseHook   0x4               partialImage.o
S_CSD_LCAP_AT_CPU_DIV_RESULT
                    0x3000            partialImage.o
_func_tmrPeriod     0x4               partialImage.o
D_TEST              0x4               partialImage.o
__ptmf_type_info type_info node
                    0xc               partialImage.o
sysParams           0x44              partialImage.o
__array_type_info type_info node
[...]
Memory Configuration

Name             Origin             Length             Attributes
*default*        0x00000000         0xffffffff

Linker script and memory map

                0x00100000                base_rom=0x100000
                0x01000000                base_ram=0x1000000
                0x00000000                CSD_DIVERSIFICATION=0x0
                0x01000000                _size_at_ram=0x1000000

.text           0x00100000   0x236a30
 *(.applicks)
 .applicks      0x00100000       0x14 cks.o
                0x00100000                _CHECKSUM
 *(.csd_ppc_signature)
 csd_ppc_signature.o(.rodata)
 .rodata        0x00100014       0xa8 csd_ppc_signature.o
                0x00100014                csd_ppc_signature
 *fill*         0x001000bc        0x4
                0x001000c0                .=ALIGN(0x10)
                0x001000c0                .=(.+CSD_DIVERSIFICATION)
 *(.text)
 .text          0x001000c0   0x236960 partialImage.o
                0x00148730                cst_types_duration__to_duration_cvo
                0x002e382c                interfaces__c__to_c__4
                0x0011eb4c                cbtc_fonctions_systeme__comb_calculer_etat_defaut_apres_localisation__evaluer
                0x0032337c                sigPendInit
                0x00300478                CSD_LCAP_AT_PROM
                0x00327c80                dllEach
                0x002e5f50                system__arith_64__hi
                0x0014f974                csd_lcap_signature_vle_snv__svl_csd_snvx_0_1
                0x001117dc                sysHwInit2
                0x002de70c                ada__text_io__line_length
                0x001967a4                cbtc_cap_if_app_arc__s_adresse_pas_pas_cbtc_ts_recu
                0x00119110                bsp_chien_de_garde__arreter_processeur
                0x00267c94                cbtc_lcap_cfg_pas_frontam_sc__somme_controle_pas_ats_tcs_fq_acq
                0x00336098                longjmp
                0x001aaf20                cbtc_app_data_train__s_lire_offset_avant_gauche
                0x001a607c                cbtc_app_par_cf_types__t_elm_mes_sortieIP
                0x002d4764                ada__calendar__arithmetic_operations__difference
                0x001a6a2c                cbtc_app_data_cv__s_lire_tab_pae_id
                0x0030cab0                unsigned int type_info function
                0x003355c8                _sigCtxRtnValSet
                0x003121e8                putchar
                0x001a6058                cbtc_app_par_cf_types__Tt_elm_sortie_securitaireBIP
                0x00148428                csd_vl_niveau_2__lire__2
                0x002c6624                system__tasking__rendezvous__accept_call
                0x0032a374                msgQInit
                0x001c5c4c                cbtc_app_msg_ats_tcs_acq__s_preparer_evac
                0x003025e0                _savefpr_30_l
                0x00316ca4                fpTypeGet
                0x0011cb60                cbtc_fonctions_systeme__comb_g_choisir_entree_aiguille_cible_concealment_type__evaluer
                0x0010dc70                sysSerialHwInit
                0x003179dc                clock_gettime
                0x002f5c2c                system__val_util__scan_plus_sign
                0x002f0210                system__parameters__minimum_stack_size
                0x002d092c                system__os_interface__to_clock_ticks
                0x0026b5cc                cbtc_lcap_cfg_pas_ats_tcs_dpi_acq__gestion_messages_a_ecrire__t_pt_message_niveau_3IPX
                0x001bddd8                cbtc_app_par_cf__s_lire_inv_ats_block_id
                0x002ff648                CSD_LCAP_AT_CPU_COMPARE
                0x001172a8                CSD_LCAP_Adresse_Defauts_Memorises_Etats_CSD
                0x002a5644                cbtc_lcap_pre_msg_pas_pas__presenter_messages_zc_zc_ba_en_emission
                0x002d8b1c                ada__exceptions__wide_wide_exception_name
                0x0028234c                cbtc_lcap_cfg_vl_csd_pae__lire_identifiant_utilisateur_vl_csd_snvx_cc_eqpt_psd_command
                0x0017b22c                trait_ouragan_fam55__s_executer
                0x0032bf88                semCCoreInit
                0x001a78cc                cbtc_app_data_cv__s_ecrire_no_cv_cible_fct
                0x0028caf0                cbtc_lcap_cfg_pal_ats_tcs_ltv_conf__gestion_messages_lus__nouveau_message_niveau_3X
                0x0028b2c8                cbtc_lcap_cfg_pal_ats_tcs_ltv_acq__gestion_messages_a_ecrire__pt_message_niveau_3X
                0x0015b174                cbtc_cap_aut_data__Tt_tableau_vm_entiers_o1BIP
                0x00317578                classInstConnect
                0x001ce8f4                cbtc_app_gestion_msg__s_recevoir
                0x003026b0                _restgpr_21_l
                0x00331378                windSuspend
                0x002e5f5c                system__arith_64__le3
                0x002e02a4                ada__text_io__look_ahead
                0x00174378                trait_ouragan_fam61__s_executer
                0x001196a8                bsp_vme__masquer_its_vme
                0x002da264                ada__tags__length
                0x00289830                cbtc_lcap_com_types_pal_frontam__t_rbinds_pal_ats_supervision_ltvIP
                0x00123d24                cbtc_fonctions_systeme__comb_g_effectuer_le_verrouillage_decroissant__evaluer
                0x00302588                _restfpr_31_l
                0x002edda4                system__finalization_root___alignment__2
                0x00289848                cbtc_lcap_com_types_pal_frontam__Tt_tab_donnees_ats_pal_tcs_ltv_confirmBIP
                0x002654d4                cbtc_lcap_cfg_pas_ats_ctx_alim_vs__t_vlr_redondee_non_de_securiteIP
                0x002ff788                CSD_LCAP_AT_CPU_CR_LOGICAL
                0x001cd080                cbtc_app_msg_mes__s_recevoir
                0x00306100                __throw_type_match
                0x0032d0d0                semMLibInit
                0x0031233c                putw
                0x00315004                strcpy
                0x00328ef8                qPriListCreate
                0x003157bc                asctime
                0x002e7310                system__exception_table__get_key
                0x0012cf58                cbtc_fonctions_systeme__seq_envoyer_l_information_cdv_v__activer
                0x001a8cdc                cbtc_app_gestion_maint_types__s_adresse_donnees_maintenance
                0x001a38b0                cbtc_app_data_ze__s_lire_tab_autorisation_recuperation_electrique
                0x00327b78                dllInsert
                0x002f40c4                system__soft_links__set_jmpbuf_address_soft
                0x00116d60                setProtectionAllocation
                0x002da1e4                ada__tags__get_tagged_kind
                0x0030d424                __ashldi3
                0x002773b8                cbtc_lcap_com_types_pas_pae__t_donnees_tri_messagesIP
                0x00319938                fioFormatV
                0x00147594                csd_lcap_vl__offset_lecture_tampon_vlr_diffusee
                0x002eac84                system__file_io__file_io_clean_up_typeIP
                0x0019b34c                cbtc_app_data_tc__s_lire_type_alarme
                0x00301db0                intVecBaseSet
                0x002c4e7c                system__tasking__queuing__dequeue_head
                0x002713c8                cbtc_lcap_cfg_pas_ats_tcs_fq_acq__gestion_messages_a_ecrire__pt_message_niveau_3X
                0x001ca8a8                cbtc_lcap_com_types_vl_init_cier__Tt_alignement_message_init_vl_cier_frontamBIP
                0x00336260                qJobTerminate
                0x002f711c                __gnat_os_exit
                0x00261a74                cbtc_lcap_com_types_pas_frontam__t_rbids_ats_pas_tcs_evac_confirmIP
                0x0019af60                cbtc_app_data_tc__s_ecrire_offset_pk_debut_tc_en_cours
                0x002f6f4c                __gnat_to_canonical_file_list_next
                0x002dc5dc                ada__text_io__read__2
                0x001f5538                cbtc_app_maintenance_mes__s_get_valeur_restrictive
                0x001243a0                cbtc_fonctions_systeme__comb_s_calculer_les_entrees_allouer_le_cv__evaluer
                0x0028f358                cbtc_lcap_cfg_pas_sam_maint_ess__nouvelle_vle_non_de_securite
                0x00191614                cbtc_cap_if_app_arc__s_adresse_pas_ats_supervision
                0x003354d4                sigsetjmp
                0x002744d8                cbtc_lcap_cfg_pas_ats_tcs_sqv_acq__t_vle_csqIP
                0x0012bcc0                cbtc_fonctions_systeme__seq_g_assister_du_decroissant__activer
                0x002e0204                ada__text_io__set_input
                0x001a1ed8                cbtc_app_data_secteur_types__Tt_tab_zone_sens_marcheBIP
                0x002e3638                interfaces__c__char16_arrayIP
                0x00335dd4                expm1
                0x002d9d88                ada__tags__select_specific_dataIP
                0x001aaebc                cbtc_app_data_train__s_lire_surveillance_evacuation_en_cours
                0x001a6304                cbtc_app_data_cv_types__Tt_tab_occupation_cvBIP
                0x002bf264                system__task_primitives__operations__finalize_lock__2
                0x001a610c                cbtc_app_par_cf_types__t_desc_bit_aide_operation_eqpt_solIP
                0x00277298                cbtc_lcap_com_types_pas_pae__t_donnees_pae_eqpt_suiviIP
                0x00182784                trait_ouragan_fam49__s_executer
                0x0032a1d4                msgQCreate
                0x0028f1cc                cbtc_lcap_cfg_pas_sam_maint_ess__gestion_messages_a_ecrire__t_pt_message_niveau_3IPX
                0x002be3dc                system__interrupt_management__signal_listIP
                0x0030c088                long long type_info function
                0x001d637c                cbtc_lcap_cfg_types_maint_mes__s_adresse_donnees_maintenance
                0x002d85a4                __gnat_transfer_occurrence
                0x001168cc                BSP_CSD_PPC_Wdog_Arreter_Processeur
                0x00246264                cbtc_lcap_cfg_types_maint_pas__s_adresse_donnees_maintenance
                0x001b6d08                cbtc_app_calc_elab_aig__Tt_pos_sur_aig_coteBIP
                0x0031015c                fabs
                0x002cdd54                system__tasking__protected_objects__entries___size__2
                0x0025c898                cbtc_lcap_com_types_pas_mes__Tt_tab_identifiant_ul_utilisateurBIP
                0x0032e580                taskDeleteForce
                0x002e4e60                interfaces__c__to_ada__12
                0x002c4c7c                system__task_primitives__rts_lockIP
                0x00290a2c                cbtc_lcap_cfg_pas_sam_maint_pae__gestion_messages_a_ecrire__nouveau_message_niveau_3X
                0x0012637c                cbtc_fonctions_systeme__comb_calculer_cible_mobile_cv_plus_restrictive__evaluer
                0x00245888                cbtc_app_maintenance_pae__Tt_tab_bitsBIP
                0x00317270                cacheDrvFlush
                0x00261be8                cbtc_lcap_com_types_pas_frontam__t_donnees_pas_ats_tcs_sqv_acqIP
                0x0019b7b0                cbtc_app_data_tc__s_lire_msg_rejet_conf_ltv
                0x00304e1c                log
                0x001164f8                BSP_CSD_PPC_Spi_Write_Si_Low
                0x002f3670                system__storage_elements__dummy_communication_blockIP
                0x002ba44c                system__interrupts__is_reserved
                0x0026f244                cbtc_lcap_cfg_pas_ats_tcs_evac_cmd(long, int, long double,...)
                0x0019eea8                cbtc_app_data_ligne__s_ecrire_tab_autorisation_destruction_iti_par_stop_assure
                0x0011dfe0                cbtc_fonctions_systeme__comb_propager_l_etat_materiel__evaluer
                0x002eac58                system__file_io__file_io_clean_up_typeSR__2
                0x00108350                sysMv64360Cpu0SyncBarrier
                0x00199c30                cbtc_app_data_ltv__s_initialiser_cycle
                0x0010e394                sysTimestampFreq
                0x00110900                sysAuxClkDisable
                0x001aad5c                cbtc_app_data_train__s_lire_date_integrite
                0x0027f03c                cbtc_lcap_cfg_pas_pae_stop_assure__t_vlr_csq_redondeeIP
                0x002742b8                cbtc_lcap_cfg_pas_ats_tcs_sqv_acq__gestion_messages_a_ecrire__pt_message_niveau_3X
                0x00326028                bcmp
                0x00305180                sqrt
                0x00117038                Dump_Memoire_En_Cours
                0x002ba9ec                system__interrupts__block_interrupt
                0x001115a4                sysDramSize
                0x0011507c                sysL3itcr1Get
                0x002f9fc8                ada__text_io__generic_aux__load__2
                0x002a9c38                cbtc_lcap_cfg_pas_pas__Tt_tab_vlr_pas_pas_cbtc_tsBIP
                0x002e7e28                system__file_io__temp_file_recordIP
                0x0028e398                cbtc_lcap_com_types_pas_sam__Tt_maint_pas_atsBIP
                0x001a775c                cbtc_app_data_cv__s_ecrire_pae_operationnel
                0x001a39ac                cbtc_app_data_ze___elabs
                0x002bee24                system__task_primitives__operations__unlock_rts
                0x0017eab8                trait_ouragan_fam52__s_executer
                0x0014eecc                csd_lcap_lcvo_vl__nom_ul_csd_nsvrx
                0x0012ff30                cbtc_fonctions_systeme__seq_calculer_tempo_entree__activer
                0x002ba464                system__interrupts___elabs
                0x002e70dc                system__exception_table__exception_htable__TtableBIPXn
                0x001cd134                cbtc_app_msg_ats__Tt_nb_msg_telecommandeBIP
                0x002d41cc                ada__calendar__arithmetic_operations__subtract
                0x00335504                setjmp
                0x002beb0c                system__task_primitives__operations__get_priority
                0x002ba368                system__interrupts__P18bIP
                0x00190f00                cbtc_cap_if_app_arc__t_pas_ats_tcs_block_acqIP
                0x00138ce4                cbtc_fonctions_systeme__comb_allouer_le_cv__evaluer
                0x0015d414                trait_ouragan_fam89__s_executer
                0x001d0204                csd_lcap_vl_sam__csd_lcap_adresse_defauts_memorises_exception
                0x002997a4                cbtc_lcap_pre_msg_pas_pae__Tt_tab_pas_pae_synchroBIP
                0x00286fa4                cbtc_lcap_cfg_pal_pas_ctx_ltv_emi__nouvelle_vle_csq
                0x002f0844                system__string_ops_concat_3__str_concat_3
                0x00148dcc                csd_messagerie_niveau_3__Tt_noms_ul_csd_cplxBIP
                0x0030f33c                cosh
                0x002e6690                system__arith_64__scaled_divide
                0x002bf088                system__task_primitives__operations__unlock__2
                0x0013f33c                csd_lcap_bsp__bsp_cme_csd_voie_2__initialiser_rxX
                0x002e3ab4                interfaces__c__to_c__9
                0x002cdc88                system__tasking__protected_objects__entries__protected_entry_body_arrayIP
                0x0029e078                cbtc_lcap_pre_itf_architecture__gerer_indice_msg_pas_pal_ctx_ltv_in
                0x00282418                cbtc_lcap_cfg_vl_csd_pae__lire_identifiant_utilisateur_vl_csd_snvx_pae_pas_stop_assure
                0x00199f38                cbtc_app_data_ltv__s_ecrire_etat_automate_parametre_ltv
                0x0018e9dc                cbtc_cap_aut__Tt_tab_cdv_es4BIP
                0x0032d344                semMCoreInit
                0x002d9334                ada__finalization___size__4
                0x0019f42c                cbtc_app_data_ligne__s_ecrire_train_hold
                0x002f737c                __gnat_locate_regular_file
                0x0014bdf0                csd_lcap_allocation_vmc__gst_mapping_vmc__vers_element__2
                0x0011ef9c                cbtc_fonctions_systeme__comb_propager_discrimination_assistee__evaluer
                0x002f0748                system__secondary_stack___elabb
                0x0012f158                cbtc_fonctions_systeme__seq_gerer_la_temporisation_de_maintien_du_verrouillage__activer
                0x00105f6c                pciAutoAddrAlign
                0x002da3a0                ada__tags__external_tag_htable__removeXn
                0x001531cc                csd_vl_niveau_3__nouvelle_vlr_redondee
                0x0014651c                csd_vl_niveau_1__nouvelle_vl_triple__2
                0x00145ef0                csd_vl_niveau_1__nouvelle_vle
                0x00261c24                cbtc_lcap_com_types_pas_frontam__Tt_tab_donnees_ats_pas_tcs_dpiBIP
                0x00310978                __sflags
                0x00335534                _sigCtxSave
                0x00313050                tmpfile
                0x001194c4                bsp_nvram__read
                0x00148a2c                csd_lcap_lcvo_types_de_base__t_rbids_atIP
                0x00302604                _restgpr_18
                0x00147ef4                csd_vl_niveau_2__nouvelle_vlr__2
                0x00190e04                cbtc_cap_if_app_arc__t_zc_zc_ba_emisIP
                0x0028d12c                cbtc_lcap_cfg_pal_frontam__generer_message_pal_ats_tcs_ltv_acq
                0x00329694                rngNBytes
                0x002f02d4                system__restrictions__rident__restrictions_infoIP
                0x0025c958                cbtc_lcap_com_types_pas_mes__Tt_tab_etats_liaisons_pas_mesBIP
                0x00118f4c                cst_types_de_base__t_octets_non_signesIP
                0x002ed8c0                system__finalization_implementation__limited_record_controllerSW
                0x0029e490                cbtc_lcap_pre_itf_application___elabb
                0x0030d524                __divdi3
                0x002967a0                cbtc_lcap_com_gestion_vmc_pas__s_mnv_data_address
                0x001a6684                cbtc_app_data_cv__s_lire_no_cv_cible_fct
                0x0030a2ec                __class_type_info::dcast(type_info const &, int, void *, type_info const *, void *) const
                0x0031e200                ioctl
                0x00321fa0                pause
                0x00190ed0                cbtc_cap_if_app_arc__t_ats_pas_tcs_evac_confirmIP
                0x00119404                bsp_chien_de_garde__initialiser_chien_de_garde
                0x0031e408                writev
                0x0019df8c                cbtc_app_data_ligne__s_lire_aig_cible_est_a_droite
                0x0011e1a0                cbtc_fonctions_systeme__comb_pre_propager_l_etat_materiel__evaluer
                0x001a66e8                cbtc_app_data_cv__s_lire_pae_sens_marche
                0x0025b264                cbtc_lcap_com_types_frontam___elabs
                0x002d5f48                __gnat_tailored_exception_information
                0x002ce808                system__tasking__protected_objects__operations__complete_entry_body
                0x00262a64                cbtc_lcap_com_types_pas_frontam__s_adresse_donnees_ats_pas_tcs_sqv_confirm_par_defaut
                0x0010e2d8                sysClkRateGet
                0x002eeb44                system__img_biu__set_image_based_integer
                0x001bdc54                cbtc_app_par_cf__s_lire_tab_troncon_voie
                0x0026cb34                cbtc_lcap_cfg_pas_ats_tcs_dpi_conf__gestion_messages_lus__pt_message_niveau_3X
                0x003026ec                _restgpr_28_l
                0x0014a7e4                csd_lcap_allocation_cte__offset_cte_io__put__2X
                0x001733ec                trait_ouragan_fam62__s_executer
                0x0013eb58                csd_lcap_bsp__installer_it_vme_depuis_cvoa
                0x002d84f0                ada__exceptions__save_occurrence_no_private
                0x002ba414                system__interrupts__registered_handlerIP
                0x001a6124                cbtc_app_par_cf_types__Tt_liste_pas_non_palBIP
                0x001a3f58                cbtc_app_data_ze__s_memoriser_alarme_dpi
                0x00110330                sysMv64360AuxClkStart
                0x002de7dc                ada__text_io__set_page_length
                0x00190ec4                cbtc_cap_if_app_arc__t_ats_pas_tcs_evac_cmdIP
                0x001a62bc                cbtc_app_data_train_types__t_donnees_cibleIP
                0x001964ec                cbtc_cap_if_app_arc__s_adresse_pas_pas_cbtc_ts_emis
                0x00190f6c                cbtc_cap_if_app_arc__t_ats_pas_tcs_ltv_confirmIP
                0x00190e7c                cbtc_cap_if_app_arc__Tt_tab_ligne_offset_pkBIP
                0x0029fed4                cbtc_lcap_pre_itf_application__s_lire_info_msg_ats_pas_tcs_dpi_confirm
                0x0013d578                cbtc_fonctions_systeme__comb_division_entiere__evaluer
                0x002f031c                system__restrictions__tasking_allowed
                0x00152e98                csd_vl_niveau_3__nouvelle_vlr__2
                0x002ffde8                CSD_LCAP_AT_CPU_REG
                0x0014484c                csd_vl_niveau_1__t_indicateur_presence_messageRP
                0x00328a4c                qPriBMapDelete
                0x00111f8c                sysOutByte
                0x0027db3c                cbtc_lcap_cfg_pas_pae_psd_supervision__gestion_messages_a_ecrire__t_pt_message_niveau_3IPX
                0x001a3fb4                cbtc_app_data_ze__s_train_possede_alarme_evac_acquittable
                0x002edd2c                system__finalization_root__empty_root_controlledSR
                0x002beb3c                system__task_primitives__operations__check_no_locks
                0x001a5e48                cbtc_app_par_cf_types__Tt_tab_inv_segmentBIP
                0x002d7e98                __gnat_rcheck_07
                0x002d7e08                __gnat_rcheck_03
                0x002915d4                cbtc_lcap_cfg_pas_sam_maint_pas__gestion_messages_a_ecrire__nouveau_message_niveau_3X
                0x0028a3a8                cbtc_lcap_cfg_pal_ats_sup_ltv(...)(char, long double, int, long double,...)
                0x0019ecdc                cbtc_app_data_ligne__s_lire_tab_acquittement_alarme_fq
                0x0011d3cc                cbtc_fonctions_systeme__comb_g_calculer_cdv_amont_terrain__evaluer
                0x002c4dec                system__tasking__queuing__dequeue_call
                0x0025df60                cbtc_lcap_cfg_pas_mes_entree_sig_long__t_vl_interneIP
                0x00176abc                trait_ouragan_fam60__s_executer
                0x00148e08                csd_messagerie_niveau_3__identifiant_ul_csd_cplx
                0x00315488                strtok_r
                0x00333088                sys_free
                0x00119448                bsp_io__installer_it_externe
                0x00330698                tickAnnounce
                0x00261a14                cbtc_lcap_com_types_pas_frontam__Tt_tab_etat_zone_equipeeBIP
                0x0032816c                qFifoDelete
                0x001bda74                cbtc_app_par_cf__s_lire_pas_cbtc_ts_recu
                0x00261b10                cbtc_lcap_com_types_pas_frontam__t_donnees_ats_pas_tcs_sqv_confirmIP
                0x002fc0c0                CSD_LCAP_AT_CPU_TEST_RRRSH
                0x0010d418                sysTempeRegInit
                0x00111888                sysProcNumSet
                0x0026b644                cbtc_lcap_cfg_pas_ats_tcs_dpi_acq(...)(char, long double, int, long double,...)
                0x00328020                lstFind
                0x002dfd80                ada__text_io__skip_page__2
                0x001293ec                cbtc_fonctions_systeme__comb_detecter_la_panne_de_dp__evaluer
                0x00320220                objFree
                0x0019f2cc                cbtc_app_data_ligne__s_ecrire_block_reverse_direction_lk
                0x00277340                cbtc_lcap_com_types_pas_pae__t_donnees_pas_pae_variants_bfIP
                0x0019a450                cbtc_app_data_ltv__s_lire_identificateur_pas
                0x0018cef4                trait_ouragan_fam25__s_executer
                0x0029608c                cbtc_lcap_cfg_pal_pas__acquerir_message_pal_pas_ctx_applicable_ltv
                0x0025b718                cbtc_lcap_com_ats_eqpt_hlf_sol(long, int, long double,...)
                0x00111fc0                sysBusTas
                0x0019e324                cbtc_app_data_ligne__s_lire_alarme_fq_acquittable
                0x001a6274                cbtc_app_data_train_types__Tt_tab_defaut_suiviBIP
                0x00130ea4                cbtc_fonctions_systeme__seq_verifier_fraicheur__activer
                0x002da1d0                ada__tags__get_rc_offset
                0x0018ea30                cbtc_cap_aut__Tt_tab_dp_es4BIP
                0x002d0b70                system__os_interface__task_stop
                0x002805f0                cbtc_lcap_cfg_pas_pae_variants_bf__gestion_messages_a_ecrire__pt_message_niveau_3X
                0x001a5e24                cbtc_app_par_cf_types__t_elm_cvIP
                0x001a28e4                cbtc_app_data_secteur__s_ecrire_date
                0x00147988                csd_sam_vl__creer_table_configuration_sam
                0x001a3004                cbtc_app_data_ze_types__Tt_tab_temoin_tensionBIP
                0x00118f64                cst_types_de_base__t_mots_non_signesIP
                0x00261af8                cbtc_lcap_com_types_pas_frontam__t_donnees_ats_pas_tcs_sqvIP
                0x0019e340                cbtc_app_data_ligne__s_lire_alarme_sqv_1_acquittable
                0x002e14e8                ada__text_io__get_line__2
                0x002d4b08                ada__exceptions__Ttracebacks_arrayBIP
                0x0033528c                fppTaskRegsSet
                0x0029e138                cbtc_lcap_pre_itf_architecture__gerer_indice_msg_pas_pas_cbtc_ts_in
                0x0012dbfc                cbtc_fonctions_systeme__seq_g_proteger_des_destructions__activer
                0x003191ac                printf
                0x00142058                cst_messagerie__t_messageIP
                0x001af698                cbtc_app_msg_pae_fq_emis__s_preparer_msg
                0x002914c4                cbtc_lcap_cfg_pas_sam_maint_pas__gestion_messages_a_ecrire__t_pt_message_niveau_3IPX
                0x002ddf98                ada__text_io__afcb_allocate__2
                0x002cdd44                system__tasking__protected_objects__entries___alignment__2
                0x002702b0                cbtc_lcap_cfg_pas_ats_tcs_evac__generer_message_pas_ats_tcs_evac_acq
                0x0028d8a4                cbtc_lcap_cfg_pal_frontam__acquerir_message_ats_pal_tcs_ltv
                0x00283984                cbtc_lcap_cfg_pas_pas_ba_emi__gestion_messages_a_ecrire__nouveau_message_niveau_3X
                0x0014c07c                csd_lcap_allocation_vmc__gst_mapping_vmc__precedent
                0x003198e4                vsprintf
                0x002df140                ada__text_io__put_line
                0x002c4518                system__tasking__activation_chainIP
                0x001acc24                cbtc_app_data_train__s_ecrire_localisation
                0x0011e498                cbtc_fonctions_systeme__comb_gerer_oti_cdv__evaluer
                0x0025bc48                cbtc_lcap_com_sam_maint_ats(...)(char, long double, int, long double,...)
                0x00302624                _restgpr_26
                0x002ed124                system__finalization_implementation__deep_tag_attach
                0x0029637c                cbtc_lcap_com_gestion_vmc_pas__t_mnv_data_storageIP
                0x0019d550                cbtc_app_data_ligne_types__Tt_tab_modes_inhibitionBIP
                0x0013e850                csd_lcap_bsp__bsp_cme_csd_voie_1__t_vmeconfIPX
                0x00101c88                pciInt
                0x002bb868                system__interrupts__dynamic_interrupt_protectionDF
                0x0011ef2c                cbtc_fonctions_systeme__comb_calculer_discrimination_assistee_selon_type__evaluer
                0x003184d4                utime
                0x00302678                _savegpr_27
                0x0019efd4                cbtc_app_data_ligne__s_ecrire_tab_tm_enc_dep_non_lib
                0x0019d448                cbtc_app_data_ligne_types__Tt_tab_occupation_zone_approcheBIP
                0x00148788                cst_types_duration__to_duration_csd
                0x00118f70                cst_types_de_base__t_long_mots_signesIP
                0x00302544                _restfpr_21_l
                0x0028e7b0                cbtc_lcap_cfg_pas_sam_maint_ats__nouvelle_vle_non_de_securite
                0x00277328                cbtc_lcap_com_types_pas_pae__t_donnees_pas_pae_ltvIP
                0x002cdf18                system__tasking__protected_objects__entries__lock_entries__2
                0x00261b88                cbtc_lcap_com_types_pas_frontam__t_donnees_pas_ats_tcs_dpi_acqIP
                0x00190f78                cbtc_cap_if_app_arc__t_pas_ats_tcs_ltv_acqIP
                0x00143a04                csd_vl_niveau_1__t_descripteur_vl_tripleIP
                0x00298748                cbtc_lcap_pre_msg_pas_frontam__presenter_message_ats_pas_ctx_zones_equip_en_reception
                0x001b3cb8                cbtc_app_msg_pae_variants__s_preparer_bf
                0x002f158c                system__stack_usage__pop_index_step_for
                0x00142524                bsp_bouchon(long, int, long double,...)
                0x0013bd6c                cbtc_fonctions_systeme__comb_calculer_distances_et_localisations__evaluer
                0x0027737c                cbtc_lcap_com_types_pas_pae__t_donnees_pas_pae_synchroIP
                0x0026f1b0                cbtc_lcap_cfg_pas_ats_tcs_evac_cmd__t_vl_interneIP
                0x001d6ba8                cbtc_lcap_cfg_types_maint_mes__s_adresse_nombre_donnees_autorisees
                0x0031dadc                hashTblEach
                0x00116cf8                checkProtectionAllocation
                0x00267028                cbtc_lcap_cfg_pas_ats_supervision__t_vl_interneIP
                0x002f4090                system__soft_links__get_stack_info_nt
                0x0029f768                cbtc_lcap_pre_itf_application__s_lire_info_msg_ats_ctx_annulation_cra
                0x002f8864                __gnat_fileno
                0x002862f4                cbtc_lcap_com_types_pal_pas__t_rbids_pas_pal_ctx_applique_ltv_brutIP
                0x00103f34                pciAutoRegConfig
                0x002d9de4                ada__tags__dispatch_table_wrapperIP
                0x001d5a90                cbtc_lcap_com_types_cbtc__t_presence_messageRP
                0x00324774                tyDevRemove
                0x0010fdec                m48t37FailsafeCancel
                0x002ce57c                system__tasking__protected_objects__operations__enqueued
                0x0030261c                _restgpr_24
                0x00318ef0                excInit
                0x001cee84                csd_lcap_vl_sam__memoriser__7
                0x003025d4                _savefpr_27_l
                0x00107db0                sysMotProdConfigGet
                0x001098ac                sysIsPciX
                0x001cc808                cbtc_app_msg_pas__s_recevoir
                0x00312b2c                __sseek
                0x001c0da0                cbtc_app_msg_services__s_convertir_id_train_aligne_en_premier_id_cc
                0x001a2010                cbtc_app_data_secteur__s_lire_date_zc_zc_ba
                0x001a61d8                cbtc_app_data_train_types__Tt_tab_immobileBIP
                0x0032a0fc                kernelVersion
                0x0026b808                cbtc_lcap_cfg_pas_ats_tcs_dpi_acq__t_vle_csqIP
                0x001b1f04                cbtc_app_aut_conversion__s_convertir_lmns_vers_sens
                0x001a3c94                cbtc_app_data_ze__s_ecrire_controle_sqv_actif
                0x0018cfa8                trait_ouragan_fam24__s_executer
                0x002a66b4                cbtc_lcap_cfg_pas_frontam__Tt_conv_crBIP
                0x002c42cc                system__tasking__E7sIP
                0x001538a0                csd_vl_niveau_3__t_descripteur_vleIP
                0x001a27ac                cbtc_app_data_secteur__s_ecrire_date_zc_zc_ba
                0x002fa4d8                ada__text_io__generic_aux__load_skip
                0x002da0f8                ada__tags__is_primary_dt
                0x0014c0a4                csd_lcap_allocation_vmc__gst_mapping_vmc__suivant
                0x001a6394                cbtc_app_data_cv_types__Tt_tab_immobileBIP
                0x002e5ffc                system__arith_64__raise_error
                0x00191050                cbtc_cap_if_app_arc__Tt_tab_ligne_id_voie_pccBIP
                0x00316f6c                cacheInvalidate
                0x00261bf4                cbtc_lcap_com_types_pas_frontam__Tt_tab_donnees_ats_pas_ctx_interdiction_modeBIP
                0x001a3914                cbtc_app_data_ze__s_ecrire_tab_localisation_perte_integrite
                0x00129ecc                cbtc_fonctions_systeme__seq_g_autoriser_l_entree_en_station__activer
                0x0032798c                bootScanNum
                0x00111f84                sysInByte
                0x002ebc08                system__finalization_implementation___alignment
                0x0014c954                csd_lcap_allocation_vmc__offset_vmc_io__get__2X
                0x00320bac                rebootHookAdd
                0x003078b8                exception::what(void) const
                0x0028260c                cbtc_lcap_cfg_vl_csd_pae__lire_identifiant_utilisateur_vl_csd_snvx_pae_pas_synchro
                0x00120d24                cbtc_fonctions_systeme__comb_determiner_double_discrimination__evaluer
                0x002e8148                system__file_io__check_file_open
                0x001a6ccc                cbtc_app_data_cv__s_lire_tab_pae_stop_assurance
                0x0010e494                sysAlarmCancel
                0x002e2930                ada__text_io__integer_aux__gets_lli
                0x002a56c0                cbtc_lcap_pre_msg_pas_mes__Tt_tab_pas_mes_sortie_sigBIP
                0x00288290                cbtc_lcap_cfg_pal_pas_sup_ltv_emi__gestion_messages_a_ecrire__t_pt_message_niveau_3IPX
                0x00287a70                cbtc_lcap_cfg_pal_pas_ctx_ltv_rec__gestion_messages_lus__pt_message_niveau_3X
                0x001f5ea4                cbtc_lcap_cfg_types_maint_pae__Tt_tab_contenu_donnee_maintenanceBIP
                0x0013f190                csd_lcap_bsp__bsp_cme_csd_voie_2__initialiser_txX
                0x00329088                qPriListRemove
                0x00264ffc                cbtc_lcap_cfg_pas_ats_ctx_alim_vs(long, int, long double,...)
                0x001a3278                cbtc_app_data_ze__s_lire_id_train
                0x0030fab0                logb
                0x002f8a88                __gnat_get_task_options
                0x001a5e84                cbtc_app_par_cf_types__t_elm_quaiIP
                0x00319284                printErr
                0x00269c0c                cbtc_lcap_cfg_pas_ats_tcs_block_conf__t_vl_interneIP
                0x002bedac                system__task_primitives__operations__write_lock
                0x001a5f38                cbtc_app_par_cf_types__Tt_tab_cv_zeBIP
                0x00313144                ungetc
                0x002f982c                ada__text_io__generic_aux__nextc
                0x00294b5c                cbtc_lcap_cfg_sam__Tt_presence_messageBIP
                0x00119488                bsp_io__reset_b
                0x002f8a74                __gnat_ttyname
                0x0019deac                cbtc_app_data_ligne__s_lire_kag_g
                0x00199da8                cbtc_app_data_ltv__s_ecrire_date_confirmation_ack_all_psd_alarms
                0x00329eac                smUtilIntRoutine
                0x0030b2d4                type_info::before(type_info const &) const
                0x00158f04                csd_lcap_nvram__adresse_de_sdv
                0x00190edc                cbtc_cap_if_app_arc__t_pas_ats_tcs_evac_acqIP
                0x002eb888                system__file_io__make_unbuffered
                0x00295dbc                cbtc_lcap_cfg_pal_pas__Tt_g_tab_vlr_pal_pas_ctx_applicable_ltvBIP
                0x00273f94                cbtc_lcap_cfg_pas_ats_tcs_fq__s_initialiser
                0x00318fc0                excHookAdd
                0x002c35cc                system__tasking__initialization__final_task_unlock
                0x002701f8                cbtc_lcap_cfg_pas_ats_tcs_evac_conf__t_vlr_csq_redondeeIP
                0x0013e880                csd_lcap_bsp__bsp_cme_csd_voie_2__t_txcomIPX
                0x002bb900                system__interrupts__install_handlers
                0x002df778                ada__text_io__page_length
                0x0032b828                semBCoreInit
                0x002c11ac                system__tasking__debug__get_user_state
                0x00142e58                csd_bouchon__t_informations_bouchonIP
                0x0010bfbc                sysTempeIntEnable
                0x0033200c                windUndelay
                0x002c10f8                system__tasking__debug__Ttrace_flag_setBIP
                0x0030bcd0                __rtti_ptmd
                0x002f6fd8                get_gcc_version
                0x002a6f0c                cbtc_lcap_cfg_pas_frontam__acquerir_message_ats_pas_ctx_zones_equip
                0x0026cac8                cbtc_lcap_cfg_pas_ats_tcs_dpi_cmd__t_vlr_csq_redondeeIP
                0x002ebc2c                system__finalization_implementation___alignment__2
                0x002d806c                __gnat_rcheck_20
                0x001b2264                cbtc_app_aut_conversion__s_adresse_conversion_booleen_vers_etat_bouton
                0x0011c9c4                cbtc_fonctions_systeme__comb_choisir_entree_cdv_int__evaluer
                0x002f0044                system__os_primitives__timed_delay
                0x0029ddc8                cbtc_lcap_pre_itf_architecture__gerer_indice_msg_zc_zc_ba_out
                0x00277394                cbtc_lcap_com_types_pas_pae__t_donnees_eqpt_cc_psd_supervisionIP
                0x001cc7c4                cbtc_app_msg_pas__s_emettre
                0x002f153c                system__stack_usage__task_resultIP
                0x00142140                cst_messagerie__nouveau_message
                0x002dde4c                ada__text_io__create
                0x0019ed80                cbtc_app_data_ligne__s_lire_tab_block_reverse_direction_lk
                0x002b8bfc                csd_lcap_it_cvob__t_tache_it_cvobB
                0x00116444                BSP_CSD_PPC_Spi_Write_Sck_Low
                0x001b8734                cbtc_app_par_cf_gen__s_adresse_inv_etat_alim_vs
                0x0010d4b4                sysTempeBaseAdrsGet
                0x002f6ff8                __gnat_binder_supports_auto_init
                0x0019105c                cbtc_cap_if_app_arc__t_pas_ats_supervision_ltvIP
                0x00126c20                cbtc_fonctions_systeme__comb_s_calculer_la_zc_nv_mal__evaluer
                0x0011ca84                cbtc_fonctions_systeme__comb_g_calculer_etat_intermediaire_aiguille_cible__evaluer
                0x00119614                bsp_vme__adresse_base_vme_a24d16
                0x001c9088                cbtc_app_calc_delocalisation__t_elm_cvs_a_traiterIP
                0x0032b23c                reschedule
                0x002e5ee8                system__arith_64__Odivide
                0x00321878                sigemptyset
                0x0028e368                cbtc_lcap_com_types_pas_sam__t_donnees_messagesIP
                0x0019ee90                cbtc_app_data_ligne__s_ecrire_tab_autorisation_destruction_iti_par_passage
                0x0019d394                cbtc_app_data_ligne_types__Tt_tab_emergency_stop_requestBIP
                0x002f3f40                system__soft_links__adafinal_nt
                0x001194b8                bsp_io__inverser_b
                0x001bd93c                cbtc_app_par_cf__s_lire_seg_cv
                0x00303ae0                mathHardInit
                0x002e7f4c                system__file_io__file_io_clean_up_typeDA__2
                0x00285a24                cbtc_lcap_cfg_pas_pas_rec__gestion_messages_lus__pt_message_niveau_3X
                0x0014d270                csd_lcap_allocation_vmc__gst_mapping_vmc__inserer_fin
                0x0012c9cc                cbtc_fonctions_systeme__seq_s_fiabiliser_les_destructions_par_passage__activer
                0x00307990                bad_exception type_info function
                0x00318e6c                errnoSet
                0x00190f24                cbtc_cap_if_app_arc__t_pas_ats_tcs_fq_acqIP
                0x0011ca5c                cbtc_fonctions_systeme__comb_choisir_entree_aiguille_cible_sens__evaluer
                0x0030afa4                __class_type_info::~__class_type_info(void)
                0x002f3664                system__storage_elements__storage_arrayIP
                0x0011ec8c                cbtc_fonctions_systeme__comb_calculer_conditions_liberation__evaluer
                0x001190f0                cst_types_de_base__Oor__6
                0x002d9324                ada__finalization___alignment__4
                0x001a6250                cbtc_app_data_train_types__Tt_tab_directionBIP
                0x001439e0                csd_vl_niveau_1__t_descripteur_vlrIP
                0x002f1028                system__string_ops_concat_5__str_concat_5
                0x001c3318                cbtc_app_msg_pal_ligne_ltv_in__s_gerer_automate_synchronisation_ltv
                0x0014ef4c                csd_lcap_lcvo_vl__nom_ul_csd_snvx__2
                0x00116878                BSP_CSD_PPC_Wdog_Rearmer
                0x0018cd70                trait_ouragan_fam32__s_executer
                0x003150b8                strerror
                0x00296080                cbtc_lcap_cfg_pal_pas__generer_message_pas_pal_ctx_applique_ltv
                0x0015343c                csd_vl_niveau_3__nouvelle_vlr
                0x0032d98c                semMGiveKern
                0x002715e8                cbtc_lcap_cfg_pas_ats_tcs_fq_acq__t_vle_csqIP
                0x0026d3c0                cbtc_lcap_cfg_pas_ats_tcs_dpi__generer_message_pas_ats_tcs_dpi_acq
                0x001617b0                trait_ouragan_fam82__s_executer
                0x00118dfc                csd_lcap_main
                0x0032dd3c                taskSpawn
                0x00295e7c                cbtc_lcap_cfg_pal_pas__Tt_g_tab_vlr_pas_pal_ctx_applique_ltvBIP
                0x001a3310                cbtc_app_data_ze__s_lire_tab_localisation_perte_integrite
                0x002f8464                put_int_stderr
                0x00154a48                csd_lcap_sdv__gestion_messages_lus__pt_message_niveau_3X
                0x0030252c                _restfpr_15_l
                0x0019a158                cbtc_app_data_ltv__s_ecrire_date_reception_contexte_pas
                0x0010099c                pciConfigBdfPack
                0x0029ed94                cbtc_lcap_pre_itf_application__s_lire_info_msg_pas_pas_cbtc_ts
                0x003291d8                qPriListInfo
                0x002bec5c                system__task_primitives__operations__resume_task
                0x0019f37c                cbtc_app_data_ligne__s_ecrire_alarme_fq
                0x00277274                cbtc_lcap_com_types_pas_pae__t_rbinds_pae_eqpt_suiviIP
                0x002dc3fc                ada__text_io__col
                0x00328bd8                qPriBMapResort
                0x002d4b14                ada__exceptions__exception_occurrenceIP
                0x002af1c0                cbtc_lcap_cfg_pas_pae__s_initialiser
                0x00323774                taskSwitchHookAdd
                0x002ebae0                system__file_io__flush
                0x00297bc0                cbtc_lcap_pre_msg_pal_pas__presenter_message_pas_pal_ctx_applique_ltv_en_reception
                0x001a12e0                cbtc_app_data_ligne___elabb
                0x00327ed0                lstInsert
                0x0029dc70                cbtc_lcap_pre_itf_architecture__gerer_indice_msg_eqpt_cc_psd_supervision
                0x002720bc                cbtc_lcap_cfg_pas_ats_tcs_fq_cmd__gestion_messages_lus__t_pt_message_niveau_3IPX
                0x0011c344                cbtc_fonctions_systeme__comb_g_choisir_entree_aiguille_terrain_bool__evaluer
                0x00261b28                cbtc_lcap_com_types_pas_frontam__t_donnees_pas_ats_supervisionIP
                0x0028e38c                cbtc_lcap_com_types_pas_sam__Tt_infos_liaisons_pas_atsBIP
                0x0019c334                cbtc_app_data_tc___elabb
                0x0028ff00                cbtc_lcap_cfg_pas_sam_maint_mes__nouvelle_vle_non_de_securite
                0x00275024                cbtc_lcap_cfg_pas_ats_tcs_sqv_cmd(long, int, long double,...)
                0x001ceba8                csd_lcap_vl_sam__t_compte_rendu_traitement_msg_sdvIP
                0x0010dbb8                sysL2CacheLock
                0x001a3590                cbtc_app_data_ze__s_lire_tab_alarme_evacuation_voyageur
                0x0019d2d4                cbtc_app_data_ligne_types__Tt_tab_enc_dep_realiseBIP
                0x0013ca0c                cbtc_fonctions_systeme__comb_g_calculer_localisation_amont_joint_cdv_synthese__evaluer
                0x0011abd4                cbtc_lcap_tim_archi__Olt
                0x003025f8                _restgpr_15
                0x002e7fbc                system__file_io__mode
                0x0011ce0c                cbtc_fonctions_systeme__comb_g_calculer_etat_premier_cv_cdv_amont__evaluer
                0x002d5260                ada__exceptions__exception_data__basic_exception_info_maxlengthXn
                0x00274314                cbtc_lcap_cfg_pas_ats_tcs_sqv_acq(...)(char, long double, int, long double,...)
                0x003025c8                _savefpr_24_l
                0x002dd83c                ada__text_io__delete
                0x002ac650                cbtc_lcap_cfg_pas_pae__Tt_tab_vlr_cc_eqpt_psd_commandBIP
                0x00199c54                cbtc_app_data_ltv__s_lire_contexte_etabli_ltv
                0x002eb8c8                system__file_io__make_line_buffered
                0x00110490                sysMv64360TmrCntrStart
                0x002458b0                cbtc_app_maintenance_pae__s_get_valeur_restrictive
                0x001ab030                cbtc_app_data_train__s_lire_defaut_suivi_avant_train
                0x001f61a8                cbtc_lcap_cfg_types_maint_pae__s_adresse_taille_donnees
                0x0010df14                sysSerialChanGet
                0x0012b880                cbtc_fonctions_systeme__seq_s_assister_la_du__activer
                0x001abf60                cbtc_app_data_train__s_lever_alarme_delocalisation
                0x001abf04                cbtc_app_data_train__s_lever_alarme_evacuation_voyageur
                0x001a6010                cbtc_app_par_cf_types__Tt_entree_securitaireBIP
                0x0018a9a0                trait_ouragan_fam40__s_executer
                0x0014736c                csd_vl_niveau_1__t_celluleIP
                0x001d4178                cbtc_lcap_com_types_cbtc__Tt_conv_presence_msgBIP
                0x00282b78                cbtc_lcap_com_types_pas_pas__Tt_tab_donnees_maintenance_pas_pasBIP
                0x00199e7c                cbtc_app_data_ltv__s_lire_id_voie_pcc
                0x00316eec                cacheUnlock
                0x002d9e1c                ada__tags__htable_subprograms__equalXn
                0x0011c6d8                cbtc_fonctions_systeme__comb_g_calculer_connexion_cible_entree__evaluer
                0x002713ac                cbtc_lcap_cfg_pas_ats_tcs_fq_acq__gestion_messages_a_ecrire__t_pt_message_niveau_3IPX
                0x001a00f8                cbtc_app_data_ligne__s_ecrire_kag_vi_g
                0x002f35ac                system__standard_library__exception_dataIP
                0x00120ae0                cbtc_fonctions_systeme__comb_discriminer_assiste_arriere_entre_trains__evaluer
                0x00329388                rngBufGet
                0x0028e35c                cbtc_lcap_com_types_pas_sam__t_infos_vl_cap_cier_maint_essentiellesIP
                0x0010bea8                sysMailboxConnect
                0x002e72ac                system__exception_table__exception_htable__get_nextXn
                0x0029b4c4                cbtc_lcap_pre_msg_pas_pae__presenter_message_pae_pas_stop_assure_en_reception
                0x001bde14                cbtc_app_msg_pae_ltv__t_donnees_ltvIP
                0x001cfff4                csd_lcap_vl_sam__t_etat_cap_memoriseRP
                0x0019a7b4                cbtc_app_data_ltv__s_adresse_contexte_8_bits
                0x0014f990                csd_lcap_traceur__reinitialiser_traceur
                0x00334c1c                excShowInit
                0x002f418c                system__soft_links__task_name_nt
                0x0028bfd8                cbtc_lcap_cfg_pal_ats_tcs_ltv_cmd__gestion_messages_lus__pt_message_niveau_3X
                0x002772a4                cbtc_lcap_com_types_pas_pae__t_rbids_pae_pas_stop_assureIP
                0x002909d4                cbtc_lcap_cfg_pas_sam_maint_pae__gestion_messages_a_ecrire__pt_message_niveau_3X
                0x00314d18                memmove
                0x002d9668                ada__finalization__limited_controlledSO__2
                0x0019f9a8                cbtc_app_data_ligne__s_ecrire_appui_bouton_demande_cra
                0x00312bc0                stdioInit
                0x00194194                cbtc_cap_if_app_arc__s_adresse_ats_pas_tcs_block_cmd
                0x00320444                pathCondense
                0x002ba20c                ada__interrupts__attach_handler
                0x00282adc                cbtc_lcap_com_types_pas_pas__Tt_tab_info_train_compositionBIP
                0x001d3c28                csd_lcap_auto_tests__callable
                0x00112230                sysNvRead
                0x0019e508                cbtc_app_data_ligne__s_lire_etat_detecteur_passage_detaille
                0x001d4244                cbtc_lcap_com_types_cbtc__lire_id_message_cbtc
                0x00277550                cbtc_lcap_com_types_pas_pae__Tt_tab_hlsBIP
                0x00336218                qJobDelete
                0x002d9d7c                ada__tags__select_specific_data_arrayIP
                0x00262d1c                cbtc_lcap_com_types_pas_frontam__s_adresse_donnees_ats_pas_tcs_sqv_par_defaut
                0x002da758                ada__tags__register_tag
                0x00199b68                cbtc_app_data_ltv_types__Tt_tab_etat_automate_synchronisation_ltvBIP
                0x00155d68                csd_lcap_vl_vmc__Tt_tab_ctx_rxBIP
                0x0032fc50                taskUnsafe
                0x00266480                cbtc_lcap_cfg_pas_ats_sup_train__t_vl_interneIP
                0x00125e24                cbtc_fonctions_systeme__comb_calculer_la_cible_du_cv__evaluer
                0x002bae7c                system__interrupts__current_handler
                0x001ced10                csd_lcap_vl_sam__t_infos_temporellesIP
                0x001ca884                cbtc_lcap_com_types_vl_init_cier__t_message_init_vl_cier_silamIP
                0x002d7f04                __gnat_rcheck_10
                0x002f7688                __gnat_locate_exec
                0x001a63dc                cbtc_app_gestion_calc__s_executer_fin_cycle
                0x00122a04                cbtc_fonctions_systeme__comb_s_calculer_les_sorties_propager_te_retournement_legitime__evaluer
                0x00119470                bsp_io__inverser_led
                0x001d41a8                cbtc_lcap_com_types_cbtc__Tt_tab_donnees_maintenance_messagesBIP
                0x001a3658                cbtc_app_data_ze__s_lire_tab_temoin_tension
                0x0019a4a0                cbtc_app_data_ltv__s_lire_nb_max_ltv_atteint_pas
                0x002d9398                ada__finalization__initialize
                0x001d38b4                csd_lcap_auto_tests__recuperer_nouveaux_at_periodiques
                0x0019b7fc                cbtc_app_data_tc__s_lire_block_override_command_id
                0x0026fcfc                cbtc_lcap_cfg_pas_ats_tcs_evac_conf__gestion_messages_lus__nouveau_message_niveau_3X
                0x00156488                csd_lcap_vle_snv__nouvelle_vle_snv
                0x00333090                sys_calloc
                0x0025d73c                cbtc_lcap_cfg_pas_mes_entree_sig__gestion_messages_lus__t_pt_message_niveau_3IPX
                0x0025c934                cbtc_lcap_com_types_pas_mes__Tt_tab_bd_sec_vrbcBIP
                0x001b7480                cbtc_app_calc_elab_aig__s_calculer_position_aiguille_extra_cv
                0x001ab1a4                cbtc_app_data_train__s_lire_compo_train_cbtc
                0x002993ac                cbtc_lcap_pre_msg_pas_frontam__presenter_message_ats_pas_tcs_dpi_confirm_en_reception
                0x0019f224                cbtc_app_data_ligne__s_ecrire_ges
                0x00329adc                smUtilProcNumGet
                0x0025c8bc                cbtc_lcap_com_types_pas_mes__Tt_tab_booleens_secBIP
                0x001b6b58                cbtc_app_msg_ats_contexte__s_traiter_msg_interdiction_mode
                0x0019d328                cbtc_app_data_ligne_types__Tt_tab_autorisation_recuperation_electriqueBIP
                0x0013e778                csd_ut_vl__offset_tampon_vlr_non_diffusee
                0x002e561c                interfaces__c__to_ada__6
                0x002be6d0                system__tasking__protected_objects__set_ceiling
                0x00159744                cbtc_lcap_com_calcul_sc_psc__somme_de_controle_psc
                0x001c3220                cbtc_app_msg_pal_ligne_ltv_in__Tt_ltv_existe_vers_etat_ltvBIP
                0x003078fc                exception type_info function
                0x0028e6dc                cbtc_lcap_cfg_pas_sam_maint_ats__gestion_messages_a_ecrire__pt_message_niveau_3X
                0x0031d7a4                hashTblDelete
                0x001aabe4                cbtc_app_data_train__s_lire_vitesse
                0x002ba1c8                ada__interrupts__current_handler
                0x001c266c                cbtc_app_msg_services_arrondi___elabs
                0x002ac44c                cbtc_lcap_cfg_pas_pae__Tt_tab_vlr_pae_pas_synchroBIP
                0x0028fee8                cbtc_lcap_cfg_pas_sam_maint_mes__t_vle_non_de_securiteIP
                0x002d95a8                ada__finalization__Oeq__2
                0x002da7c0                ada__tags___elabs
                0x002e005c                ada__text_io__set_line
                0x001152dc                usrBootLineInit
                0x001a7a98                cbtc_app_data_cv__s_ecrire_occupation_cv
                0x0018ce0c                trait_ouragan_fam31__s_executer
                0x001a6328                cbtc_app_data_cv_types__Tt_tab_no_canton_virtuel_etenduBIP
                0x00197aac                cbtc_cap_if_app_arc__s_adresse_pae_pas_stop_assure
                0x0010dc28                sysL2CacheUnlock
                0x0019adfc                cbtc_app_data_tc__s_initialiser_cycle
                0x00199b20                cbtc_app_data_ltv_types__Tt_tab_etat_automate_parametre_ltvBIP
                0x00335dbc                mmuPpcSdr1Set
                0x0011dae8                cbtc_fonctions_systeme__comb_propager_fraicheur_controle_es__evaluer
                0x001b774c                cbtc_app_calc_elab_zf__s_executer
                0x001a3040                cbtc_app_data_ze_types__Tt_tab_acquittement_alarme_evacuation_voyageurBIP
                0x003025bc                _savefpr_21_l
                0x0018d1e0                trait_ouragan_fam15__s_executer
                0x002ba090                ada__interrupts__reference
                0x00118f24                csd_lcap_identification__identifiant_pap
                0x0010eaa8                sysFailsafeCancel
                0x002f8a68                __gnat_set_text_mode
                0x0032d144                semMCreate
                0x0011c690                cbtc_fonctions_systeme__comb_g_calculer_connexion_cible_sortie__evaluer
                0x00106994                sysPciMaxBus
                0x002ef234                system__img_llb__set_image_based_long_long_integer
                0x0019ec48                cbtc_app_data_ligne__s_lire_tab_tm_enc_dep_non_lib
                0x0027d300                cbtc_lcap_cfg_pas_pae_psd_command__gestion_messages_lus__t_pt_message_niveau_3IPX
                0x00261ab0                cbtc_lcap_com_types_pas_frontam__t_donnees_ats_pas_tcs_block_confirmIP
                0x001a6154                cbtc_app_data_train_types__Tt_tab_longueur_trainBIP
                0x001a60dc                cbtc_app_par_cf_types__Tt_tab_msg_ats_ctx_modes_inhibitionBIP
                0x001a3028                cbtc_app_data_ze_types__Tt_tab_acquittement_alarme_sqv_2BIP
                0x00125474                cbtc_fonctions_systeme__comb_determiner_les_obstacles_fixes_sur_le_cv__evaluer
                0x00101ce4                pciIntConnect
                0x0025e76c                cbtc_lcap_cfg_pas_mes_entree_sig_long__t_vlr_csq_redondeeIP
                0x002dba3c                ada__text_io__text_afcbIP
                0x002897e8                cbtc_lcap_com_types_pal_frontam__t_rbids_ats_pal_tcs_ltv_confirmIP
                0x002c3b18                system__tasking__initialization__do_pending_action
                0x002861f8                cbtc_lcap_cfg_pas_pas_rec__t_vlr_csq_redondeeIP
                0x0013c2dc                cbtc_fonctions_systeme__comb_propager_infos_train__evaluer
                0x00132688                cbtc_fonctions_systeme__seq_g_detecter_la_panne_de_cdv__activer
                0x00128d74                cbtc_fonctions_systeme__comb_autoriser_le_depassement_de_la_cible__evaluer
                0x00302740                _savegpr_26_l
                0x00306998                __cp_push_exception
                0x002b360c                csd_lcap_faire_un_cycle__csd_lcap_faire_un_cycle
                0x0014ad04                csd_lcap_allocation_cte__adresse_cte
                0x0031f4c0                iosOpen
                0x002a9100                cbtc_lcap_com_gestion_cbtc_eqt_pas_mes__gerer_liaisons_cbtc_mes
                0x002f619c                system__wch_jis__shift_jis_to_jis
                0x001b3284                cbtc_app_aut_conversion___elabs
                0x001a3784                cbtc_app_data_ze__s_lire_tab_acquittement_alarme_sqv_2
                0x00296e58                cbtc_lcap_par_cf_zone_id_gen___elabs
                0x002f6ebc                __gnat_set_executable
                0x001bb830                cbtc_app_par_cf_gen__s_adresse_inv_voie
                0x0032b158                msgQNumMsgs
                0x001bd9cc                cbtc_app_par_cf__s_lire_zone_correction_loc
                0x0011a4b4                cbtc_lcap_tim__Ogt
                0x00302580                _restfpr_29_l
                0x00190f0c                cbtc_cap_if_app_arc__t_ats_pas_tcs_fq_cmdIP
                0x0030bdc8                __rtti_array
                0x0032bf00                semCInit
                0x002eab24                system__file_io__file_io_clean_up_typeDF__2
                0x0019e4ec                cbtc_app_data_ligne__s_lire_acquittement_alarme_sqv_2
                0x0013b968                cbtc_fonctions_systeme__comb_g_calculer_presence_te_sure_dp_frontiere__evaluer
                0x002e36c4                interfaces__c__is_nul_terminated__2
                0x001166ac                BSP_CSD_PPC_Vme_Masquer_Its
                0x002ce5c8                system__tasking__protected_objects__operations__update_for_queue_to_po
                0x00264024                cbtc_lcap_com_types_pas_frontam__s_adresse_donnees_ats_pas_tcs_dpi_confirm_par_defaut
                0x0019ea84                cbtc_app_data_ligne__s_lire_tab_enc_dep_realise
                0x002731a0                cbtc_lcap_cfg_pas_ats_tcs_fq__generer_message_pas_ats_tcs_fq_acq
                0x0018e9ac                cbtc_cap_aut__Tt_tab_sse_booleenBIP
                0x00128f5c                cbtc_fonctions_systeme__comb_definir_parametres_train_initiateur__evaluer
                0x00167164                trait_ouragan_fam7__s_executer
                0x0029df80                cbtc_lcap_pre_itf_architecture__gerer_indice_msg_pae_pas_stop_assure
                0x00292d48                cbtc_app_maintenance_frontam__s_get_valeur_restrictive
                0x00301edc                intLockLevelSet
                0x00302620                _restgpr_25
                0x001a3c3c                cbtc_app_data_ze__s_ecrire_autorisation_marche_electrique
                0x00313864                atol
                0x002f7940                __gnat_file_length
                0x002f5cfc                system__val_util__normalize_string
                0x00118f88                cst_types_de_base__Onot
                0x001ab658                cbtc_app_data_train__s_lire_tab_direction_cible_stop_assure
                0x00318df4                __errno
                0x0032c770                semFlush
                0x001bd984                cbtc_app_par_cf__s_lire_chemin_cv
                0x0030aa28                __user_type_info::~__user_type_info(void)
                0x00133c6c                cbtc_fonctions_systeme__comb_g_calculer_stop_assurance_ok__evaluer
                0x00196fcc                cbtc_cap_if_app_arc__s_adresse_pas_pae_variants_hf
                0x00301efc                intRegsUnlock
                0x0014edec                csd_lcap_lcvo_vl__nom_ul_csd_nsvrx__2
                0x00131b38                cbtc_fonctions_systeme__comb_g_propager_infos_train_localise__evaluer
                0x002d315c                ada__calendar__Oadd__2
                0x0029a29c                cbtc_lcap_pre_msg_pas_pae__presenter_messages_en_emission_pas_pae_variants_hf
                0x001a3164                cbtc_app_data_ze__s_alarme_dpi_est_memorisee
                0x002a9eac                cbtc_lcap_cfg_pas_pas___elabb
                0x0027b27c                cbtc_lcap_cfg_pas_pae_cible__gestion_messages_a_ecrire__nouveau_message_niveau_3X
                0x00302310                intUnlock
                0x0025c7b4                cbtc_lcap_com_types_pas_mes__t_rbinds_simpleIP
                0x001a7c08                cbtc_app_data_cv__s_ecrire_defaut_suivi_avant_train
                0x0019ef88                cbtc_app_data_ligne__s_ecrire_tab_cbtc_olz
                0x002ac5a4                cbtc_lcap_cfg_pas_pae__Tt_tab_vlr_pae_pas_stop_assureBIP
                0x00143a34                csd_vl_niveau_1__t_vlD2
                0x0032dfe8                taskInit
                0x001d4190                cbtc_lcap_com_types_cbtc__t_donnees_maintenance_voieIP
                0x00158bd0                csd_lcap_nvram__adresse_nvram_de_sdv
                0x00143a1c                csd_vl_niveau_1__t_vl_table_configurationIP
                0x00153900                csd_lcap_at__t_at_periodiquesIP
                0x00190f60                cbtc_cap_if_app_arc__t_ats_pas_tcs_ltv_cmdIP
                0x002beab0                system__task_primitives__operations__specific__selfXnn
                0x00199c3c                cbtc_app_data_ltv__s_lire_nb_max_ltv_atteint
                0x0015b138                cbtc_cap_aut_data__Tt_tableau_sn_enumeresBIP
                0x001a0d9c                cbtc_app_data_ligne__s_adresse_contexte
                0x0018ceb0                trait_ouragan_fam27__s_executer
                0x0031f46c                iosDelete
                0x002b9348                csd_lcap_it_cvob__t_tache_it_cvobVIP
                0x00261b64                cbtc_lcap_com_types_pas_frontam__Tt_tab_alarmes_evacuation_acquittablesBIP
                0x001a6e70                cbtc_app_data_cv__s_lire_tab_pae_alarme_delocalisation
                0x00155b3c                csd_lcap_vl_vmc__memoriser_les_contextes
                0x001368b0                cbtc_fonctions_systeme__comb_determiner_le_franchissement_du_signal__evaluer
                0x00326ec8                bootBpAnchorExtract
                0x001be9f8                cbtc_app_par_fc_gen__s_adresse_tempo_confirmation_tcs
                0x001d1cec                csd_lcap_synthese_it_cvo__callable
                0x0015289c                csd_vl_niveau_3__calculer_indicateur_presence_message_lu_et_compte_rendu_lecture_niveau_3
                0x0019d4c0                cbtc_app_data_ligne_types__Tt_tab_psd_close_order_rightBIP
                0x00165f88                trait_ouragan_fam8__s_executer
                0x00130d70                cbtc_fonctions_systeme__seq_g_calculer_controle_es_synthese__activer
                0x001539d4                csd_lcap_at__fabriquer_et_ecrire_msg_at
                0x001158f0                usrMmuInit
                0x002f5b14                system__val_util__scan_sign
                0x00292070                cbtc_lcap_cfg_types_maint_frontam__Tt_tab_contenu_donnee_maintenanceBIP
                0x00301e5c                intEnable
                0x002f8f34                __gnat_get_interrupt_state
                0x0012d36c                cbtc_fonctions_systeme__seq_g_allouer_la_lp__activer
                0x001a6190                cbtc_app_data_train_types__Tt_tab_vitesse_mmpsBIP
                0x00302644                _savegpr_14
                0x00327e00                lstExtract
                0x00190d68                cbtc_cap_if_app_arc__Tt_variants_bfBIP
                0x00146b3c                csd_vl_niveau_1__nouvelle_vlr_redondee__2
                0x001a65a4                cbtc_app_data_cv__s_lire_defaut_suivi_avant_calcule
                0x0019e11c                cbtc_app_data_ligne__s_lire_autorisation_recuperation_electrique_pas
                0x00144238                csd_vl_niveau_1(...)(char, long double, int, long double,...)
                0x002e37f0                interfaces__c__to_ada
                0x0030cfc4                signed char type_info function
                0x002dd76c                ada__text_io__is_open
                0x001489fc                csd_lcap_lcvo_types_de_base__Tt_traitements_capBIP
                0x002dbadc                ada__text_io___size__2
                0x00265140                cbtc_lcap_cfg_pas_ats_ctx_alim_vs__nouvelle_vlr_redondee_non_de_securite
                0x001a574c                cbtc_app_msg_ats_tcs_conf__s_traiter_block
                0x0013e5fc                csd_ut_vl__numero_cme_csd
                0x00307c6c                bad_alloc type_info function
                0x002d8608                ada__exceptions__string_to_eid
                0x0025e830                cbtc_lcap_cfg_pas_mes_sortie_sig(...)(char, long double, int, long double,...)
                0x002f04c8                system__secondary_stack__ss_allocate
                0x0029919c                cbtc_lcap_pre_msg_pas_frontam__presenter_message_ats_pas_tcs_fq_confirm_en_reception
                0x0019e378                cbtc_app_data_ligne__s_lire_date_etat_alim
                0x002960a4                cbtc_lcap_cfg_pal_pas__s_initialiser
                0x001a67e0                cbtc_app_data_cv__s_lire_tab_train_alloue_base
                0x001a2858                cbtc_app_data_secteur__s_ecrire_zone_sens_marche
                0x002da5f0                ada__tags__base_address
                0x00302400                vxHid0Set
                0x00129b60                cbtc_fonctions_systeme__seq_autoriser_l_entree_en_station__activer
                0x001a1f08                cbtc_app_data_secteur_types__Tt_tab_date_baBIP
                0x00127780                cbtc_fonctions_systeme__comb_g_propager_mt_pre_calculs__evaluer
                0x003290ac                qPriListResort
                0x002d75c0                __gnat_raise_nodefer_with_msg
                0x00156628                csd_lcap_nvram__demarrage_avec_ctx_mnv
                0x002eac00                system__file_io__file_io_clean_up_typeSW__2
                0x002d0730                system__os_interface__timespecIP
                0x0025c910                cbtc_lcap_com_types_pas_mes__Tt_tab_booleens_ess_sortieBIP
                0x002dfdb4                ada__text_io__skip_line
                0x001a6094                cbtc_app_par_cf_types__t_desc_bit_variant_hf_securitaireIP
                0x002e1338                ada__text_io__get_line__3
                0x0026b5b4                cbtc_lcap_cfg_pas_ats_tcs_dpi_acq__t_vl_interneIP
                0x001cf6b0                csd_lcap_vl_sam__fournir
                0x00129f2c                cbtc_fonctions_systeme__seq_detecter_une_suspicion_panne_de_dp__activer
                0x0019a388                cbtc_app_data_ltv__s_lire_tab_id_voie_pas
                0x00190e88                cbtc_cap_if_app_arc__t_pas_pal_ctx_applique_ltvIP
                0x002774b4                cbtc_lcap_com_types_pas_pae__Tt_tab_messages_pas_pae_synchroBIP
                0x00120bcc                cbtc_fonctions_systeme__comb_calculer_premier_train_zf__evaluer
                0x00110990                sysAuxClkRateGet
                0x0018d048                trait_ouragan_fam20__s_executer
                0x00143ae8                csd_vl_niveau_1___elabb
                0x001d4154                cbtc_lcap_com_types_cbtc__Tt_tab_date_msg_avarieBIP
                0x001a3250                cbtc_app_data_ze__s_alarme_evac_est_acquittee
                0x00123798                cbtc_fonctions_systeme__comb_g_propager_te_retournement_legitime_croissant__evaluer
                0x00318b8c                getenv
                0x0014eadc                csd_lcap_lcvo_vl__identifiant_ul_csd_snvx
                0x0010ad58                getOutWinVals
                0x002be694                system__tasking__protected_objects__entry_bodyIP
                0x0019396c                cbtc_cap_if_app_arc__s_adresse_ats_pas_tcs_fq_cmd
                0x0013eb90                csd_lcap_bsp__inverser_led_defaut
                0x0032db84                semMPendQPut
                0x0030f298                ceil
                0x00257a44                cbtc_app_maintenance_pas__s_get_nombre_donnees_autorisees
                0x0032c928                semDestroy
                0x001a9e28                cbtc_app_maintenance_appli__Tt_tab_bitsBIP
                0x00329140                qPriListAdvance
                0x0019fb58                cbtc_app_data_ligne__s_ecrire_commande_service_provisoire
                0x00193c24                cbtc_cap_if_app_arc__s_adresse_pas_ats_tcs_block_acq
                0x0025e7b8                cbtc_lcap_cfg_pas_mes_sortie_sig__gestion_messages_a_ecrire__t_pt_message_niveau_3IPX
                0x00100590                pciFindClass
                0x0031aed4                fioRead
                0x002eb908                system__file_io__read_buf__2
                0x00289018                cbtc_lcap_cfg_pal_pas_sup_ltv_rec(long, int, long double,...)
                0x001b10e4                cbtc_app_calc_elab_cv__s_placer_informations_train_sur_cv
                0x0029748c                cbtc_lcap_pre_msg_pal_frontam__presenter_message_ats_pal_tcs_ltv_confirm_en_reception
                0x002bee58                system__task_primitives__operations__set_true
                0x001a65e4                cbtc_app_data_cv__s_lire_occupation_cv_te
                0x00101970                pciConfigModifyByte
                0x001565a8                csd_lcap_services__t_neantIP
                0x0019e2d0                cbtc_app_data_ligne__s_lire_depart_cra_annule
                0x0014ea74                csd_lcap_lcvo_vl__t_echanges_directs_cvo_vers_capIP
                0x001a61cc                cbtc_app_data_train_types__Tt_tab_visibilite_okBIP
                0x0014f9a8                csd_lcap_traceur__valeur_courante_traceur
                0x002d9d28                ada__tags__interfaces_arrayIP
                0x002c4038                system__tasking__initialization__task_unlock__2
                0x001b27d4                cbtc_app_aut_conversion__s_adresse_conversion_direction_vers_lmns
                0x002d1b9c                system__tasking__entry_calls__wait_until_abortable
                0x002c452c                system__tasking__accept_alternativeIP
                0x00319184                fioLibInit
                0x002dc930                ada__text_io__new_line
                0x0026c354                cbtc_lcap_cfg_pas_ats_tcs_dpi_cmd(long, int, long double,...)
                0x0025e990                cbtc_lcap_cfg_pas_mes_sortie_sig__gestion_messages_a_ecrire__nouveau_message_niveau_3X
                0x0025e7a0                cbtc_lcap_cfg_pas_mes_sortie_sig__t_vl_interneIP
                0x0015b1a4                cbtc_cap_aut_data__Tt_tableau_vm_entiers_s4BIP
                0x00199b80                cbtc_app_data_ltv_types__Tt_tab_numero_contexte_pasBIP
                0x00127090                cbtc_fonctions_systeme__comb_s_calculer_les_entrees_elaborer_la_cible__evaluer
                0x00302694                _restgpr_14_l
                0x00329f74                kernelInit
                0x0019aec4                cbtc_app_data_tc__s_ecrire_action_ltv
                0x0015b49c                cbtc_cap_aut_data___elabs
                0x002e447c                interfaces__c__to_c__8
                0x00119ea4                bsp_cme_services_de_base__offset_registres_tx
                0x0019b5e8                cbtc_app_data_tc__s_lire_msg_rejet_cmd_fq
                0x0025c868                cbtc_lcap_com_types_pas_mes__Tt_tab_donnees_pas_longBIP
                0x0010673c                pciAutoConfig
                0x0019e59c                cbtc_app_data_ligne__s_lire_quai_accessible
                0x00302638                _restgpr_31
                0x0031266c                __srget
                0x0013f7f0                csd_lcap_bsp__bsp_cme_csd_voie_1__etat_tx_okX
                0x0030f59c                floor
                0x001bb008                cbtc_app_par_cf_gen__s_adresse_inv_ats_block_id
                0x00316e0c                cacheLibInit
                0x002edc30                system__finalization_implementation__record_controllerIP
                0x00261a68                cbtc_lcap_com_types_pas_frontam__t_donnees_ats_pas_tcs_evacIP
                0x002f42d0                system__soft_links___elabb
                0x001d4658                cbtc_lcap_com_types_cbtc__s_adresse_tab_id_message_cbtc
                0x001a0c54                cbtc_app_data_ligne__s_ecrire_alarme_fq_et_determiner_son_acquitabilite
                0x0027a174                cbtc_lcap_cfg_pas_pae_sc__somme_controle_cc_eqpt_psd_command
                0x0013af40                cbtc_fonctions_systeme__comb_g_determiner_franchissement_cdv_decroissant__evaluer
                0x002d5460                ada__exceptions__exception_data__basic_exception_tback_maxlengthXn
                0x002a750c                cbtc_lcap_cfg_pas_frontam__acquerir_message_ats_pas_ctx_alim_vs
                0x00277334                cbtc_lcap_com_types_pas_pae__t_rbids_pas_pae_variants_bfIP
                0x001c2270                cbtc_app_msg_services__s_adresse_loc_seg
                0x002d76dc                ada__exceptions__raise_from_controlled_operation
                0x003326d4                windPendQFlush
                0x0027dd14                cbtc_lcap_cfg_pas_pae_psd_supervision__gestion_messages_a_ecrire__nouveau_message_niveau_3X
                0x0019f138                cbtc_app_data_ligne__s_ecrire_tab_quai_accessible
                0x00333cdc                memPartInit
                0x00293b84                cbtc_lcap_cfg_sam_commande__nouvelle_vlr_redondee_non_de_securite
                0x001d5b10                cbtc_lcap_cfg_bouchon__t_config_lpae_bch_capIP
                0x0014dc30                csd_lcap_at_vmc__at_vmc
                0x00312890                setlinebuf
                0x0031f2fc                iosFdNew
                0x001565dc                csd_lcap_services___elabs
                0x002583d8                cbtc_lcap_com_gestion_liaisons_cbtc__Tt_est_verrouilleBIP
                0x0019b9c4                cbtc_app_data_tc__s_lire_tcs_cmd_recue_pendant_traitement
                0x003025a4                _savefpr_15_l
                0x002e3808                interfaces__c__to_ada__7
                0x002d7fb8                __gnat_rcheck_15
                0x002f1554                system__stack_usage__top_slot_index_in
                0x002d6804                ada__exceptions__stream_attributes__eo_to_stringXn
                0x0013f234                csd_lcap_bsp__bsp_cme_csd_voie_2__installer_itX
                0x0013e8ec                csd_lcap_bsp__masquer_its_vme
                0x0011c3e0                cbtc_fonctions_systeme__comb_g_choisir_entree_aiguille_cible_bool__evaluer
                0x003139d8                labs
                0x0019e524                cbtc_app_data_ligne__s_lire_etat_zone_equipee
                0x002d7b9c                ada__exceptions__raise_from_signal_handler
                0x002d6160                ada__exceptions__exception_propagation__setup_exceptionXn
                0x00166100                trait_ouragan_fam74__s_executer
                0x001b54d0                cbtc_app_msg_ats_tcs_cmd__s_traiter_block
                0x001a7420                cbtc_app_data_cv__s_ecrire_pae_train_a_quai
                0x002d5d60                ada__exceptions__exception_data__set_exception_msgXn
                0x0019135c                cbtc_cap_if_app_arc__s_adresse_pas_ats_supervision_train
                0x001a9eb0                cbtc_app_maintenance_appli___elabs
                0x00311db0                gets
                0x002bed78                system__task_primitives__operations__write_lock__2
                0x001b217c                cbtc_app_aut_conversion__s_convertir_lmns_vers_type_cible
                0x0011e68c                cbtc_fonctions_systeme__comb_ecraser_oti_cdv__evaluer
                0x00114f24                sysOutWord
                0x002e5ecc                system__arith_64__Oadd__2
                0x0025c844                cbtc_lcap_com_types_pas_mes__t_rbids_mes_pas_brutIP
                0x0025bdac                cbtc_lcap_com_sam_maint_ats__nouvelle_vle_non_de_securite
                0x0011c760                cbtc_fonctions_systeme__comb_choisir_sorties_aiguille_terrain_etat_cv__evaluer
                0x001a7928                cbtc_app_data_cv__s_ecrire_sens_cible_vital
                0x001351b8                cbtc_fonctions_systeme__comb_detecter_le_train_sur_la_za__evaluer
                0x002837ac                cbtc_lcap_cfg_pas_pas_ba_emi__gestion_messages_a_ecrire__t_pt_message_niveau_3IPX
                0x0025c994                cbtc_lcap_com_types_pas_mes__Tt_tab_messages_mes_pasBIP
                0x00190e40                cbtc_cap_if_app_arc__Tt_sortie_fonctionnelleBIP
                0x0016609c                trait_ouragan_fam77__s_executer
                0x0015df8c                trait_ouragan_fam86__s_executer
                0x0011a720                cbtc_lcap_tim_archi___elabs
                0x0019acd8                cbtc_app_data_tc_types__Tt_tab_no_confirmationBIP
                0x00268918                cbtc_lcap_cfg_pas_ats_tcs_block_acq__t_vle_csqIP
                0x001477d4                csd_sam_vl__numero_recepteur
                0x002dac10                ada__tags__expanded_name
                0x00199e5c                cbtc_app_data_ltv__s_lire_id_voie
                0x00133db4                cbtc_fonctions_systeme__comb_memoriser_train_mal_etendue_graph_conditions__evaluer
                0x0028e610                cbtc_lcap_cfg_pas_sam_maint_ats__t_vl_interneIP
                0x00190d50                cbtc_cap_if_app_arc__Tt_variants_hfBIP
                0x002f99e8                ada__text_io__generic_aux__load_extended_digits
                0x002f0358                system__secondary_stack__memoryIP
                0x0029fc6c                cbtc_lcap_pre_itf_application__s_lire_info_msg_ats_pas_tcs_block_cmd
                0x0019d574                cbtc_app_data_ligne_types__Tt_tab_alarme_sqv_1_acquittableBIP
                0x0014ea8c                csd_lcap_lcvo_vl__t_echanges_directs_cap_vers_cvoIP
                0x001439bc                csd_vl_niveau_1__t_descripteur_table_configuration_a_creerIP
                0x002f609c                system__wch_con__get_wc_encoding_method
                0x001ab140                cbtc_app_data_train__s_lire_alarme_evacuation_voyageur
                0x00186bf4                trait_ouragan_fam46__s_executer
                0x002f7a70                __gnat_opendir
                0x002c1268                system__tasking__debug__print_current_task
                0x0019a270                cbtc_app_data_ltv__s_ecrire_tab_ltv_existe_pas
                0x001d6e30                cbtc_lcap_cfg_types_maint_mes___elabs
                0x003281c8                qFifoGet
                0x00316fac                cacheClear
                0x0031388c                bsearch
                0x002f6f84                __gnat_to_canonical_path_spec
                0x002d8cbc                ada__exceptions__wide_wide_exception_name__2
                0x001a3064                cbtc_app_data_ze_types__Tt_tab_localisation_evacuation_voyageurBIP
                0x003287fc                qCalibrate
                0x002773dc                cbtc_lcap_com_types_pas_pae__Tt_tab_tri_messagesBIP
                0x001d6054                cbtc_lcap_cfg_bouchon___elabb
                0x002f51a0                system__val_llu__value_long_long_unsigned
                0x00277514                cbtc_lcap_com_types_pas_pae__Tt_tab_messages_pae_eqpt_suiviBIP
                0x001538cc                csd_vl_niveau_3__t_descripteur_vlr_redondeeIP
                0x002edd18                system__finalization_root___size
                0x0013e748                csd_ut_vl__offset_tampon_vle_non_diffusee
                0x0010d780                sysTempeVeatClear
                0x001c1384                cbtc_app_msg_services__s_trouver_no_quai_fq
                0x001a3a50                cbtc_app_data_ze__s_ecrire_acquittement_alarme_perte_d_integrite
                0x0018cc88                trait_ouragan_fam37__s_executer
                0x00118ec4                bsp_hook_post_mortem__address_exception_context
                0x001ab5c0                cbtc_app_data_train__s_lire_tab_offset_cv_cible_droit_stop_assure
                0x002f5094                system__val_llu__scan_long_long_unsigned
                0x001d62ac                cbtc_lcap_cfg_bouchon__s_lire_version_pae_rev
                0x0012d7e4                cbtc_fonctions_systeme__seq_proteger_des_destructions_transit_souple__activer
                0x002f732c                __gnat_is_regular_file
                0x001c0d24                cbtc_app_msg_services__Tt_tab_etat_vers_positionBIP
                0x00140030                csd_lcap_bsp__bsp_cme_csd_voie_1__masquer_itX
                0x00114efc                sysPciInByte
                0x002e1790                ada__text_io__get_immediate__4
                0x00297b48                cbtc_lcap_pre_msg_pal_pas__Tt_tab_pal_pas_ctx_applicable_ltv_emisBIP
                0x00142e88                csd_bouchon__lire_informations_bouchon
                0x00116554                BSP_CSD_PPC_Spi_Write_Cs_High
                0x00265ba0                cbtc_lcap_cfg_pas_ats_ctx_interd_mode__nouvelle_vlr_redondee_non_de_securite
                0x0029e314                cbtc_lcap_pre_itf_application__s_ecrire_info_msg_pas_ats_tcs_sqv_acq
                0x001bbda0                cbtc_app_par_cf_gen__s_adresse_inv_troncon_voie
                0x002fa440                ada__text_io__generic_aux__string_skip
                0x002dea6c                ada__text_io__set_error
                0x00266620                cbtc_lcap_cfg_pas_ats_sup_train__nouvelle_vle_non_de_securite
                0x0014fa14                csd_lcap_traceur__tracer
                0x0025bc20                cbtc_lcap_com_sam_maint_ats__gestion_messages_a_ecrire__t_pt_message_niveau_3IPX
                0x00324994                tyAbortFuncSet
                0x001d3de4                csd_types_vl__Tt_tab_infos_vl_csdBIP
                0x002ba39c                system__interrupts__handler_assocIP
                0x0019e4d0                cbtc_app_data_ligne__s_lire_acquittement_alarme_sqv_1
                0x00136100                cbtc_fonctions_systeme__comb_propager_mt_fonc_croissant__evaluer
                0x00116ca8                dbg_free
                0x002cb75c                system__tasking__stages__terminate_task
                0x0011b034                cbtc_app_aut_coupleur__Tt_tab_quai_lmnsBIP
                0x003018f8                excVecBaseGet
                0x00119c5c                bsp_cme_services_de_base_sam__offset_zone_cme
                0x00115d30                usrKernelCoreInit
                0x002e5b5c                interfaces__c__to_ada__2
                0x0011c318                cbtc_fonctions_systeme__comb_g_choisir_entree_aiguille_terrain_int__evaluer
                0x00107ac4                sysMotVpdPktGet
                0x002e60bc                system__arith_64__subtract_with_ovflo_check
                0x002f8008                __gnat_current_time
                0x002c8314                system__tasking__rendezvous__timed_task_entry_call
                0x0031f700                iosWrite
                0x0010d970                sysL2CacheFlush
                0x0028e380                cbtc_lcap_com_types_pas_sam__Tt_tab_infos_liaisons_pas_paeBIP
                0x00302394                vxDsisrSet
                0x00334968                memAddToPool
                0x002ce56c                system__tasking__protected_objects__operations__cancelled
                0x00292374                cbtc_lcap_cfg_types_maint_frontam__s_adresse_taille_donnees
                0x00143e38                csd_vl_niveau_1__longueur_max_message__4
                0x002d8450                ada__exceptions__save_occurrence
                0x0031f22c                iosFdSet
                0x002d938c                ada__finalization__finalize__2
                0x00145858                csd_vl_niveau_1__ajouter_a_liste_vl
                0x0030b9c8                __rtti_attr
                0x002f9230                getpid
                0x002e723c                system__exception_table__equal
                0x002deb0c                ada__text_io__put__2
                0x00292e48                cbtc_app_maintenance_frontam__s_get_bits
                0x003304c0                taskNameToId
                0x001124b4                sysProbeErrClr
                0x002ffa08                CSD_LCAP_AT_CPU_LOAD_STORE
                0x001cb170                cbtc_lcap_com_types_vl_init_cier___elabs
                0x001c35dc                cbtc_app_msg_pae_fq_recu__s_traiter_msg
                0x0019b61c                cbtc_app_data_tc__s_lire_msg_rejet_cmd_sqv
                0x001483cc                csd_vl_niveau_2(...)(char, long double, int, long double,...)
                0x002b7cf4                csd_lcap_sequenceur__P4bIP
                0x0025af88                cbtc_lcap_com_types_frontam__Tt_tab_donnees_liaison_frontamBIP
                0x001b89ec                cbtc_app_par_cf_gen__s_adresse_inv_etat_zone_equipee
                0x001a6bd0                cbtc_app_data_cv__s_lire_tab_pae_vitesse
                0x00328794                qGetExpired
                0x0032885c                qEach
                0x001a3e4c                cbtc_app_data_ze__s_ecrire_acquittement_alarme_sqv_2
                0x0014ea64                csd_lcap_lcvo_vl__t_caracteristiques_vlIP
                0x002f02ec                system__restrictions__abort_allowed
                0x00129290                cbtc_fonctions_systeme__comb_g_synthetiser_etat_panne_cdv__evaluer
                0x0010e2e4                sysClkRateSet
                0x001a74d8                cbtc_app_data_cv__s_ecrire_pae_stop_assurance_localisation
                0x00313c44                qsort
                0x0027c0a8                cbtc_lcap_cfg_pas_pae_eqpt_suivi__gestion_messages_lus__nouveau_message_niveau_3X
                0x001a6118                cbtc_app_par_cf_types__Tt_tab_msg_ats_aide_operation_eqpt_solBIP
                0x0019d46c                cbtc_app_data_ligne_types__Tt_tab_cbtc_olzBIP
                0x00295fd4                cbtc_lcap_cfg_pal_pas__Tt_g_tab_vle_pas_pal_ctx_applique_ltvBIP
                0x001a8ca0                cbtc_app_gestion_maint_types__Tt_tab_donnees_maintenanceBIP
                0x0031f010                iosNextDevGet
                0x002a9db0                cbtc_lcap_cfg_pas_pas__generer_message_zc_zc_ba
                0x003346a4                memPartBlockIsValid
                0x0019e058                cbtc_app_data_ligne__s_lire_autorisation_franchissement_sig
                0x00199c84                cbtc_app_data_ltv__s_lire_pal_contextes_connus_tous_les_pas
                0x0011ab1c                cbtc_lcap_tim_archi__Oge
                0x002a0950                cbtc_lcap_cfg_pas_sam___elabb
                0x002e5e84                system__arith_64__Omultiply
                0x0027f100                cbtc_lcap_cfg_pas_pae_synchro_emi(...)(char, long double, int, long double,...)
                0x0013e8c8                csd_lcap_bsp__bsp_cme_csd_voie_2__t_vmeconfIPX
                0x001a76a4                cbtc_app_data_cv__s_ecrire_pae_vitesse
                0x0011a3c0                cbtc_lcap_tim__s_from_time_modulo_32
                0x002fcb6c                CSD_LCAP_AT_CPU_TEST_CRR__
                0x00115350                usrBootLineCrack
                0x00293a40                cbtc_lcap_cfg_sam_commande(long, int, long double,...)
                0x0031112c                fscanf