
Allocating common symbols
Common symbol       size              file

_func_smObjObjShow  0x4               partialImage.o
taskSwitchTable     0x44              partialImage.o
_func_evtLogT1_noTS
                    0x4               partialImage.o
sysCplusEnable      0x4               partialImage.o
__func_type_info type_info node
                    0xc               partialImage.o
_func_spyStop       0x4               partialImage.o
workQWriteIx        0x1               partialImage.o
bad_alloc type_info node
                    0xc               partialImage.o
_func_excInfoShow   0x4               partialImage.o
sysVpd              0x200             partialImage.o
_func_evtLogReserveTaskName
                    0x4               partialImage.o
drvTable            0x4               partialImage.o
__attr_type_info type_info node
                    0xc               partialImage.o
_func_trgCheck      0x4               partialImage.o
workQReadIx         0x1               partialImage.o
fppDisplayHookRtn   0x4               partialImage.o
ioDefPath           0x100             partialImage.o
_func_taskCreateHookAdd
                    0x4               partialImage.o
_func_dspRegsListHook
                    0x4               partialImage.o
_func_tmrConnect    0x4               partialImage.o
_func_evtLogTSched  0x4               partialImage.o
vxIntStackBase      0x4               partialImage.o
_func_dspTaskRegsShow
                    0x4               partialImage.o
workQIsEmpty        0x4               partialImage.o
trgEvtClass         0x4               partialImage.o
mmuLibFuncs         0x28              partialImage.o
taskSwapTable       0x44              partialImage.o
_func_evtLogO       0x4               partialImage.o
_func_selWakeupListInit
                    0x4               partialImage.o
semMGiveKernWork    0x4               partialImage.o
trgCnt              0x4               partialImage.o
errno               0x4               partialImage.o
mmuStateTransArraySize
                    0x4               partialImage.o
_func_ioTaskStdSet  0x4               partialImage.o
_func_excIntHook    0x4               partialImage.o
kernelState         0x4               partialImage.o
_func_evtLogM1      0x4               partialImage.o
sysAdaEnable        0x4               partialImage.o
a_test_sequence_branch_cond
                    0x500             partialImage.o
_func_sigExcKill    0x4               partialImage.o
bad_typeid type_info node
                    0xc               partialImage.o
_func_bdall         0x4               partialImage.o
tickQHead           0x10              partialImage.o
_func_logMsg        0x4               partialImage.o
_func_tmrFreq       0x4               partialImage.o
S_CSD_LCAP_AT_CPU_ROTATE_RESULT
                    0x18000           partialImage.o
excMsgQId           0x4               partialImage.o
_clockRealtime      0x14              partialImage.o
_func_tmrEnable     0x4               partialImage.o
msgQDistNumMsgsRtn  0x4               partialImage.o
sysFlags            0x4               partialImage.o
_func_excPanicHook  0x4               partialImage.o
_func_spy           0x4               partialImage.o
bad_cast type_info node
                    0xc               partialImage.o
_func_remCurIdGet   0x4               partialImage.o
init_cr             0x4               partialImage.o
S_CSD_LCAP_AT_CPU_ADD_RESULT
                    0x13200           partialImage.o
a_test_sequence_load
                    0x340             partialImage.o
smObjTcbFreeFailRtn
                    0x4               partialImage.o
a_test_sequence     0x280             partialImage.o
taskBpHook          0x4               partialImage.o
sigEvtRtn           0x4               partialImage.o
_func_selTyDelete   0x4               partialImage.o
S_CSD_LCAP_AT_CPU_REG_RESULT
                    0x198             partialImage.o
_func_evtLogT0      0x4               partialImage.o
_func_tmrStampLock  0x4               partialImage.o
taskDeleteTable     0x44              partialImage.o
_func_valloc        0x4               partialImage.o
_func_evtLogM3      0x4               partialImage.o
fppCreateHookRtn    0x4               partialImage.o
_func_evtLogPoint   0x4               partialImage.o
_func_spyClkStart   0x4               partialImage.o
_func_excBaseHook   0x4               partialImage.o
S_CSD_LCAP_AT_CPU_DIV_RESULT
                    0x3000            partialImage.o
_func_tmrPeriod     0x4               partialImage.o
D_TEST              0x4               partialImage.o
__ptmf_type_info type_info node
                    0xc               partialImage.o
sysParams           0x44              partialImage.o
__array_type_info type_info node
[...]
Memory Configuration

Name             Origin             Length             Attributes
*default*        0x00000000         0xffffffff

Linker script and memory map

                0x00100000                base_rom=0x100000
                0x01000000                base_ram=0x1000000
                0x00000200                CSD_DIVERSIFICATION=0x200
                0x01000000                _size_at_ram=0x1000000

.text           0x00100000   0x236c30
 *(.applicks)
 .applicks      0x00100000       0x14 cks.o
                0x00100000                _CHECKSUM
 *(.csd_ppc_signature)
 csd_ppc_signature.o(.rodata)
 .rodata        0x00100014       0xa8 csd_ppc_signature.o
                0x00100014                csd_ppc_signature
 *fill*         0x001000bc        0x4
                0x001000c0                .=ALIGN(0x10)
 *fill*         0x001000c0      0x200
                0x001004c0                .=(.+CSD_DIVERSIFICATION)
 *(.text)
 .text          0x001002c0   0x236960 partialImage.o
                0x00148930                cst_types_duration__to_duration_cvo
                0x002e3a2c                interfaces__c__to_c__4
                0x0011ed4c                cbtc_fonctions_systeme__comb_calculer_etat_defaut_apres_localisation__evaluer
                0x0032357c                sigPendInit
                0x00300678                CSD_LCAP_AT_PROM
                0x00327e80                dllEach
                0x002e6150                system__arith_64__hi
                0x0014fb74                csd_lcap_signature_vle_snv__svl_csd_snvx_0_1
                0x001119dc                sysHwInit2
                0x002de90c                ada__text_io__line_length
                0x001969a4                cbtc_cap_if_app_arc__s_adresse_pas_pas_cbtc_ts_recu
                0x00119310                bsp_chien_de_garde__arreter_processeur
                0x00267e94                cbtc_lcap_cfg_pas_frontam_sc__somme_controle_pas_ats_tcs_fq_acq
                0x00336298                longjmp
                0x001ab120                cbtc_app_data_train__s_lire_offset_avant_gauche
                0x001a627c                cbtc_app_par_cf_types__t_elm_mes_sortieIP
                0x002d4964                ada__calendar__arithmetic_operations__difference
                0x001a6c2c                cbtc_app_data_cv__s_lire_tab_pae_id
                0x0030ccb0                unsigned int type_info function
                0x003357c8                _sigCtxRtnValSet
                0x003123e8                putchar
                0x001a6258                cbtc_app_par_cf_types__Tt_elm_sortie_securitaireBIP
                0x00148628                csd_vl_niveau_2__lire__2
                0x002c6824                system__tasking__rendezvous__accept_call
                0x0032a574                msgQInit
                0x001c5e4c                cbtc_app_msg_ats_tcs_acq__s_preparer_evac
                0x003027e0                _savefpr_30_l
                0x00316ea4                fpTypeGet
                0x0011cd60                cbtc_fonctions_systeme__comb_g_choisir_entree_aiguille_cible_concealment_type__evaluer
                0x0010de70                sysSerialHwInit
                0x00317bdc                clock_gettime
                0x002f5e2c                system__val_util__scan_plus_sign
                0x002f0410                system__parameters__minimum_stack_size
                0x002d0b2c                system__os_interface__to_clock_ticks
                0x0026b7cc                cbtc_lcap_cfg_pas_ats_tcs_dpi_acq__gestion_messages_a_ecrire__t_pt_message_niveau_3IPX
                0x001bdfd8                cbtc_app_par_cf__s_lire_inv_ats_block_id
                0x002ff848                CSD_LCAP_AT_CPU_COMPARE
                0x001174a8                CSD_LCAP_Adresse_Defauts_Memorises_Etats_CSD
                0x002a5844                cbtc_lcap_pre_msg_pas_pas__presenter_messages_zc_zc_ba_en_emission
                0x002d8d1c                ada__exceptions__wide_wide_exception_name
                0x0028254c                cbtc_lcap_cfg_vl_csd_pae__lire_identifiant_utilisateur_vl_csd_snvx_cc_eqpt_psd_command
                0x0017b42c                trait_ouragan_fam55__s_executer
                0x0032c188                semCCoreInit
                0x001a7acc                cbtc_app_data_cv__s_ecrire_no_cv_cible_fct
                0x0028ccf0                cbtc_lcap_cfg_pal_ats_tcs_ltv_conf__gestion_messages_lus__nouveau_message_niveau_3X
                0x0028b4c8                cbtc_lcap_cfg_pal_ats_tcs_ltv_acq__gestion_messages_a_ecrire__pt_message_niveau_3X
                0x0015b374                cbtc_cap_aut_data__Tt_tableau_vm_entiers_o1BIP
                0x00317778                classInstConnect
                0x001ceaf4                cbtc_app_gestion_msg__s_recevoir
                0x003028b0                _restgpr_21_l
                0x00331578                windSuspend
                0x002e615c                system__arith_64__le3
                0x002e04a4                ada__text_io__look_ahead
                0x00174578                trait_ouragan_fam61__s_executer
                0x001198a8                bsp_vme__masquer_its_vme
                0x002da464                ada__tags__length
                0x00289a30                cbtc_lcap_com_types_pal_frontam__t_rbinds_pal_ats_supervision_ltvIP
                0x00123f24                cbtc_fonctions_systeme__comb_g_effectuer_le_verrouillage_decroissant__evaluer
                0x00302788                _restfpr_31_l
                0x002edfa4                system__finalization_root___alignment__2
                0x00289a48                cbtc_lcap_com_types_pal_frontam__Tt_tab_donnees_ats_pal_tcs_ltv_confirmBIP
                0x002656d4                cbtc_lcap_cfg_pas_ats_ctx_alim_vs__t_vlr_redondee_non_de_securiteIP
                0x002ff988                CSD_LCAP_AT_CPU_CR_LOGICAL
                0x001cd280                cbtc_app_msg_mes__s_recevoir
                0x00306300                __throw_type_match
                0x0032d2d0                semMLibInit
                0x0031253c                putw
                0x00315204                strcpy
                0x003290f8                qPriListCreate
                0x003159bc                asctime
                0x002e7510                system__exception_table__get_key
                0x0012d158                cbtc_fonctions_systeme__seq_envoyer_l_information_cdv_v__activer
                0x001a8edc                cbtc_app_gestion_maint_types__s_adresse_donnees_maintenance
                0x001a3ab0                cbtc_app_data_ze__s_lire_tab_autorisation_recuperation_electrique
                0x00327d78                dllInsert
                0x002f42c4                system__soft_links__set_jmpbuf_address_soft
                0x00116f60                setProtectionAllocation
                0x002da3e4                ada__tags__get_tagged_kind
                0x0030d624                __ashldi3
                0x002775b8                cbtc_lcap_com_types_pas_pae__t_donnees_tri_messagesIP
                0x00319b38                fioFormatV
                0x00147794                csd_lcap_vl__offset_lecture_tampon_vlr_diffusee
                0x002eae84                system__file_io__file_io_clean_up_typeIP
                0x0019b54c                cbtc_app_data_tc__s_lire_type_alarme
                0x00301fb0                intVecBaseSet
                0x002c507c                system__tasking__queuing__dequeue_head
                0x002715c8                cbtc_lcap_cfg_pas_ats_tcs_fq_acq__gestion_messages_a_ecrire__pt_message_niveau_3X
                0x001caaa8                cbtc_lcap_com_types_vl_init_cier__Tt_alignement_message_init_vl_cier_frontamBIP
                0x00336460                qJobTerminate
                0x002f731c                __gnat_os_exit
                0x00261c74                cbtc_lcap_com_types_pas_frontam__t_rbids_ats_pas_tcs_evac_confirmIP
                0x0019b160                cbtc_app_data_tc__s_ecrire_offset_pk_debut_tc_en_cours
                0x002f714c                __gnat_to_canonical_file_list_next
                0x002dc7dc                ada__text_io__read__2
                0x001f5738                cbtc_app_maintenance_mes__s_get_valeur_restrictive
                0x001245a0                cbtc_fonctions_systeme__comb_s_calculer_les_entrees_allouer_le_cv__evaluer
                0x0028f558                cbtc_lcap_cfg_pas_sam_maint_ess__nouvelle_vle_non_de_securite
                0x00191814                cbtc_cap_if_app_arc__s_adresse_pas_ats_supervision
                0x003356d4                sigsetjmp
                0x002746d8                cbtc_lcap_cfg_pas_ats_tcs_sqv_acq__t_vle_csqIP
                0x0012bec0                cbtc_fonctions_systeme__seq_g_assister_du_decroissant__activer
                0x002e0404                ada__text_io__set_input
                0x001a20d8                cbtc_app_data_secteur_types__Tt_tab_zone_sens_marcheBIP
                0x002e3838                interfaces__c__char16_arrayIP
                0x00335fd4                expm1
                0x002d9f88                ada__tags__select_specific_dataIP
                0x001ab0bc                cbtc_app_data_train__s_lire_surveillance_evacuation_en_cours
                0x001a6504                cbtc_app_data_cv_types__Tt_tab_occupation_cvBIP
                0x002bf464                system__task_primitives__operations__finalize_lock__2
                0x001a630c                cbtc_app_par_cf_types__t_desc_bit_aide_operation_eqpt_solIP
                0x00277498                cbtc_lcap_com_types_pas_pae__t_donnees_pae_eqpt_suiviIP
                0x00182984                trait_ouragan_fam49__s_executer
                0x0032a3d4                msgQCreate
                0x0028f3cc                cbtc_lcap_cfg_pas_sam_maint_ess__gestion_messages_a_ecrire__t_pt_message_niveau_3IPX
                0x002be5dc                system__interrupt_management__signal_listIP
                0x0030c288                long long type_info function
                0x001d657c                cbtc_lcap_cfg_types_maint_mes__s_adresse_donnees_maintenance
                0x002d87a4                __gnat_transfer_occurrence
                0x00116acc                BSP_CSD_PPC_Wdog_Arreter_Processeur
                0x00246464                cbtc_lcap_cfg_types_maint_pas__s_adresse_donnees_maintenance
                0x001b6f08                cbtc_app_calc_elab_aig__Tt_pos_sur_aig_coteBIP
                0x0031035c                fabs
                0x002cdf54                system__tasking__protected_objects__entries___size__2
                0x0025ca98                cbtc_lcap_com_types_pas_mes__Tt_tab_identifiant_ul_utilisateurBIP
                0x0032e780                taskDeleteForce
                0x002e5060                interfaces__c__to_ada__12
                0x002c4e7c                system__task_primitives__rts_lockIP
                0x00290c2c                cbtc_lcap_cfg_pas_sam_maint_pae__gestion_messages_a_ecrire__nouveau_message_niveau_3X
                0x0012657c                cbtc_fonctions_systeme__comb_calculer_cible_mobile_cv_plus_restrictive__evaluer
                0x00245a88                cbtc_app_maintenance_pae__Tt_tab_bitsBIP
                0x00317470                cacheDrvFlush
                0x00261de8                cbtc_lcap_com_types_pas_frontam__t_donnees_pas_ats_tcs_sqv_acqIP
                0x0019b9b0                cbtc_app_data_tc__s_lire_msg_rejet_conf_ltv
                0x0030501c                log
                0x001166f8                BSP_CSD_PPC_Spi_Write_Si_Low
                0x002f3870                system__storage_elements__dummy_communication_blockIP
                0x002ba64c                system__interrupts__is_reserved
                0x0026f444                cbtc_lcap_cfg_pas_ats_tcs_evac_cmd(long, int, long double,...)
                0x0019f0a8                cbtc_app_data_ligne__s_ecrire_tab_autorisation_destruction_iti_par_stop_assure
                0x0011e1e0                cbtc_fonctions_systeme__comb_propager_l_etat_materiel__evaluer
                0x002eae58                system__file_io__file_io_clean_up_typeSR__2
                0x00108550                sysMv64360Cpu0SyncBarrier
                0x00199e30                cbtc_app_data_ltv__s_initialiser_cycle
                0x0010e594                sysTimestampFreq
                0x00110b00                sysAuxClkDisable
                0x001aaf5c                cbtc_app_data_train__s_lire_date_integrite
                0x0027f23c                cbtc_lcap_cfg_pas_pae_stop_assure__t_vlr_csq_redondeeIP
                0x002744b8                cbtc_lcap_cfg_pas_ats_tcs_sqv_acq__gestion_messages_a_ecrire__pt_message_niveau_3X
                0x00326228                bcmp
                0x00305380                sqrt
                0x00117238                Dump_Memoire_En_Cours
                0x002babec                system__interrupts__block_interrupt
                0x001117a4                sysDramSize
                0x0011527c                sysL3itcr1Get
                0x002fa1c8                ada__text_io__generic_aux__load__2
                0x002a9e38                cbtc_lcap_cfg_pas_pas__Tt_tab_vlr_pas_pas_cbtc_tsBIP
                0x002e8028                system__file_io__temp_file_recordIP
                0x0028e598                cbtc_lcap_com_types_pas_sam__Tt_maint_pas_atsBIP
                0x001a795c                cbtc_app_data_cv__s_ecrire_pae_operationnel
                0x001a3bac                cbtc_app_data_ze___elabs
                0x002bf024                system__task_primitives__operations__unlock_rts
                0x0017ecb8                trait_ouragan_fam52__s_executer
                0x0014f0cc                csd_lcap_lcvo_vl__nom_ul_csd_nsvrx
                0x00130130                cbtc_fonctions_systeme__seq_calculer_tempo_entree__activer
                0x002ba664                system__interrupts___elabs
                0x002e72dc                system__exception_table__exception_htable__TtableBIPXn
                0x001cd334                cbtc_app_msg_ats__Tt_nb_msg_telecommandeBIP
                0x002d43cc                ada__calendar__arithmetic_operations__subtract
                0x00335704                setjmp
                0x002bed0c                system__task_primitives__operations__get_priority
                0x002ba568                system__interrupts__P18bIP
                0x00191100                cbtc_cap_if_app_arc__t_pas_ats_tcs_block_acqIP
                0x00138ee4                cbtc_fonctions_systeme__comb_allouer_le_cv__evaluer
                0x0015d614                trait_ouragan_fam89__s_executer
                0x001d0404                csd_lcap_vl_sam__csd_lcap_adresse_defauts_memorises_exception
                0x002999a4                cbtc_lcap_pre_msg_pas_pae__Tt_tab_pas_pae_synchroBIP
                0x002871a4                cbtc_lcap_cfg_pal_pas_ctx_ltv_emi__nouvelle_vle_csq
                0x002f0a44                system__string_ops_concat_3__str_concat_3
                0x00148fcc                csd_messagerie_niveau_3__Tt_noms_ul_csd_cplxBIP
                0x0030f53c                cosh
                0x002e6890                system__arith_64__scaled_divide
                0x002bf288                system__task_primitives__operations__unlock__2
                0x0013f53c                csd_lcap_bsp__bsp_cme_csd_voie_2__initialiser_rxX
                0x002e3cb4                interfaces__c__to_c__9
                0x002cde88                system__tasking__protected_objects__entries__protected_entry_body_arrayIP
                0x0029e278                cbtc_lcap_pre_itf_architecture__gerer_indice_msg_pas_pal_ctx_ltv_in
                0x00282618                cbtc_lcap_cfg_vl_csd_pae__lire_identifiant_utilisateur_vl_csd_snvx_pae_pas_stop_assure
                0x0019a138                cbtc_app_data_ltv__s_ecrire_etat_automate_parametre_ltv
                0x0018ebdc                cbtc_cap_aut__Tt_tab_cdv_es4BIP
                0x0032d544                semMCoreInit
                0x002d9534                ada__finalization___size__4
                0x0019f62c                cbtc_app_data_ligne__s_ecrire_train_hold
                0x002f757c                __gnat_locate_regular_file
                0x0014bff0                csd_lcap_allocation_vmc__gst_mapping_vmc__vers_element__2
                0x0011f19c                cbtc_fonctions_systeme__comb_propager_discrimination_assistee__evaluer
                0x002f0948                system__secondary_stack___elabb
                0x0012f358                cbtc_fonctions_systeme__seq_gerer_la_temporisation_de_maintien_du_verrouillage__activer
                0x0010616c                pciAutoAddrAlign
                0x002da5a0                ada__tags__external_tag_htable__removeXn
                0x001533cc                csd_vl_niveau_3__nouvelle_vlr_redondee
                0x0014671c                csd_vl_niveau_1__nouvelle_vl_triple__2
                0x001460f0                csd_vl_niveau_1__nouvelle_vle
                0x00261e24                cbtc_lcap_com_types_pas_frontam__Tt_tab_donnees_ats_pas_tcs_dpiBIP
                0x00310b78                __sflags
                0x00335734                _sigCtxSave
                0x00313250                tmpfile
                0x001196c4                bsp_nvram__read
                0x00148c2c                csd_lcap_lcvo_types_de_base__t_rbids_atIP
                0x00302804                _restgpr_18
                0x001480f4                csd_vl_niveau_2__nouvelle_vlr__2
                0x00191004                cbtc_cap_if_app_arc__t_zc_zc_ba_emisIP
                0x0028d32c                cbtc_lcap_cfg_pal_frontam__generer_message_pal_ats_tcs_ltv_acq
                0x00329894                rngNBytes
                0x002f04d4                system__restrictions__rident__restrictions_infoIP
                0x0025cb58                cbtc_lcap_com_types_pas_mes__Tt_tab_etats_liaisons_pas_mesBIP
                0x0011914c                cst_types_de_base__t_octets_non_signesIP
                0x002edac0                system__finalization_implementation__limited_record_controllerSW
                0x0029e690                cbtc_lcap_pre_itf_application___elabb
                0x0030d724                __divdi3
                0x002969a0                cbtc_lcap_com_gestion_vmc_pas__s_mnv_data_address
                0x001a6884                cbtc_app_data_cv__s_lire_no_cv_cible_fct
                0x0030a4ec                __class_type_info::dcast(type_info const &, int, void *, type_info const *, void *) const
                0x0031e400                ioctl
                0x003221a0                pause
                0x001910d0                cbtc_cap_if_app_arc__t_ats_pas_tcs_evac_confirmIP
                0x00119604                bsp_chien_de_garde__initialiser_chien_de_garde
                0x0031e608                writev
                0x0019e18c                cbtc_app_data_ligne__s_lire_aig_cible_est_a_droite
                0x0011e3a0                cbtc_fonctions_systeme__comb_pre_propager_l_etat_materiel__evaluer
                0x001a68e8                cbtc_app_data_cv__s_lire_pae_sens_marche
                0x0025b464                cbtc_lcap_com_types_frontam___elabs
                0x002d6148                __gnat_tailored_exception_information
                0x002cea08                system__tasking__protected_objects__operations__complete_entry_body
                0x00262c64                cbtc_lcap_com_types_pas_frontam__s_adresse_donnees_ats_pas_tcs_sqv_confirm_par_defaut
                0x0010e4d8                sysClkRateGet
                0x002eed44                system__img_biu__set_image_based_integer
                0x001bde54                cbtc_app_par_cf__s_lire_tab_troncon_voie
                0x0026cd34                cbtc_lcap_cfg_pas_ats_tcs_dpi_conf__gestion_messages_lus__pt_message_niveau_3X
                0x003028ec                _restgpr_28_l
                0x0014a9e4                csd_lcap_allocation_cte__offset_cte_io__put__2X
                0x001735ec                trait_ouragan_fam62__s_executer
                0x0013ed58                csd_lcap_bsp__installer_it_vme_depuis_cvoa
                0x002d86f0                ada__exceptions__save_occurrence_no_private
                0x002ba614                system__interrupts__registered_handlerIP
                0x001a6324                cbtc_app_par_cf_types__Tt_liste_pas_non_palBIP
                0x001a4158                cbtc_app_data_ze__s_memoriser_alarme_dpi
                0x00110530                sysMv64360AuxClkStart
                0x002de9dc                ada__text_io__set_page_length
                0x001910c4                cbtc_cap_if_app_arc__t_ats_pas_tcs_evac_cmdIP
                0x001a64bc                cbtc_app_data_train_types__t_donnees_cibleIP
                0x001966ec                cbtc_cap_if_app_arc__s_adresse_pas_pas_cbtc_ts_emis
                0x0019116c                cbtc_cap_if_app_arc__t_ats_pas_tcs_ltv_confirmIP
                0x0019107c                cbtc_cap_if_app_arc__Tt_tab_ligne_offset_pkBIP
                0x002a00d4                cbtc_lcap_pre_itf_application__s_lire_info_msg_ats_pas_tcs_dpi_confirm
                0x0013d778                cbtc_fonctions_systeme__comb_division_entiere__evaluer
                0x002f051c                system__restrictions__tasking_allowed
                0x00153098                csd_vl_niveau_3__nouvelle_vlr__2
                0x002fffe8                CSD_LCAP_AT_CPU_REG
                0x00144a4c                csd_vl_niveau_1__t_indicateur_presence_messageRP
                0x00328c4c                qPriBMapDelete
                0x0011218c                sysOutByte
                0x0027dd3c                cbtc_lcap_cfg_pas_pae_psd_supervision__gestion_messages_a_ecrire__t_pt_message_niveau_3IPX
                0x001a41b4                cbtc_app_data_ze__s_train_possede_alarme_evac_acquittable
                0x002edf2c                system__finalization_root__empty_root_controlledSR
                0x002bed3c                system__task_primitives__operations__check_no_locks
                0x001a6048                cbtc_app_par_cf_types__Tt_tab_inv_segmentBIP
                0x002d8098                __gnat_rcheck_07
                0x002d8008                __gnat_rcheck_03
                0x002917d4                cbtc_lcap_cfg_pas_sam_maint_pas__gestion_messages_a_ecrire__nouveau_message_niveau_3X
                0x0028a5a8                cbtc_lcap_cfg_pal_ats_sup_ltv(...)(char, long double, int, long double,...)
                0x0019eedc                cbtc_app_data_ligne__s_lire_tab_acquittement_alarme_fq
                0x0011d5cc                cbtc_fonctions_systeme__comb_g_calculer_cdv_amont_terrain__evaluer
                0x002c4fec                system__tasking__queuing__dequeue_call
                0x0025e160                cbtc_lcap_cfg_pas_mes_entree_sig_long__t_vl_interneIP
                0x00176cbc                trait_ouragan_fam60__s_executer
                0x00149008                csd_messagerie_niveau_3__identifiant_ul_csd_cplx
                0x00315688                strtok_r
                0x00333288                sys_free
                0x00119648                bsp_io__installer_it_externe
                0x00330898                tickAnnounce
                0x00261c14                cbtc_lcap_com_types_pas_frontam__Tt_tab_etat_zone_equipeeBIP
                0x0032836c                qFifoDelete
                0x001bdc74                cbtc_app_par_cf__s_lire_pas_cbtc_ts_recu
                0x00261d10                cbtc_lcap_com_types_pas_frontam__t_donnees_ats_pas_tcs_sqv_confirmIP
                0x002fc2c0                CSD_LCAP_AT_CPU_TEST_RRRSH
                0x0010d618                sysTempeRegInit
                0x00111a88                sysProcNumSet
                0x0026b844                cbtc_lcap_cfg_pas_ats_tcs_dpi_acq(...)(char, long double, int, long double,...)
                0x00328220                lstFind
                0x002dff80                ada__text_io__skip_page__2
                0x001295ec                cbtc_fonctions_systeme__comb_detecter_la_panne_de_dp__evaluer
                0x00320420                objFree
                0x0019f4cc                cbtc_app_data_ligne__s_ecrire_block_reverse_direction_lk
                0x00277540                cbtc_lcap_com_types_pas_pae__t_donnees_pas_pae_variants_bfIP
                0x0019a650                cbtc_app_data_ltv__s_lire_identificateur_pas
                0x0018d0f4                trait_ouragan_fam25__s_executer
                0x0029628c                cbtc_lcap_cfg_pal_pas__acquerir_message_pal_pas_ctx_applicable_ltv
                0x0025b918                cbtc_lcap_com_ats_eqpt_hlf_sol(long, int, long double,...)
                0x001121c0                sysBusTas
                0x0019e524                cbtc_app_data_ligne__s_lire_alarme_fq_acquittable
                0x001a6474                cbtc_app_data_train_types__Tt_tab_defaut_suiviBIP
                0x001310a4                cbtc_fonctions_systeme__seq_verifier_fraicheur__activer
                0x002da3d0                ada__tags__get_rc_offset
                0x0018ec30                cbtc_cap_aut__Tt_tab_dp_es4BIP
                0x002d0d70                system__os_interface__task_stop
                0x002807f0                cbtc_lcap_cfg_pas_pae_variants_bf__gestion_messages_a_ecrire__pt_message_niveau_3X
                0x001a6024                cbtc_app_par_cf_types__t_elm_cvIP
                0x001a2ae4                cbtc_app_data_secteur__s_ecrire_date
                0x00147b88                csd_sam_vl__creer_table_configuration_sam
                0x001a3204                cbtc_app_data_ze_types__Tt_tab_temoin_tensionBIP
                0x00119164                cst_types_de_base__t_mots_non_signesIP
                0x00261cf8                cbtc_lcap_com_types_pas_frontam__t_donnees_ats_pas_tcs_sqvIP
                0x0019e540                cbtc_app_data_ligne__s_lire_alarme_sqv_1_acquittable
                0x002e16e8                ada__text_io__get_line__2
                0x002d4d08                ada__exceptions__Ttracebacks_arrayBIP
                0x0033548c                fppTaskRegsSet
                0x0029e338                cbtc_lcap_pre_itf_architecture__gerer_indice_msg_pas_pas_cbtc_ts_in
                0x0012ddfc                cbtc_fonctions_systeme__seq_g_proteger_des_destructions__activer
                0x003193ac                printf
                0x00142258                cst_messagerie__t_messageIP
                0x001af898                cbtc_app_msg_pae_fq_emis__s_preparer_msg
                0x002916c4                cbtc_lcap_cfg_pas_sam_maint_pas__gestion_messages_a_ecrire__t_pt_message_niveau_3IPX
                0x002de198                ada__text_io__afcb_allocate__2
                0x002cdf44                system__tasking__protected_objects__entries___alignment__2
                0x002704b0                cbtc_lcap_cfg_pas_ats_tcs_evac__generer_message_pas_ats_tcs_evac_acq
                0x0028daa4                cbtc_lcap_cfg_pal_frontam__acquerir_message_ats_pal_tcs_ltv
                0x00283b84                cbtc_lcap_cfg_pas_pas_ba_emi__gestion_messages_a_ecrire__nouveau_message_niveau_3X
                0x0014c27c                csd_lcap_allocation_vmc__gst_mapping_vmc__precedent
                0x00319ae4                vsprintf
                0x002df340                ada__text_io__put_line
                0x002c4718                system__tasking__activation_chainIP
                0x001ace24                cbtc_app_data_train__s_ecrire_localisation
                0x0011e698                cbtc_fonctions_systeme__comb_gerer_oti_cdv__evaluer
                0x0025be48                cbtc_lcap_com_sam_maint_ats(...)(char, long double, int, long double,...)
                0x00302824                _restgpr_26
                0x002ed324                system__finalization_implementation__deep_tag_attach
                0x0029657c                cbtc_lcap_com_gestion_vmc_pas__t_mnv_data_storageIP
                0x0019d750                cbtc_app_data_ligne_types__Tt_tab_modes_inhibitionBIP
                0x0013ea50                csd_lcap_bsp__bsp_cme_csd_voie_1__t_vmeconfIPX
                0x00101e88                pciInt
                0x002bba68                system__interrupts__dynamic_interrupt_protectionDF
                0x0011f12c                cbtc_fonctions_systeme__comb_calculer_discrimination_assistee_selon_type__evaluer
                0x003186d4                utime
                0x00302878                _savegpr_27
                0x0019f1d4                cbtc_app_data_ligne__s_ecrire_tab_tm_enc_dep_non_lib
                0x0019d648                cbtc_app_data_ligne_types__Tt_tab_occupation_zone_approcheBIP
                0x00148988                cst_types_duration__to_duration_csd
                0x00119170                cst_types_de_base__t_long_mots_signesIP
                0x00302744                _restfpr_21_l
                0x0028e9b0                cbtc_lcap_cfg_pas_sam_maint_ats__nouvelle_vle_non_de_securite
                0x00277528                cbtc_lcap_com_types_pas_pae__t_donnees_pas_pae_ltvIP
                0x002ce118                system__tasking__protected_objects__entries__lock_entries__2
                0x00261d88                cbtc_lcap_com_types_pas_frontam__t_donnees_pas_ats_tcs_dpi_acqIP
                0x00191178                cbtc_cap_if_app_arc__t_pas_ats_tcs_ltv_acqIP
                0x00143c04                csd_vl_niveau_1__t_descripteur_vl_tripleIP
                0x00298948                cbtc_lcap_pre_msg_pas_frontam__presenter_message_ats_pas_ctx_zones_equip_en_reception
                0x001b3eb8                cbtc_app_msg_pae_variants__s_preparer_bf
                0x002f178c                system__stack_usage__pop_index_step_for
                0x00142724                bsp_bouchon(long, int, long double,...)
                0x0013bf6c                cbtc_fonctions_systeme__comb_calculer_distances_et_localisations__evaluer
                0x0027757c                cbtc_lcap_com_types_pas_pae__t_donnees_pas_pae_synchroIP
                0x0026f3b0                cbtc_lcap_cfg_pas_ats_tcs_evac_cmd__t_vl_interneIP
                0x001d6da8                cbtc_lcap_cfg_types_maint_mes__s_adresse_nombre_donnees_autorisees
                0x0031dcdc                hashTblEach
                0x00116ef8                checkProtectionAllocation
                0x00267228                cbtc_lcap_cfg_pas_ats_supervision__t_vl_interneIP
                0x002f4290                system__soft_links__get_stack_info_nt
                0x0029f968                cbtc_lcap_pre_itf_application__s_lire_info_msg_ats_ctx_annulation_cra
                0x002f8a64                __gnat_fileno
                0x002864f4                cbtc_lcap_com_types_pal_pas__t_rbids_pas_pal_ctx_applique_ltv_brutIP
                0x00104134                pciAutoRegConfig
                0x002d9fe4                ada__tags__dispatch_table_wrapperIP
                0x001d5c90                cbtc_lcap_com_types_cbtc__t_presence_messageRP
                0x00324974                tyDevRemove
                0x0010ffec                m48t37FailsafeCancel
                0x002ce77c                system__tasking__protected_objects__operations__enqueued
                0x0030281c                _restgpr_24
                0x003190f0                excInit
                0x001cf084                csd_lcap_vl_sam__memoriser__7
                0x003027d4                _savefpr_27_l
                0x00107fb0                sysMotProdConfigGet
                0x00109aac                sysIsPciX
                0x001cca08                cbtc_app_msg_pas__s_recevoir
                0x00312d2c                __sseek
                0x001c0fa0                cbtc_app_msg_services__s_convertir_id_train_aligne_en_premier_id_cc
                0x001a2210                cbtc_app_data_secteur__s_lire_date_zc_zc_ba
                0x001a63d8                cbtc_app_data_train_types__Tt_tab_immobileBIP
                0x0032a2fc                kernelVersion
                0x0026ba08                cbtc_lcap_cfg_pas_ats_tcs_dpi_acq__t_vle_csqIP
                0x001b2104                cbtc_app_aut_conversion__s_convertir_lmns_vers_sens
                0x001a3e94                cbtc_app_data_ze__s_ecrire_controle_sqv_actif
                0x0018d1a8                trait_ouragan_fam24__s_executer
                0x002a68b4                cbtc_lcap_cfg_pas_frontam__Tt_conv_crBIP
                0x002c44cc                system__tasking__E7sIP
                0x00153aa0                csd_vl_niveau_3__t_descripteur_vleIP
                0x001a29ac                cbtc_app_data_secteur__s_ecrire_date_zc_zc_ba
                0x002fa6d8                ada__text_io__generic_aux__load_skip
                0x002da2f8                ada__tags__is_primary_dt
                0x0014c2a4                csd_lcap_allocation_vmc__gst_mapping_vmc__suivant
                0x001a6594                cbtc_app_data_cv_types__Tt_tab_immobileBIP
                0x002e61fc                system__arith_64__raise_error
                0x00191250                cbtc_cap_if_app_arc__Tt_tab_ligne_id_voie_pccBIP
                0x0031716c                cacheInvalidate
                0x00261df4                cbtc_lcap_com_types_pas_frontam__Tt_tab_donnees_ats_pas_ctx_interdiction_modeBIP
                0x001a3b14                cbtc_app_data_ze__s_ecrire_tab_localisation_perte_integrite
                0x0012a0cc                cbtc_fonctions_systeme__seq_g_autoriser_l_entree_en_station__activer
                0x00327b8c                bootScanNum
                0x00112184                sysInByte
                0x002ebe08                system__finalization_implementation___alignment
                0x0014cb54                csd_lcap_allocation_vmc__offset_vmc_io__get__2X
                0x00320dac                rebootHookAdd
                0x00307ab8                exception::what(void) const
                0x0028280c                cbtc_lcap_cfg_vl_csd_pae__lire_identifiant_utilisateur_vl_csd_snvx_pae_pas_synchro
                0x00120f24                cbtc_fonctions_systeme__comb_determiner_double_discrimination__evaluer
                0x002e8348                system__file_io__check_file_open
                0x001a6ecc                cbtc_app_data_cv__s_lire_tab_pae_stop_assurance
                0x0010e694                sysAlarmCancel
                0x002e2b30                ada__text_io__integer_aux__gets_lli
                0x002a58c0                cbtc_lcap_pre_msg_pas_mes__Tt_tab_pas_mes_sortie_sigBIP
                0x00288490                cbtc_lcap_cfg_pal_pas_sup_ltv_emi__gestion_messages_a_ecrire__t_pt_message_niveau_3IPX
                0x00287c70                cbtc_lcap_cfg_pal_pas_ctx_ltv_rec__gestion_messages_lus__pt_message_niveau_3X
                0x001f60a4                cbtc_lcap_cfg_types_maint_pae__Tt_tab_contenu_donnee_maintenanceBIP
                0x0013f390                csd_lcap_bsp__bsp_cme_csd_voie_2__initialiser_txX
                0x00329288                qPriListRemove
                0x002651fc                cbtc_lcap_cfg_pas_ats_ctx_alim_vs(long, int, long double,...)
                0x001a3478                cbtc_app_data_ze__s_lire_id_train
                0x0030fcb0                logb
                0x002f8c88                __gnat_get_task_options
                0x001a6084                cbtc_app_par_cf_types__t_elm_quaiIP
                0x00319484                printErr
                0x00269e0c                cbtc_lcap_cfg_pas_ats_tcs_block_conf__t_vl_interneIP
                0x002befac                system__task_primitives__operations__write_lock
                0x001a6138                cbtc_app_par_cf_types__Tt_tab_cv_zeBIP
                0x00313344                ungetc
                0x002f9a2c                ada__text_io__generic_aux__nextc
                0x00294d5c                cbtc_lcap_cfg_sam__Tt_presence_messageBIP
                0x00119688                bsp_io__reset_b
                0x002f8c74                __gnat_ttyname
                0x0019e0ac                cbtc_app_data_ligne__s_lire_kag_g
                0x00199fa8                cbtc_app_data_ltv__s_ecrire_date_confirmation_ack_all_psd_alarms
                0x0032a0ac                smUtilIntRoutine
                0x0030b4d4                type_info::before(type_info const &) const
                0x00159104                csd_lcap_nvram__adresse_de_sdv
                0x001910dc                cbtc_cap_if_app_arc__t_pas_ats_tcs_evac_acqIP
                0x002eba88                system__file_io__make_unbuffered
                0x00295fbc                cbtc_lcap_cfg_pal_pas__Tt_g_tab_vlr_pal_pas_ctx_applicable_ltvBIP
                0x00274194                cbtc_lcap_cfg_pas_ats_tcs_fq__s_initialiser
                0x003191c0                excHookAdd
                0x002c37cc                system__tasking__initialization__final_task_unlock
                0x002703f8                cbtc_lcap_cfg_pas_ats_tcs_evac_conf__t_vlr_csq_redondeeIP
                0x0013ea80                csd_lcap_bsp__bsp_cme_csd_voie_2__t_txcomIPX
                0x002bbb00                system__interrupts__install_handlers
                0x002df978                ada__text_io__page_length
                0x0032ba28                semBCoreInit
                0x002c13ac                system__tasking__debug__get_user_state
                0x00143058                csd_bouchon__t_informations_bouchonIP
                0x0010c1bc                sysTempeIntEnable
                0x0033220c                windUndelay
                0x002c12f8                system__tasking__debug__Ttrace_flag_setBIP
                0x0030bed0                __rtti_ptmd
                0x002f71d8                get_gcc_version
                0x002a710c                cbtc_lcap_cfg_pas_frontam__acquerir_message_ats_pas_ctx_zones_equip
                0x0026ccc8                cbtc_lcap_cfg_pas_ats_tcs_dpi_cmd__t_vlr_csq_redondeeIP
                0x002ebe2c                system__finalization_implementation___alignment__2
                0x002d826c                __gnat_rcheck_20
                0x001b2464                cbtc_app_aut_conversion__s_adresse_conversion_booleen_vers_etat_bouton
                0x0011cbc4                cbtc_fonctions_systeme__comb_choisir_entree_cdv_int__evaluer
                0x002f0244                system__os_primitives__timed_delay
                0x0029dfc8                cbtc_lcap_pre_itf_architecture__gerer_indice_msg_zc_zc_ba_out
                0x00277594                cbtc_lcap_com_types_pas_pae__t_donnees_eqpt_cc_psd_supervisionIP
                0x001cc9c4                cbtc_app_msg_pas__s_emettre
                0x002f173c                system__stack_usage__task_resultIP
                0x00142340                cst_messagerie__nouveau_message
                0x002de04c                ada__text_io__create
                0x0019ef80                cbtc_app_data_ligne__s_lire_tab_block_reverse_direction_lk
                0x002b8dfc                csd_lcap_it_cvob__t_tache_it_cvobB
                0x00116644                BSP_CSD_PPC_Spi_Write_Sck_Low
                0x001b8934                cbtc_app_par_cf_gen__s_adresse_inv_etat_alim_vs
                0x0010d6b4                sysTempeBaseAdrsGet
                0x002f71f8                __gnat_binder_supports_auto_init
                0x0019125c                cbtc_cap_if_app_arc__t_pas_ats_supervision_ltvIP
                0x00126e20                cbtc_fonctions_systeme__comb_s_calculer_la_zc_nv_mal__evaluer
                0x0011cc84                cbtc_fonctions_systeme__comb_g_calculer_etat_intermediaire_aiguille_cible__evaluer
                0x00119814                bsp_vme__adresse_base_vme_a24d16
                0x001c9288                cbtc_app_calc_delocalisation__t_elm_cvs_a_traiterIP
                0x0032b43c                reschedule
                0x002e60e8                system__arith_64__Odivide
                0x00321a78                sigemptyset
                0x0028e568                cbtc_lcap_com_types_pas_sam__t_donnees_messagesIP
                0x0019f090                cbtc_app_data_ligne__s_ecrire_tab_autorisation_destruction_iti_par_passage
                0x0019d594                cbtc_app_data_ligne_types__Tt_tab_emergency_stop_requestBIP
                0x002f4140                system__soft_links__adafinal_nt
                0x001196b8                bsp_io__inverser_b
                0x001bdb3c                cbtc_app_par_cf__s_lire_seg_cv
                0x00303ce0                mathHardInit
                0x002e814c                system__file_io__file_io_clean_up_typeDA__2
                0x00285c24                cbtc_lcap_cfg_pas_pas_rec__gestion_messages_lus__pt_message_niveau_3X
                0x0014d470                csd_lcap_allocation_vmc__gst_mapping_vmc__inserer_fin
                0x0012cbcc                cbtc_fonctions_systeme__seq_s_fiabiliser_les_destructions_par_passage__activer
                0x00307b90                bad_exception type_info function
                0x0031906c                errnoSet
                0x00191124                cbtc_cap_if_app_arc__t_pas_ats_tcs_fq_acqIP
                0x0011cc5c                cbtc_fonctions_systeme__comb_choisir_entree_aiguille_cible_sens__evaluer
                0x0030b1a4                __class_type_info::~__class_type_info(void)
                0x002f3864                system__storage_elements__storage_arrayIP
                0x0011ee8c                cbtc_fonctions_systeme__comb_calculer_conditions_liberation__evaluer
                0x001192f0                cst_types_de_base__Oor__6
                0x002d9524                ada__finalization___alignment__4
                0x001a6450                cbtc_app_data_train_types__Tt_tab_directionBIP
                0x00143be0                csd_vl_niveau_1__t_descripteur_vlrIP
                0x002f1228                system__string_ops_concat_5__str_concat_5
                0x001c3518                cbtc_app_msg_pal_ligne_ltv_in__s_gerer_automate_synchronisation_ltv
                0x0014f14c                csd_lcap_lcvo_vl__nom_ul_csd_snvx__2
                0x00116a78                BSP_CSD_PPC_Wdog_Rearmer
                0x0018cf70                trait_ouragan_fam32__s_executer
                0x003152b8                strerror
                0x00296280                cbtc_lcap_cfg_pal_pas__generer_message_pas_pal_ctx_applique_ltv
                0x0015363c                csd_vl_niveau_3__nouvelle_vlr
                0x0032db8c                semMGiveKern
                0x002717e8                cbtc_lcap_cfg_pas_ats_tcs_fq_acq__t_vle_csqIP
                0x0026d5c0                cbtc_lcap_cfg_pas_ats_tcs_dpi__generer_message_pas_ats_tcs_dpi_acq
                0x001619b0                trait_ouragan_fam82__s_executer
                0x00118ffc                csd_lcap_main
                0x0032df3c                taskSpawn
                0x0029607c                cbtc_lcap_cfg_pal_pas__Tt_g_tab_vlr_pas_pal_ctx_applique_ltvBIP
                0x001a3510                cbtc_app_data_ze__s_lire_tab_localisation_perte_integrite
                0x002f8664                put_int_stderr
                0x00154c48                csd_lcap_sdv__gestion_messages_lus__pt_message_niveau_3X
                0x0030272c                _restfpr_15_l
                0x0019a358                cbtc_app_data_ltv__s_ecrire_date_reception_contexte_pas
                0x00100b9c                pciConfigBdfPack
                0x0029ef94                cbtc_lcap_pre_itf_application__s_lire_info_msg_pas_pas_cbtc_ts
                0x003293d8                qPriListInfo
                0x002bee5c                system__task_primitives__operations__resume_task
                0x0019f57c                cbtc_app_data_ligne__s_ecrire_alarme_fq
                0x00277474                cbtc_lcap_com_types_pas_pae__t_rbinds_pae_eqpt_suiviIP
                0x002dc5fc                ada__text_io__col
                0x00328dd8                qPriBMapResort
                0x002d4d14                ada__exceptions__exception_occurrenceIP
                0x002af3c0                cbtc_lcap_cfg_pas_pae__s_initialiser
                0x00323974                taskSwitchHookAdd
                0x002ebce0                system__file_io__flush
                0x00297dc0                cbtc_lcap_pre_msg_pal_pas__presenter_message_pas_pal_ctx_applique_ltv_en_reception
                0x001a14e0                cbtc_app_data_ligne___elabb
                0x003280d0                lstInsert
                0x0029de70                cbtc_lcap_pre_itf_architecture__gerer_indice_msg_eqpt_cc_psd_supervision
                0x002722bc                cbtc_lcap_cfg_pas_ats_tcs_fq_cmd__gestion_messages_lus__t_pt_message_niveau_3IPX
                0x0011c544                cbtc_fonctions_systeme__comb_g_choisir_entree_aiguille_terrain_bool__evaluer
                0x00261d28                cbtc_lcap_com_types_pas_frontam__t_donnees_pas_ats_supervisionIP
                0x0028e58c                cbtc_lcap_com_types_pas_sam__Tt_infos_liaisons_pas_atsBIP
                0x0019c534                cbtc_app_data_tc___elabb
                0x00290100                cbtc_lcap_cfg_pas_sam_maint_mes__nouvelle_vle_non_de_securite
                0x00275224                cbtc_lcap_cfg_pas_ats_tcs_sqv_cmd(long, int, long double,...)
                0x001ceda8                csd_lcap_vl_sam__t_compte_rendu_traitement_msg_sdvIP
                0x0010ddb8                sysL2CacheLock
                0x001a3790                cbtc_app_data_ze__s_lire_tab_alarme_evacuation_voyageur
                0x0019d4d4                cbtc_app_data_ligne_types__Tt_tab_enc_dep_realiseBIP
                0x0013cc0c                cbtc_fonctions_systeme__comb_g_calculer_localisation_amont_joint_cdv_synthese__evaluer
                0x0011add4                cbtc_lcap_tim_archi__Olt
                0x003027f8                _restgpr_15
                0x002e81bc                system__file_io__mode
                0x0011d00c                cbtc_fonctions_systeme__comb_g_calculer_etat_premier_cv_cdv_amont__evaluer
                0x002d5460                ada__exceptions__exception_data__basic_exception_info_maxlengthXn
                0x00274514                cbtc_lcap_cfg_pas_ats_tcs_sqv_acq(...)(char, long double, int, long double,...)
                0x003027c8                _savefpr_24_l
                0x002dda3c                ada__text_io__delete
                0x002ac850                cbtc_lcap_cfg_pas_pae__Tt_tab_vlr_cc_eqpt_psd_commandBIP
                0x00199e54                cbtc_app_data_ltv__s_lire_contexte_etabli_ltv
                0x002ebac8                system__file_io__make_line_buffered
                0x00110690                sysMv64360TmrCntrStart
                0x00245ab0                cbtc_app_maintenance_pae__s_get_valeur_restrictive
                0x001ab230                cbtc_app_data_train__s_lire_defaut_suivi_avant_train
                0x001f63a8                cbtc_lcap_cfg_types_maint_pae__s_adresse_taille_donnees
                0x0010e114                sysSerialChanGet
                0x0012ba80                cbtc_fonctions_systeme__seq_s_assister_la_du__activer
                0x001ac160                cbtc_app_data_train__s_lever_alarme_delocalisation
                0x001ac104                cbtc_app_data_train__s_lever_alarme_evacuation_voyageur
                0x001a6210                cbtc_app_par_cf_types__Tt_entree_securitaireBIP
                0x0018aba0                trait_ouragan_fam40__s_executer
                0x0014756c                csd_vl_niveau_1__t_celluleIP
                0x001d4378                cbtc_lcap_com_types_cbtc__Tt_conv_presence_msgBIP
                0x00282d78                cbtc_lcap_com_types_pas_pas__Tt_tab_donnees_maintenance_pas_pasBIP
                0x0019a07c                cbtc_app_data_ltv__s_lire_id_voie_pcc
                0x003170ec                cacheUnlock
                0x002da01c                ada__tags__htable_subprograms__equalXn
                0x0011c8d8                cbtc_fonctions_systeme__comb_g_calculer_connexion_cible_entree__evaluer
                0x002715ac                cbtc_lcap_cfg_pas_ats_tcs_fq_acq__gestion_messages_a_ecrire__t_pt_message_niveau_3IPX
                0x001a02f8                cbtc_app_data_ligne__s_ecrire_kag_vi_g
                0x002f37ac                system__standard_library__exception_dataIP
                0x00120ce0                cbtc_fonctions_systeme__comb_discriminer_assiste_arriere_entre_trains__evaluer
                0x00329588                rngBufGet
                0x0028e55c                cbtc_lcap_com_types_pas_sam__t_infos_vl_cap_cier_maint_essentiellesIP
                0x0010c0a8                sysMailboxConnect
                0x002e74ac                system__exception_table__exception_htable__get_nextXn
                0x0029b6c4                cbtc_lcap_pre_msg_pas_pae__presenter_message_pae_pas_stop_assure_en_reception
                0x001be014                cbtc_app_msg_pae_ltv__t_donnees_ltvIP
                0x001d01f4                csd_lcap_vl_sam__t_etat_cap_memoriseRP
                0x0019a9b4                cbtc_app_data_ltv__s_adresse_contexte_8_bits
                0x0014fb90                csd_lcap_traceur__reinitialiser_traceur
                0x00334e1c                excShowInit
                0x002f438c                system__soft_links__task_name_nt
                0x0028c1d8                cbtc_lcap_cfg_pal_ats_tcs_ltv_cmd__gestion_messages_lus__pt_message_niveau_3X
                0x002774a4                cbtc_lcap_com_types_pas_pae__t_rbids_pae_pas_stop_assureIP
                0x00290bd4                cbtc_lcap_cfg_pas_sam_maint_pae__gestion_messages_a_ecrire__pt_message_niveau_3X
                0x00314f18                memmove
                0x002d9868                ada__finalization__limited_controlledSO__2
                0x0019fba8                cbtc_app_data_ligne__s_ecrire_appui_bouton_demande_cra
                0x00312dc0                stdioInit
                0x00194394                cbtc_cap_if_app_arc__s_adresse_ats_pas_tcs_block_cmd
                0x00320644                pathCondense
                0x002ba40c                ada__interrupts__attach_handler
                0x00282cdc                cbtc_lcap_com_types_pas_pas__Tt_tab_info_train_compositionBIP
                0x001d3e28                csd_lcap_auto_tests__callable
                0x00112430                sysNvRead
                0x0019e708                cbtc_app_data_ligne__s_lire_etat_detecteur_passage_detaille
                0x001d4444                cbtc_lcap_com_types_cbtc__lire_id_message_cbtc
                0x00277750                cbtc_lcap_com_types_pas_pae__Tt_tab_hlsBIP
                0x00336418                qJobDelete
                0x002d9f7c                ada__tags__select_specific_data_arrayIP
                0x00262f1c                cbtc_lcap_com_types_pas_frontam__s_adresse_donnees_ats_pas_tcs_sqv_par_defaut
                0x002da958                ada__tags__register_tag
                0x00199d68                cbtc_app_data_ltv_types__Tt_tab_etat_automate_synchronisation_ltvBIP
                0x00155f68                csd_lcap_vl_vmc__Tt_tab_ctx_rxBIP
                0x0032fe50                taskUnsafe
                0x00266680                cbtc_lcap_cfg_pas_ats_sup_train__t_vl_interneIP
                0x00126024                cbtc_fonctions_systeme__comb_calculer_la_cible_du_cv__evaluer
                0x002bb07c                system__interrupts__current_handler
                0x001cef10                csd_lcap_vl_sam__t_infos_temporellesIP
                0x001caa84                cbtc_lcap_com_types_vl_init_cier__t_message_init_vl_cier_silamIP
                0x002d8104                __gnat_rcheck_10
                0x002f7888                __gnat_locate_exec
                0x001a65dc                cbtc_app_gestion_calc__s_executer_fin_cycle
                0x00122c04                cbtc_fonctions_systeme__comb_s_calculer_les_sorties_propager_te_retournement_legitime__evaluer
                0x00119670                bsp_io__inverser_led
                0x001d43a8                cbtc_lcap_com_types_cbtc__Tt_tab_donnees_maintenance_messagesBIP
                0x001a3858                cbtc_app_data_ze__s_lire_tab_temoin_tension
                0x0019a6a0                cbtc_app_data_ltv__s_lire_nb_max_ltv_atteint_pas
                0x002d9598                ada__finalization__initialize
                0x001d3ab4                csd_lcap_auto_tests__recuperer_nouveaux_at_periodiques
                0x0019b9fc                cbtc_app_data_tc__s_lire_block_override_command_id
                0x0026fefc                cbtc_lcap_cfg_pas_ats_tcs_evac_conf__gestion_messages_lus__nouveau_message_niveau_3X
                0x00156688                csd_lcap_vle_snv__nouvelle_vle_snv
                0x00333290                sys_calloc
                0x0025d93c                cbtc_lcap_cfg_pas_mes_entree_sig__gestion_messages_lus__t_pt_message_niveau_3IPX
                0x0025cb34                cbtc_lcap_com_types_pas_mes__Tt_tab_bd_sec_vrbcBIP
                0x001b7680                cbtc_app_calc_elab_aig__s_calculer_position_aiguille_extra_cv
                0x001ab3a4                cbtc_app_data_train__s_lire_compo_train_cbtc
                0x002995ac                cbtc_lcap_pre_msg_pas_frontam__presenter_message_ats_pas_tcs_dpi_confirm_en_reception
                0x0019f424                cbtc_app_data_ligne__s_ecrire_ges
                0x00329cdc                smUtilProcNumGet
                0x0025cabc                cbtc_lcap_com_types_pas_mes__Tt_tab_booleens_secBIP
                0x001b6d58                cbtc_app_msg_ats_contexte__s_traiter_msg_interdiction_mode
                0x0019d528                cbtc_app_data_ligne_types__Tt_tab_autorisation_recuperation_electriqueBIP
                0x0013e978                csd_ut_vl__offset_tampon_vlr_non_diffusee
                0x002e581c                interfaces__c__to_ada__6
                0x002be8d0                system__tasking__protected_objects__set_ceiling
                0x00159944                cbtc_lcap_com_calcul_sc_psc__somme_de_controle_psc
                0x001c3420                cbtc_app_msg_pal_ligne_ltv_in__Tt_ltv_existe_vers_etat_ltvBIP
                0x00307afc                exception type_info function
                0x0028e8dc                cbtc_lcap_cfg_pas_sam_maint_ats__gestion_messages_a_ecrire__pt_message_niveau_3X
                0x0031d9a4                hashTblDelete
                0x001aade4                cbtc_app_data_train__s_lire_vitesse
                0x002ba3c8                ada__interrupts__current_handler
                0x001c286c                cbtc_app_msg_services_arrondi___elabs
                0x002ac64c                cbtc_lcap_cfg_pas_pae__Tt_tab_vlr_pae_pas_synchroBIP
                0x002900e8                cbtc_lcap_cfg_pas_sam_maint_mes__t_vle_non_de_securiteIP
                0x002d97a8                ada__finalization__Oeq__2
                0x002da9c0                ada__tags___elabs
                0x002e025c                ada__text_io__set_line
                0x001154dc                usrBootLineInit
                0x001a7c98                cbtc_app_data_cv__s_ecrire_occupation_cv
                0x0018d00c                trait_ouragan_fam31__s_executer
                0x001a6528                cbtc_app_data_cv_types__Tt_tab_no_canton_virtuel_etenduBIP
                0x00197cac                cbtc_cap_if_app_arc__s_adresse_pae_pas_stop_assure
                0x0010de28                sysL2CacheUnlock
                0x0019affc                cbtc_app_data_tc__s_initialiser_cycle
                0x00199d20                cbtc_app_data_ltv_types__Tt_tab_etat_automate_parametre_ltvBIP
                0x00335fbc                mmuPpcSdr1Set
                0x0011dce8                cbtc_fonctions_systeme__comb_propager_fraicheur_controle_es__evaluer
                0x001b794c                cbtc_app_calc_elab_zf__s_executer
                0x001a3240                cbtc_app_data_ze_types__Tt_tab_acquittement_alarme_evacuation_voyageurBIP
                0x003027bc                _savefpr_21_l
                0x0018d3e0                trait_ouragan_fam15__s_executer
                0x002ba290                ada__interrupts__reference
                0x00119124                csd_lcap_identification__identifiant_pap
                0x0010eca8                sysFailsafeCancel
                0x002f8c68                __gnat_set_text_mode
                0x0032d344                semMCreate
                0x0011c890                cbtc_fonctions_systeme__comb_g_calculer_connexion_cible_sortie__evaluer
                0x00106b94                sysPciMaxBus
                0x002ef434                system__img_llb__set_image_based_long_long_integer
                0x0019ee48                cbtc_app_data_ligne__s_lire_tab_tm_enc_dep_non_lib
                0x0027d500                cbtc_lcap_cfg_pas_pae_psd_command__gestion_messages_lus__t_pt_message_niveau_3IPX
                0x00261cb0                cbtc_lcap_com_types_pas_frontam__t_donnees_ats_pas_tcs_block_confirmIP
                0x001a6354                cbtc_app_data_train_types__Tt_tab_longueur_trainBIP
                0x001a62dc                cbtc_app_par_cf_types__Tt_tab_msg_ats_ctx_modes_inhibitionBIP
                0x001a3228                cbtc_app_data_ze_types__Tt_tab_acquittement_alarme_sqv_2BIP
                0x00125674                cbtc_fonctions_systeme__comb_determiner_les_obstacles_fixes_sur_le_cv__evaluer
                0x00101ee4                pciIntConnect
                0x0025e96c                cbtc_lcap_cfg_pas_mes_entree_sig_long__t_vlr_csq_redondeeIP
                0x002dbc3c                ada__text_io__text_afcbIP
                0x002899e8                cbtc_lcap_com_types_pal_frontam__t_rbids_ats_pal_tcs_ltv_confirmIP
                0x002c3d18                system__tasking__initialization__do_pending_action
                0x002863f8                cbtc_lcap_cfg_pas_pas_rec__t_vlr_csq_redondeeIP
                0x0013c4dc                cbtc_fonctions_systeme__comb_propager_infos_train__evaluer
                0x00132888                cbtc_fonctions_systeme__seq_g_detecter_la_panne_de_cdv__activer
                0x00128f74                cbtc_fonctions_systeme__comb_autoriser_le_depassement_de_la_cible__evaluer
                0x00302940                _savegpr_26_l
                0x00306b98                __cp_push_exception
                0x002b380c                csd_lcap_faire_un_cycle__csd_lcap_faire_un_cycle
                0x0014af04                csd_lcap_allocation_cte__adresse_cte
                0x0031f6c0                iosOpen
                0x002a9300                cbtc_lcap_com_gestion_cbtc_eqt_pas_mes__gerer_liaisons_cbtc_mes
                0x002f639c                system__wch_jis__shift_jis_to_jis
                0x001b3484                cbtc_app_aut_conversion___elabs
                0x001a3984                cbtc_app_data_ze__s_lire_tab_acquittement_alarme_sqv_2
                0x00297058                cbtc_lcap_par_cf_zone_id_gen___elabs
                0x002f70bc                __gnat_set_executable
                0x001bba30                cbtc_app_par_cf_gen__s_adresse_inv_voie
                0x0032b358                msgQNumMsgs
                0x001bdbcc                cbtc_app_par_cf__s_lire_zone_correction_loc
                0x0011a6b4                cbtc_lcap_tim__Ogt
                0x00302780                _restfpr_29_l
                0x0019110c                cbtc_cap_if_app_arc__t_ats_pas_tcs_fq_cmdIP
                0x0030bfc8                __rtti_array
                0x0032c100                semCInit
                0x002ead24                system__file_io__file_io_clean_up_typeDF__2
                0x0019e6ec                cbtc_app_data_ligne__s_lire_acquittement_alarme_sqv_2
                0x0013bb68                cbtc_fonctions_systeme__comb_g_calculer_presence_te_sure_dp_frontiere__evaluer
                0x002e38c4                interfaces__c__is_nul_terminated__2
                0x001168ac                BSP_CSD_PPC_Vme_Masquer_Its
                0x002ce7c8                system__tasking__protected_objects__operations__update_for_queue_to_po
                0x00264224                cbtc_lcap_com_types_pas_frontam__s_adresse_donnees_ats_pas_tcs_dpi_confirm_par_defaut
                0x0019ec84                cbtc_app_data_ligne__s_lire_tab_enc_dep_realise
                0x002733a0                cbtc_lcap_cfg_pas_ats_tcs_fq__generer_message_pas_ats_tcs_fq_acq
                0x0018ebac                cbtc_cap_aut__Tt_tab_sse_booleenBIP
                0x0012915c                cbtc_fonctions_systeme__comb_definir_parametres_train_initiateur__evaluer
                0x00167364                trait_ouragan_fam7__s_executer
                0x0029e180                cbtc_lcap_pre_itf_architecture__gerer_indice_msg_pae_pas_stop_assure
                0x00292f48                cbtc_app_maintenance_frontam__s_get_valeur_restrictive
                0x003020dc                intLockLevelSet
                0x00302820                _restgpr_25
                0x001a3e3c                cbtc_app_data_ze__s_ecrire_autorisation_marche_electrique
                0x00313a64                atol
                0x002f7b40                __gnat_file_length
                0x002f5efc                system__val_util__normalize_string
                0x00119188                cst_types_de_base__Onot
                0x001ab858                cbtc_app_data_train__s_lire_tab_direction_cible_stop_assure
                0x00318ff4                __errno
                0x0032c970                semFlush
                0x001bdb84                cbtc_app_par_cf__s_lire_chemin_cv
                0x0030ac28                __user_type_info::~__user_type_info(void)
                0x00133e6c                cbtc_fonctions_systeme__comb_g_calculer_stop_assurance_ok__evaluer
                0x001971cc                cbtc_cap_if_app_arc__s_adresse_pas_pae_variants_hf
                0x003020fc                intRegsUnlock
                0x0014efec                csd_lcap_lcvo_vl__nom_ul_csd_nsvrx__2
                0x00131d38                cbtc_fonctions_systeme__comb_g_propager_infos_train_localise__evaluer
                0x002d335c                ada__calendar__Oadd__2
                0x0029a49c                cbtc_lcap_pre_msg_pas_pae__presenter_messages_en_emission_pas_pae_variants_hf
                0x001a3364                cbtc_app_data_ze__s_alarme_dpi_est_memorisee
                0x002aa0ac                cbtc_lcap_cfg_pas_pas___elabb
                0x0027b47c                cbtc_lcap_cfg_pas_pae_cible__gestion_messages_a_ecrire__nouveau_message_niveau_3X
                0x00302510                intUnlock
                0x0025c9b4                cbtc_lcap_com_types_pas_mes__t_rbinds_simpleIP
                0x001a7e08                cbtc_app_data_cv__s_ecrire_defaut_suivi_avant_train
                0x0019f188                cbtc_app_data_ligne__s_ecrire_tab_cbtc_olz
                0x002ac7a4                cbtc_lcap_cfg_pas_pae__Tt_tab_vlr_pae_pas_stop_assureBIP
                0x00143c34                csd_vl_niveau_1__t_vlD2
                0x0032e1e8                taskInit
                0x001d4390                cbtc_lcap_com_types_cbtc__t_donnees_maintenance_voieIP
                0x00158dd0                csd_lcap_nvram__adresse_nvram_de_sdv
                0x00143c1c                csd_vl_niveau_1__t_vl_table_configurationIP
                0x00153b00                csd_lcap_at__t_at_periodiquesIP
                0x00191160                cbtc_cap_if_app_arc__t_ats_pas_tcs_ltv_cmdIP
                0x002becb0                system__task_primitives__operations__specific__selfXnn
                0x00199e3c                cbtc_app_data_ltv__s_lire_nb_max_ltv_atteint
                0x0015b338                cbtc_cap_aut_data__Tt_tableau_sn_enumeresBIP
                0x001a0f9c                cbtc_app_data_ligne__s_adresse_contexte
                0x0018d0b0                trait_ouragan_fam27__s_executer
                0x0031f66c                iosDelete
                0x002b9548                csd_lcap_it_cvob__t_tache_it_cvobVIP
                0x00261d64                cbtc_lcap_com_types_pas_frontam__Tt_tab_alarmes_evacuation_acquittablesBIP
                0x001a7070                cbtc_app_data_cv__s_lire_tab_pae_alarme_delocalisation
                0x00155d3c                csd_lcap_vl_vmc__memoriser_les_contextes
                0x00136ab0                cbtc_fonctions_systeme__comb_determiner_le_franchissement_du_signal__evaluer
                0x003270c8                bootBpAnchorExtract
                0x001bebf8                cbtc_app_par_fc_gen__s_adresse_tempo_confirmation_tcs
                0x001d1eec                csd_lcap_synthese_it_cvo__callable
                0x00152a9c                csd_vl_niveau_3__calculer_indicateur_presence_message_lu_et_compte_rendu_lecture_niveau_3
                0x0019d6c0                cbtc_app_data_ligne_types__Tt_tab_psd_close_order_rightBIP
                0x00166188                trait_ouragan_fam8__s_executer
                0x00130f70                cbtc_fonctions_systeme__seq_g_calculer_controle_es_synthese__activer
                0x00153bd4                csd_lcap_at__fabriquer_et_ecrire_msg_at
                0x00115af0                usrMmuInit
                0x002f5d14                system__val_util__scan_sign
                0x00292270                cbtc_lcap_cfg_types_maint_frontam__Tt_tab_contenu_donnee_maintenanceBIP
                0x0030205c                intEnable
                0x002f9134                __gnat_get_interrupt_state
                0x0012d56c                cbtc_fonctions_systeme__seq_g_allouer_la_lp__activer
                0x001a6390                cbtc_app_data_train_types__Tt_tab_vitesse_mmpsBIP
                0x00302844                _savegpr_14
                0x00328000                lstExtract
                0x00190f68                cbtc_cap_if_app_arc__Tt_variants_bfBIP
                0x00146d3c                csd_vl_niveau_1__nouvelle_vlr_redondee__2
                0x001a67a4                cbtc_app_data_cv__s_lire_defaut_suivi_avant_calcule
                0x0019e31c                cbtc_app_data_ligne__s_lire_autorisation_recuperation_electrique_pas
                0x00144438                csd_vl_niveau_1(...)(char, long double, int, long double,...)
                0x002e39f0                interfaces__c__to_ada
                0x0030d1c4                signed char type_info function
                0x002dd96c                ada__text_io__is_open
                0x00148bfc                csd_lcap_lcvo_types_de_base__Tt_traitements_capBIP
                0x002dbcdc                ada__text_io___size__2
                0x00265340                cbtc_lcap_cfg_pas_ats_ctx_alim_vs__nouvelle_vlr_redondee_non_de_securite
                0x001a594c                cbtc_app_msg_ats_tcs_conf__s_traiter_block
                0x0013e7fc                csd_ut_vl__numero_cme_csd
                0x00307e6c                bad_alloc type_info function
                0x002d8808                ada__exceptions__string_to_eid
                0x0025ea30                cbtc_lcap_cfg_pas_mes_sortie_sig(...)(char, long double, int, long double,...)
                0x002f06c8                system__secondary_stack__ss_allocate
                0x0029939c                cbtc_lcap_pre_msg_pas_frontam__presenter_message_ats_pas_tcs_fq_confirm_en_reception
                0x0019e578                cbtc_app_data_ligne__s_lire_date_etat_alim
                0x002962a4                cbtc_lcap_cfg_pal_pas__s_initialiser
                0x001a69e0                cbtc_app_data_cv__s_lire_tab_train_alloue_base
                0x001a2a58                cbtc_app_data_secteur__s_ecrire_zone_sens_marche
                0x002da7f0                ada__tags__base_address
                0x00302600                vxHid0Set
                0x00129d60                cbtc_fonctions_systeme__seq_autoriser_l_entree_en_station__activer
                0x001a2108                cbtc_app_data_secteur_types__Tt_tab_date_baBIP
                0x00127980                cbtc_fonctions_systeme__comb_g_propager_mt_pre_calculs__evaluer
                0x003292ac                qPriListResort
                0x002d77c0                __gnat_raise_nodefer_with_msg
                0x00156828                csd_lcap_nvram__demarrage_avec_ctx_mnv
                0x002eae00                system__file_io__file_io_clean_up_typeSW__2
                0x002d0930                system__os_interface__timespecIP
                0x0025cb10                cbtc_lcap_com_types_pas_mes__Tt_tab_booleens_ess_sortieBIP
                0x002dffb4                ada__text_io__skip_line
                0x001a6294                cbtc_app_par_cf_types__t_desc_bit_variant_hf_securitaireIP
                0x002e1538                ada__text_io__get_line__3
                0x0026b7b4                cbtc_lcap_cfg_pas_ats_tcs_dpi_acq__t_vl_interneIP
                0x001cf8b0                csd_lcap_vl_sam__fournir
                0x0012a12c                cbtc_fonctions_systeme__seq_detecter_une_suspicion_panne_de_dp__activer
                0x0019a588                cbtc_app_data_ltv__s_lire_tab_id_voie_pas
                0x00191088                cbtc_cap_if_app_arc__t_pas_pal_ctx_applique_ltvIP
                0x002776b4                cbtc_lcap_com_types_pas_pae__Tt_tab_messages_pas_pae_synchroBIP
                0x00120dcc                cbtc_fonctions_systeme__comb_calculer_premier_train_zf__evaluer
                0x00110b90                sysAuxClkRateGet
                0x0018d248                trait_ouragan_fam20__s_executer
                0x00143ce8                csd_vl_niveau_1___elabb
                0x001d4354                cbtc_lcap_com_types_cbtc__Tt_tab_date_msg_avarieBIP
                0x001a3450                cbtc_app_data_ze__s_alarme_evac_est_acquittee
                0x00123998                cbtc_fonctions_systeme__comb_g_propager_te_retournement_legitime_croissant__evaluer
                0x00318d8c                getenv
                0x0014ecdc                csd_lcap_lcvo_vl__identifiant_ul_csd_snvx
                0x0010af58                getOutWinVals
                0x002be894                system__tasking__protected_objects__entry_bodyIP
                0x00193b6c                cbtc_cap_if_app_arc__s_adresse_ats_pas_tcs_fq_cmd
                0x0013ed90                csd_lcap_bsp__inverser_led_defaut
                0x0032dd84                semMPendQPut
                0x0030f498                ceil
                0x00257c44                cbtc_app_maintenance_pas__s_get_nombre_donnees_autorisees
                0x0032cb28                semDestroy
                0x001aa028                cbtc_app_maintenance_appli__Tt_tab_bitsBIP
                0x00329340                qPriListAdvance
                0x0019fd58                cbtc_app_data_ligne__s_ecrire_commande_service_provisoire
                0x00193e24                cbtc_cap_if_app_arc__s_adresse_pas_ats_tcs_block_acq
                0x0025e9b8                cbtc_lcap_cfg_pas_mes_sortie_sig__gestion_messages_a_ecrire__t_pt_message_niveau_3IPX
                0x00100790                pciFindClass
                0x0031b0d4                fioRead
                0x002ebb08                system__file_io__read_buf__2
                0x00289218                cbtc_lcap_cfg_pal_pas_sup_ltv_rec(long, int, long double,...)
                0x001b12e4                cbtc_app_calc_elab_cv__s_placer_informations_train_sur_cv
                0x0029768c                cbtc_lcap_pre_msg_pal_frontam__presenter_message_ats_pal_tcs_ltv_confirm_en_reception
                0x002bf058                system__task_primitives__operations__set_true
                0x001a67e4                cbtc_app_data_cv__s_lire_occupation_cv_te
                0x00101b70                pciConfigModifyByte
                0x001567a8                csd_lcap_services__t_neantIP
                0x0019e4d0                cbtc_app_data_ligne__s_lire_depart_cra_annule
                0x0014ec74                csd_lcap_lcvo_vl__t_echanges_directs_cvo_vers_capIP
                0x001a63cc                cbtc_app_data_train_types__Tt_tab_visibilite_okBIP
                0x0014fba8                csd_lcap_traceur__valeur_courante_traceur
                0x002d9f28                ada__tags__interfaces_arrayIP
                0x002c4238                system__tasking__initialization__task_unlock__2
                0x001b29d4                cbtc_app_aut_conversion__s_adresse_conversion_direction_vers_lmns
                0x002d1d9c                system__tasking__entry_calls__wait_until_abortable
                0x002c472c                system__tasking__accept_alternativeIP
                0x00319384                fioLibInit
                0x002dcb30                ada__text_io__new_line
                0x0026c554                cbtc_lcap_cfg_pas_ats_tcs_dpi_cmd(long, int, long double,...)
                0x0025eb90                cbtc_lcap_cfg_pas_mes_sortie_sig__gestion_messages_a_ecrire__nouveau_message_niveau_3X
                0x0025e9a0                cbtc_lcap_cfg_pas_mes_sortie_sig__t_vl_interneIP
                0x0015b3a4                cbtc_cap_aut_data__Tt_tableau_vm_entiers_s4BIP
                0x00199d80                cbtc_app_data_ltv_types__Tt_tab_numero_contexte_pasBIP
                0x00127290                cbtc_fonctions_systeme__comb_s_calculer_les_entrees_elaborer_la_cible__evaluer
                0x00302894                _restgpr_14_l
                0x0032a174                kernelInit
                0x0019b0c4                cbtc_app_data_tc__s_ecrire_action_ltv
                0x0015b69c                cbtc_cap_aut_data___elabs
                0x002e467c                interfaces__c__to_c__8
                0x0011a0a4                bsp_cme_services_de_base__offset_registres_tx
                0x0019b7e8                cbtc_app_data_tc__s_lire_msg_rejet_cmd_fq
                0x0025ca68                cbtc_lcap_com_types_pas_mes__Tt_tab_donnees_pas_longBIP
                0x0010693c                pciAutoConfig
                0x0019e79c                cbtc_app_data_ligne__s_lire_quai_accessible
                0x00302838                _restgpr_31
                0x0031286c                __srget
                0x0013f9f0                csd_lcap_bsp__bsp_cme_csd_voie_1__etat_tx_okX
                0x0030f79c                floor
                0x001bb208                cbtc_app_par_cf_gen__s_adresse_inv_ats_block_id
                0x0031700c                cacheLibInit
                0x002ede30                system__finalization_implementation__record_controllerIP
                0x00261c68                cbtc_lcap_com_types_pas_frontam__t_donnees_ats_pas_tcs_evacIP
                0x002f44d0                system__soft_links___elabb
                0x001d4858                cbtc_lcap_com_types_cbtc__s_adresse_tab_id_message_cbtc
                0x001a0e54                cbtc_app_data_ligne__s_ecrire_alarme_fq_et_determiner_son_acquitabilite
                0x0027a374                cbtc_lcap_cfg_pas_pae_sc__somme_controle_cc_eqpt_psd_command
                0x0013b140                cbtc_fonctions_systeme__comb_g_determiner_franchissement_cdv_decroissant__evaluer
                0x002d5660                ada__exceptions__exception_data__basic_exception_tback_maxlengthXn
                0x002a770c                cbtc_lcap_cfg_pas_frontam__acquerir_message_ats_pas_ctx_alim_vs
                0x00277534                cbtc_lcap_com_types_pas_pae__t_rbids_pas_pae_variants_bfIP
                0x001c2470                cbtc_app_msg_services__s_adresse_loc_seg
                0x002d78dc                ada__exceptions__raise_from_controlled_operation
                0x003328d4                windPendQFlush
                0x0027df14                cbtc_lcap_cfg_pas_pae_psd_supervision__gestion_messages_a_ecrire__nouveau_message_niveau_3X
                0x0019f338                cbtc_app_data_ligne__s_ecrire_tab_quai_accessible
                0x00333edc                memPartInit
                0x00293d84                cbtc_lcap_cfg_sam_commande__nouvelle_vlr_redondee_non_de_securite
                0x001d5d10                cbtc_lcap_cfg_bouchon__t_config_lpae_bch_capIP
                0x0014de30                csd_lcap_at_vmc__at_vmc
                0x00312a90                setlinebuf
                0x0031f4fc                iosFdNew
                0x001567dc                csd_lcap_services___elabs
                0x002585d8                cbtc_lcap_com_gestion_liaisons_cbtc__Tt_est_verrouilleBIP
                0x0019bbc4                cbtc_app_data_tc__s_lire_tcs_cmd_recue_pendant_traitement
                0x003027a4                _savefpr_15_l
                0x002e3a08                interfaces__c__to_ada__7
                0x002d81b8                __gnat_rcheck_15
                0x002f1754                system__stack_usage__top_slot_index_in
                0x002d6a04                ada__exceptions__stream_attributes__eo_to_stringXn
                0x0013f434                csd_lcap_bsp__bsp_cme_csd_voie_2__installer_itX
                0x0013eaec                csd_lcap_bsp__masquer_its_vme
                0x0011c5e0                cbtc_fonctions_systeme__comb_g_choisir_entree_aiguille_cible_bool__evaluer
                0x00313bd8                labs
                0x0019e724                cbtc_app_data_ligne__s_lire_etat_zone_equipee
                0x002d7d9c                ada__exceptions__raise_from_signal_handler
                0x002d6360                ada__exceptions__exception_propagation__setup_exceptionXn
                0x00166300                trait_ouragan_fam74__s_executer
                0x001b56d0                cbtc_app_msg_ats_tcs_cmd__s_traiter_block
                0x001a7620                cbtc_app_data_cv__s_ecrire_pae_train_a_quai
                0x002d5f60                ada__exceptions__exception_data__set_exception_msgXn
                0x0019155c                cbtc_cap_if_app_arc__s_adresse_pas_ats_supervision_train
                0x001aa0b0                cbtc_app_maintenance_appli___elabs
                0x00311fb0                gets
                0x002bef78                system__task_primitives__operations__write_lock__2
                0x001b237c                cbtc_app_aut_conversion__s_convertir_lmns_vers_type_cible
                0x0011e88c                cbtc_fonctions_systeme__comb_ecraser_oti_cdv__evaluer
                0x00115124                sysOutWord
                0x002e60cc                system__arith_64__Oadd__2
                0x0025ca44                cbtc_lcap_com_types_pas_mes__t_rbids_mes_pas_brutIP
                0x0025bfac                cbtc_lcap_com_sam_maint_ats__nouvelle_vle_non_de_securite
                0x0011c960                cbtc_fonctions_systeme__comb_choisir_sorties_aiguille_terrain_etat_cv__evaluer
                0x001a7b28                cbtc_app_data_cv__s_ecrire_sens_cible_vital
                0x001353b8                cbtc_fonctions_systeme__comb_detecter_le_train_sur_la_za__evaluer
                0x002839ac                cbtc_lcap_cfg_pas_pas_ba_emi__gestion_messages_a_ecrire__t_pt_message_niveau_3IPX
                0x0025cb94                cbtc_lcap_com_types_pas_mes__Tt_tab_messages_mes_pasBIP
                0x00191040                cbtc_cap_if_app_arc__Tt_sortie_fonctionnelleBIP
                0x0016629c                trait_ouragan_fam77__s_executer
                0x0015e18c                trait_ouragan_fam86__s_executer
                0x0011a920                cbtc_lcap_tim_archi___elabs
                0x0019aed8                cbtc_app_data_tc_types__Tt_tab_no_confirmationBIP
                0x00268b18                cbtc_lcap_cfg_pas_ats_tcs_block_acq__t_vle_csqIP
                0x001479d4                csd_sam_vl__numero_recepteur
                0x002dae10                ada__tags__expanded_name
                0x0019a05c                cbtc_app_data_ltv__s_lire_id_voie
                0x00133fb4                cbtc_fonctions_systeme__comb_memoriser_train_mal_etendue_graph_conditions__evaluer
                0x0028e810                cbtc_lcap_cfg_pas_sam_maint_ats__t_vl_interneIP
                0x00190f50                cbtc_cap_if_app_arc__Tt_variants_hfBIP
                0x002f9be8                ada__text_io__generic_aux__load_extended_digits
                0x002f0558                system__secondary_stack__memoryIP
                0x0029fe6c                cbtc_lcap_pre_itf_application__s_lire_info_msg_ats_pas_tcs_block_cmd
                0x0019d774                cbtc_app_data_ligne_types__Tt_tab_alarme_sqv_1_acquittableBIP
                0x0014ec8c                csd_lcap_lcvo_vl__t_echanges_directs_cap_vers_cvoIP
                0x00143bbc                csd_vl_niveau_1__t_descripteur_table_configuration_a_creerIP
                0x002f629c                system__wch_con__get_wc_encoding_method
                0x001ab340                cbtc_app_data_train__s_lire_alarme_evacuation_voyageur
                0x00186df4                trait_ouragan_fam46__s_executer
                0x002f7c70                __gnat_opendir
                0x002c1468                system__tasking__debug__print_current_task
                0x0019a470                cbtc_app_data_ltv__s_ecrire_tab_ltv_existe_pas
                0x001d7030                cbtc_lcap_cfg_types_maint_mes___elabs
                0x003283c8                qFifoGet
                0x003171ac                cacheClear
                0x00313a8c                bsearch
                0x002f7184                __gnat_to_canonical_path_spec
                0x002d8ebc                ada__exceptions__wide_wide_exception_name__2
                0x001a3264                cbtc_app_data_ze_types__Tt_tab_localisation_evacuation_voyageurBIP
                0x003289fc                qCalibrate
                0x002775dc                cbtc_lcap_com_types_pas_pae__Tt_tab_tri_messagesBIP
                0x001d6254                cbtc_lcap_cfg_bouchon___elabb
                0x002f53a0                system__val_llu__value_long_long_unsigned
                0x00277714                cbtc_lcap_com_types_pas_pae__Tt_tab_messages_pae_eqpt_suiviBIP
                0x00153acc                csd_vl_niveau_3__t_descripteur_vlr_redondeeIP
                0x002edf18                system__finalization_root___size
                0x0013e948                csd_ut_vl__offset_tampon_vle_non_diffusee
                0x0010d980                sysTempeVeatClear
                0x001c1584                cbtc_app_msg_services__s_trouver_no_quai_fq
                0x001a3c50                cbtc_app_data_ze__s_ecrire_acquittement_alarme_perte_d_integrite
                0x0018ce88                trait_ouragan_fam37__s_executer
                0x001190c4                bsp_hook_post_mortem__address_exception_context
                0x001ab7c0                cbtc_app_data_train__s_lire_tab_offset_cv_cible_droit_stop_assure
                0x002f5294                system__val_llu__scan_long_long_unsigned
                0x001d64ac                cbtc_lcap_cfg_bouchon__s_lire_version_pae_rev
                0x0012d9e4                cbtc_fonctions_systeme__seq_proteger_des_destructions_transit_souple__activer
                0x002f752c                __gnat_is_regular_file
                0x001c0f24                cbtc_app_msg_services__Tt_tab_etat_vers_positionBIP
                0x00140230                csd_lcap_bsp__bsp_cme_csd_voie_1__masquer_itX
                0x001150fc                sysPciInByte
                0x002e1990                ada__text_io__get_immediate__4
                0x00297d48                cbtc_lcap_pre_msg_pal_pas__Tt_tab_pal_pas_ctx_applicable_ltv_emisBIP
                0x00143088                csd_bouchon__lire_informations_bouchon
                0x00116754                BSP_CSD_PPC_Spi_Write_Cs_High
                0x00265da0                cbtc_lcap_cfg_pas_ats_ctx_interd_mode__nouvelle_vlr_redondee_non_de_securite
                0x0029e514                cbtc_lcap_pre_itf_application__s_ecrire_info_msg_pas_ats_tcs_sqv_acq
                0x001bbfa0                cbtc_app_par_cf_gen__s_adresse_inv_troncon_voie
                0x002fa640                ada__text_io__generic_aux__string_skip
                0x002dec6c                ada__text_io__set_error
                0x00266820                cbtc_lcap_cfg_pas_ats_sup_train__nouvelle_vle_non_de_securite
                0x0014fc14                csd_lcap_traceur__tracer
                0x0025be20                cbtc_lcap_com_sam_maint_ats__gestion_messages_a_ecrire__t_pt_message_niveau_3IPX
                0x00324b94                tyAbortFuncSet
                0x001d3fe4                csd_types_vl__Tt_tab_infos_vl_csdBIP
                0x002ba59c                system__interrupts__handler_assocIP
                0x0019e6d0                cbtc_app_data_ligne__s_lire_acquittement_alarme_sqv_1
                0x00136300                cbtc_fonctions_systeme__comb_propager_mt_fonc_croissant__evaluer
                0x00116ea8                dbg_free
                0x002cb95c                system__tasking__stages__terminate_task
                0x0011b234                cbtc_app_aut_coupleur__Tt_tab_quai_lmnsBIP
                0x00301af8                excVecBaseGet
                0x00119e5c                bsp_cme_services_de_base_sam__offset_zone_cme
                0x00115f30                usrKernelCoreInit
                0x002e5d5c                interfaces__c__to_ada__2
                0x0011c518                cbtc_fonctions_systeme__comb_g_choisir_entree_aiguille_terrain_int__evaluer
                0x00107cc4                sysMotVpdPktGet
                0x002e62bc                system__arith_64__subtract_with_ovflo_check
                0x002f8208                __gnat_current_time
                0x002c8514                system__tasking__rendezvous__timed_task_entry_call
                0x0031f900                iosWrite
                0x0010db70                sysL2CacheFlush
                0x0028e580                cbtc_lcap_com_types_pas_sam__Tt_tab_infos_liaisons_pas_paeBIP
                0x00302594                vxDsisrSet
                0x00334b68                memAddToPool
                0x002ce76c                system__tasking__protected_objects__operations__cancelled
                0x00292574                cbtc_lcap_cfg_types_maint_frontam__s_adresse_taille_donnees
                0x00144038                csd_vl_niveau_1__longueur_max_message__4
                0x002d8650                ada__exceptions__save_occurrence
                0x0031f42c                iosFdSet
                0x002d958c                ada__finalization__finalize__2
                0x00145a58                csd_vl_niveau_1__ajouter_a_liste_vl
                0x0030bbc8                __rtti_attr
                0x002f9430                getpid
                0x002e743c                system__exception_table__equal
                0x002ded0c                ada__text_io__put__2
                0x00293048                cbtc_app_maintenance_frontam__s_get_bits
                0x003306c0                taskNameToId
                0x001126b4                sysProbeErrClr
                0x002ffc08                CSD_LCAP_AT_CPU_LOAD_STORE
                0x001cb370                cbtc_lcap_com_types_vl_init_cier___elabs
                0x001c37dc                cbtc_app_msg_pae_fq_recu__s_traiter_msg
                0x0019b81c                cbtc_app_data_tc__s_lire_msg_rejet_cmd_sqv
                0x001485cc                csd_vl_niveau_2(...)(char, long double, int, long double,...)
                0x002b7ef4                csd_lcap_sequenceur__P4bIP
                0x0025b188                cbtc_lcap_com_types_frontam__Tt_tab_donnees_liaison_frontamBIP
                0x001b8bec                cbtc_app_par_cf_gen__s_adresse_inv_etat_zone_equipee
                0x001a6dd0                cbtc_app_data_cv__s_lire_tab_pae_vitesse
                0x00328994                qGetExpired
                0x00328a5c                qEach
                0x001a404c                cbtc_app_data_ze__s_ecrire_acquittement_alarme_sqv_2
                0x0014ec64                csd_lcap_lcvo_vl__t_caracteristiques_vlIP
                0x002f04ec                system__restrictions__abort_allowed
                0x00129490                cbtc_fonctions_systeme__comb_g_synthetiser_etat_panne_cdv__evaluer
                0x0010e4e4                sysClkRateSet
                0x001a76d8                cbtc_app_data_cv__s_ecrire_pae_stop_assurance_localisation
                0x00313e44                qsort
                0x0027c2a8                cbtc_lcap_cfg_pas_pae_eqpt_suivi__gestion_messages_lus__nouveau_message_niveau_3X
                0x001a6318                cbtc_app_par_cf_types__Tt_tab_msg_ats_aide_operation_eqpt_solBIP
                0x0019d66c                cbtc_app_data_ligne_types__Tt_tab_cbtc_olzBIP
                0x002961d4                cbtc_lcap_cfg_pal_pas__Tt_g_tab_vle_pas_pal_ctx_applique_ltvBIP
                0x001a8ea0                cbtc_app_gestion_maint_types__Tt_tab_donnees_maintenanceBIP
                0x0031f210                iosNextDevGet
                0x002a9fb0                cbtc_lcap_cfg_pas_pas__generer_message_zc_zc_ba
                0x003348a4                memPartBlockIsValid
                0x0019e258                cbtc_app_data_ligne__s_lire_autorisation_franchissement_sig
                0x00199e84                cbtc_app_data_ltv__s_lire_pal_contextes_connus_tous_les_pas
                0x0011ad1c                cbtc_lcap_tim_archi__Oge
                0x002a0b50                cbtc_lcap_cfg_pas_sam___elabb
                0x002e6084                system__arith_64__Omultiply
                0x0027f300                cbtc_lcap_cfg_pas_pae_synchro_emi(...)(char, long double, int, long double,...)
                0x0013eac8                csd_lcap_bsp__bsp_cme_csd_voie_2__t_vmeconfIPX
                0x001a78a4                cbtc_app_data_cv__s_ecrire_pae_vitesse
                0x0011a5c0                cbtc_lcap_tim__s_from_time_modulo_32
                0x002fcd6c                CSD_LCAP_AT_CPU_TEST_CRR__
                0x00115550                usrBootLineCrack
                0x00293c40                cbtc_lcap_cfg_sam_commande(long, int, long double,...)